../Core/Src/main.c:247:5:main	336	static
../Core/Src/main.c:1075:6:SystemClock_Config	88	static
../Core/Src/main.c:1119:13:MX_TIM1_Init	56	static
../Core/Src/main.c:1180:13:MX_TIM2_Init	56	static
../Core/Src/main.c:1239:13:MX_TIM3_Init	56	static
../Core/Src/main.c:1286:13:MX_TIM4_Init	56	static
../Core/Src/main.c:1333:13:MX_TIM5_Init	40	static
../Core/Src/main.c:1375:13:MX_TIM8_Init	120	static
../Core/Src/main.c:1457:13:MX_TIM15_Init	120	static
../Core/Src/main.c:1529:13:MX_TIM16_Init	8	static
../Core/Src/main.c:1562:13:MX_USART2_UART_Init	8	static
../Core/Src/main.c:1605:13:MX_DMA_Init	16	static
../Core/Src/main.c:1626:13:MX_GPIO_Init	48	static
../Core/Src/main.c:1721:7:map	32	static
../Core/Src/main.c:1725:6:DWT_Init	4	static
../Core/Src/main.c:1729:6:HAL_GPIO_EXTI_Callback	32	static
../Core/Src/main.c:1787:6:HAL_TIM_PeriodElapsedCallback	24	static
../Core/Src/main.c:1792:10:micros	12	static
../Core/Src/main.c:1796:7:PID_Update	64	static
../Core/Src/main.c:1828:6:Revolute_PosVel_Update	48	static
../Core/Src/main.c:1884:6:Prismatic_PosVel_Update	48	static
../Core/Src/main.c:1934:6:Set_Motor	24	static
../Core/Src/main.c:1957:6:Set_Servo	16	static
../Core/Src/main.c:1968:6:Reset_R	4	static
../Core/Src/main.c:1972:6:Reset_P	4	static
../Core/Src/main.c:1977:6:Get_QRIdata	24	static
../Core/Src/main.c:1998:6:Error_Handler	4	static,ignoring_inline_asm
