../Core/Src/main.c:209:5:main	208	static
../Core/Src/main.c:838:6:SystemClock_Config	88	static
../Core/Src/main.c:882:13:MX_TIM1_Init	56	static
../Core/Src/main.c:943:13:MX_TIM2_Init	56	static
../Core/Src/main.c:1002:13:MX_TIM3_Init	56	static
../Core/Src/main.c:1049:13:MX_TIM4_Init	56	static
../Core/Src/main.c:1096:13:MX_TIM5_Init	40	static
../Core/Src/main.c:1138:13:MX_TIM8_Init	120	static
../Core/Src/main.c:1220:13:MX_TIM15_Init	120	static
../Core/Src/main.c:1292:13:MX_TIM16_Init	8	static
../Core/Src/main.c:1325:13:MX_USART2_UART_Init	8	static
../Core/Src/main.c:1368:13:MX_DMA_Init	16	static
../Core/Src/main.c:1389:13:MX_GPIO_Init	48	static
../Core/Src/main.c:1478:7:map	32	static
../Core/Src/main.c:1482:6:DWT_Init	4	static
../Core/Src/main.c:1486:6:HAL_GPIO_EXTI_Callback	32	static
../Core/Src/main.c:1539:6:HAL_TIM_PeriodElapsedCallback	24	static
../Core/Src/main.c:1544:10:micros	12	static
../Core/Src/main.c:1548:7:PID_Update	64	static
../Core/Src/main.c:1580:6:Revolute_PosVel_Update	48	static
../Core/Src/main.c:1634:6:Prismatic_PosVel_Update	48	static
../Core/Src/main.c:1684:6:Set_Motor	24	static
../Core/Src/main.c:1707:6:Set_Servo	16	static
../Core/Src/main.c:1718:6:Reset_R	4	static
../Core/Src/main.c:1722:6:Reset_P	4	static
../Core/Src/main.c:1732:6:Error_Handler	4	static,ignoring_inline_asm
