../Core/Src/main.c:247:5:main	296	static
../Core/Src/main.c:923:6:SystemClock_Config	88	static
../Core/Src/main.c:970:13:MX_TIM1_Init	56	static
../Core/Src/main.c:1036:13:MX_TIM2_Init	56	static
../Core/Src/main.c:1100:13:MX_TIM3_Init	56	static
../Core/Src/main.c:1149:13:MX_TIM4_Init	56	static
../Core/Src/main.c:1198:13:MX_TIM5_Init	40	static
../Core/Src/main.c:1243:13:MX_TIM8_Init	120	static
../Core/Src/main.c:1329:13:MX_TIM15_Init	120	static
../Core/Src/main.c:1405:13:MX_TIM16_Init	8	static
../Core/Src/main.c:1441:13:MX_USART2_UART_Init	8	static
../Core/Src/main.c:1487:13:MX_DMA_Init	16	static
../Core/Src/main.c:1509:13:MX_GPIO_Init	48	static
../Core/Src/main.c:1604:7:map	32	static
../Core/Src/main.c:1608:6:DWT_Init	4	static
../Core/Src/main.c:1612:6:HAL_GPIO_EXTI_Callback	32	static
../Core/Src/main.c:1670:6:HAL_TIM_PeriodElapsedCallback	24	static
../Core/Src/main.c:1675:10:micros	12	static
../Core/Src/main.c:1679:7:PID_Update	64	static
../Core/Src/main.c:1711:6:Revolute_PosVel_Update	48	static
../Core/Src/main.c:1765:6:Prismatic_PosVel_Update	48	static
../Core/Src/main.c:1815:6:Set_Motor	24	static
../Core/Src/main.c:1838:6:Set_Servo	16	static
../Core/Src/main.c:1849:6:Reset_R	4	static
../Core/Src/main.c:1853:6:Reset_P	4	static
../Core/Src/main.c:1858:6:Get_QRIdata	24	static
../Core/Src/main.c:1879:6:Error_Handler	4	static,ignoring_inline_asm
