../Core/Src/main.c:359:5:main	240	static
../Core/Src/main.c:1116:6:SystemClock_Config	88	static
../Core/Src/main.c:1160:13:MX_TIM1_Init	56	static
../Core/Src/main.c:1221:13:MX_TIM2_Init	56	static
../Core/Src/main.c:1280:13:MX_TIM3_Init	56	static
../Core/Src/main.c:1327:13:MX_TIM4_Init	56	static
../Core/Src/main.c:1374:13:MX_TIM5_Init	40	static
../Core/Src/main.c:1416:13:MX_TIM8_Init	120	static
../Core/Src/main.c:1498:13:MX_TIM15_Init	120	static
../Core/Src/main.c:1570:13:MX_TIM16_Init	8	static
../Core/Src/main.c:1603:13:MX_USART2_UART_Init	8	static
../Core/Src/main.c:1646:13:MX_DMA_Init	16	static
../Core/Src/main.c:1667:13:MX_GPIO_Init	48	static
../Core/Src/main.c:1768:7:updateAndGetOvershoot	32	static
../Core/Src/main.c:1788:6:PenDelay	88	static
../Core/Src/main.c:1823:7:map	32	static
../Core/Src/main.c:1827:6:DWT_Init	4	static
../Core/Src/main.c:1831:6:HAL_GPIO_EXTI_Callback	32	static
../Core/Src/main.c:1889:6:HAL_TIM_PeriodElapsedCallback	24	static
../Core/Src/main.c:1894:10:micros	12	static
../Core/Src/main.c:1898:7:PID_Update	64	static
../Core/Src/main.c:1930:6:Revolute_PosVel_Update	48	static
../Core/Src/main.c:1989:6:Prismatic_PosVel_Update	48	static
../Core/Src/main.c:2042:6:Set_Motor	24	static
../Core/Src/main.c:2065:6:Set_Servo	16	static
../Core/Src/main.c:2076:6:Reset_R	4	static
../Core/Src/main.c:2080:6:Reset_P	4	static
../Core/Src/main.c:2085:6:Workspace_limit	8	static
../Core/Src/main.c:2100:6:Get_QRIdata	24	static
../Core/Src/main.c:2116:7:Trapezoidal_CalcTotalTime	40	static
../Core/Src/main.c:2128:7:Trapezoidal_CalcVmaxFromTime	40	static
../Core/Src/main.c:2139:6:InverseKinematics	24	static
../Core/Src/main.c:2144:6:TrapezoidStep	16	static
../Core/Src/main.c:2178:6:PIDStep	24	static
../Core/Src/main.c:2216:5:ToleranceCheck	16	static
../Core/Src/main.c:2234:5:CascadeControl_Step	24	static
../Core/Src/main.c:2274:6:Error_Handler	4	static,ignoring_inline_asm
