../Core/Src/main.c:264:5:main	416	static
../Core/Src/main.c:1153:6:SystemClock_Config	88	static
../Core/Src/main.c:1197:13:MX_TIM1_Init	56	static
../Core/Src/main.c:1258:13:MX_TIM2_Init	56	static
../Core/Src/main.c:1317:13:MX_TIM3_Init	56	static
../Core/Src/main.c:1364:13:MX_TIM4_Init	56	static
../Core/Src/main.c:1411:13:MX_TIM5_Init	40	static
../Core/Src/main.c:1453:13:MX_TIM8_Init	120	static
../Core/Src/main.c:1535:13:MX_TIM15_Init	120	static
../Core/Src/main.c:1607:13:MX_TIM16_Init	8	static
../Core/Src/main.c:1640:13:MX_USART2_UART_Init	8	static
../Core/Src/main.c:1683:13:MX_DMA_Init	16	static
../Core/Src/main.c:1704:13:MX_GPIO_Init	48	static
../Core/Src/main.c:1799:7:map	32	static
../Core/Src/main.c:1803:6:DWT_Init	4	static
../Core/Src/main.c:1807:6:HAL_GPIO_EXTI_Callback	32	static
../Core/Src/main.c:1865:6:HAL_TIM_PeriodElapsedCallback	24	static
../Core/Src/main.c:1870:10:micros	12	static
../Core/Src/main.c:1874:7:PID_Update	64	static
../Core/Src/main.c:1906:6:Revolute_PosVel_Update	48	static
../Core/Src/main.c:1962:6:Prismatic_PosVel_Update	48	static
../Core/Src/main.c:2012:6:Set_Motor	24	static
../Core/Src/main.c:2035:6:Set_Servo	16	static
../Core/Src/main.c:2046:6:Reset_R	4	static
../Core/Src/main.c:2050:6:Reset_P	4	static
../Core/Src/main.c:2055:6:Workspace_limit	8	static
../Core/Src/main.c:2070:6:Get_QRIdata	24	static
../Core/Src/main.c:2091:6:Error_Handler	4	static,ignoring_inline_asm
