../Core/Src/main.c:240:5:main	200	static
../Core/Src/main.c:897:6:SystemClock_Config	88	static
../Core/Src/main.c:941:13:MX_TIM1_Init	56	static
../Core/Src/main.c:1002:13:MX_TIM2_Init	56	static
../Core/Src/main.c:1061:13:MX_TIM3_Init	56	static
../Core/Src/main.c:1108:13:MX_TIM4_Init	56	static
../Core/Src/main.c:1155:13:MX_TIM5_Init	40	static
../Core/Src/main.c:1197:13:MX_TIM8_Init	120	static
../Core/Src/main.c:1279:13:MX_TIM15_Init	120	static
../Core/Src/main.c:1351:13:MX_TIM16_Init	8	static
../Core/Src/main.c:1384:13:MX_USART2_UART_Init	8	static
../Core/Src/main.c:1427:13:MX_DMA_Init	16	static
../Core/Src/main.c:1448:13:MX_GPIO_Init	48	static
../Core/Src/main.c:1537:7:map	32	static
../Core/Src/main.c:1541:6:DWT_Init	4	static
../Core/Src/main.c:1545:6:HAL_GPIO_EXTI_Callback	32	static
../Core/Src/main.c:1598:6:HAL_TIM_PeriodElapsedCallback	24	static
../Core/Src/main.c:1603:10:micros	12	static
../Core/Src/main.c:1607:7:PID_Update	64	static
../Core/Src/main.c:1639:6:Revolute_PosVel_Update	48	static
../Core/Src/main.c:1693:6:Prismatic_PosVel_Update	48	static
../Core/Src/main.c:1743:6:Set_Motor	24	static
../Core/Src/main.c:1766:6:Set_Servo	16	static
../Core/Src/main.c:1777:6:Reset_R	4	static
../Core/Src/main.c:1781:6:Reset_P	4	static
../Core/Src/main.c:1801:6:Error_Handler	4	static,ignoring_inline_asm
