../Core/Src/main.c:328:5:main	192	static
../Core/Src/main.c:1055:6:SystemClock_Config	88	static
../Core/Src/main.c:1099:13:MX_TIM1_Init	56	static
../Core/Src/main.c:1160:13:MX_TIM2_Init	56	static
../Core/Src/main.c:1219:13:MX_TIM3_Init	56	static
../Core/Src/main.c:1266:13:MX_TIM4_Init	56	static
../Core/Src/main.c:1313:13:MX_TIM5_Init	40	static
../Core/Src/main.c:1355:13:MX_TIM8_Init	120	static
../Core/Src/main.c:1437:13:MX_TIM15_Init	120	static
../Core/Src/main.c:1509:13:MX_TIM16_Init	8	static
../Core/Src/main.c:1542:13:MX_USART2_UART_Init	8	static
../Core/Src/main.c:1585:13:MX_DMA_Init	16	static
../Core/Src/main.c:1606:13:MX_GPIO_Init	48	static
../Core/Src/main.c:1707:7:map	32	static
../Core/Src/main.c:1711:6:DWT_Init	4	static
../Core/Src/main.c:1715:6:HAL_GPIO_EXTI_Callback	32	static
../Core/Src/main.c:1773:6:HAL_TIM_PeriodElapsedCallback	24	static
../Core/Src/main.c:1778:10:micros	12	static
../Core/Src/main.c:1782:7:PID_Update	64	static
../Core/Src/main.c:1814:6:Revolute_PosVel_Update	48	static
../Core/Src/main.c:1873:6:Prismatic_PosVel_Update	48	static
../Core/Src/main.c:1926:6:Set_Motor	24	static
../Core/Src/main.c:1949:6:Set_Servo	16	static
../Core/Src/main.c:1960:6:Reset_R	4	static
../Core/Src/main.c:1964:6:Reset_P	4	static
../Core/Src/main.c:1969:6:Workspace_limit	8	static
../Core/Src/main.c:1984:6:Get_QRIdata	24	static
../Core/Src/main.c:2000:7:Trapezoidal_CalcTotalTime	40	static
../Core/Src/main.c:2012:7:Trapezoidal_CalcVmaxFromTime	40	static
../Core/Src/main.c:2023:6:TrapezoidStep	16	static
../Core/Src/main.c:2057:6:PIDStep	24	static
../Core/Src/main.c:2095:5:ToleranceCheck	16	static
../Core/Src/main.c:2113:5:CascadeControl_Step	24	static
../Core/Src/main.c:2263:6:Error_Handler	4	static,ignoring_inline_asm
