../Core/Src/main.c:352:5:main	240	static
../Core/Src/main.c:1108:6:SystemClock_Config	88	static
../Core/Src/main.c:1152:13:MX_TIM1_Init	56	static
../Core/Src/main.c:1213:13:MX_TIM2_Init	56	static
../Core/Src/main.c:1272:13:MX_TIM3_Init	56	static
../Core/Src/main.c:1319:13:MX_TIM4_Init	56	static
../Core/Src/main.c:1366:13:MX_TIM5_Init	40	static
../Core/Src/main.c:1408:13:MX_TIM8_Init	120	static
../Core/Src/main.c:1490:13:MX_TIM15_Init	120	static
../Core/Src/main.c:1562:13:MX_TIM16_Init	8	static
../Core/Src/main.c:1595:13:MX_USART2_UART_Init	8	static
../Core/Src/main.c:1638:13:MX_DMA_Init	16	static
../Core/Src/main.c:1659:13:MX_GPIO_Init	48	static
../Core/Src/main.c:1760:6:PenDelay	88	static
../Core/Src/main.c:1793:7:map	32	static
../Core/Src/main.c:1797:6:DWT_Init	4	static
../Core/Src/main.c:1801:6:HAL_GPIO_EXTI_Callback	32	static
../Core/Src/main.c:1859:6:HAL_TIM_PeriodElapsedCallback	24	static
../Core/Src/main.c:1864:10:micros	12	static
../Core/Src/main.c:1868:7:PID_Update	64	static
../Core/Src/main.c:1900:6:Revolute_PosVel_Update	48	static
../Core/Src/main.c:1959:6:Prismatic_PosVel_Update	48	static
../Core/Src/main.c:2012:6:Set_Motor	24	static
../Core/Src/main.c:2035:6:Set_Servo	16	static
../Core/Src/main.c:2046:6:Reset_R	4	static
../Core/Src/main.c:2050:6:Reset_P	4	static
../Core/Src/main.c:2055:6:Workspace_limit	8	static
../Core/Src/main.c:2070:6:Get_QRIdata	24	static
../Core/Src/main.c:2086:7:Trapezoidal_CalcTotalTime	40	static
../Core/Src/main.c:2098:7:Trapezoidal_CalcVmaxFromTime	40	static
../Core/Src/main.c:2109:6:InverseKinematics	24	static
../Core/Src/main.c:2114:6:TrapezoidStep	16	static
../Core/Src/main.c:2148:6:PIDStep	24	static
../Core/Src/main.c:2186:5:ToleranceCheck	16	static
../Core/Src/main.c:2204:5:CascadeControl_Step	24	static
../Core/Src/main.c:2244:6:Error_Handler	4	static,ignoring_inline_asm
