../Core/Src/main.c:193:5:main	200	static
../Core/Src/main.c:784:6:SystemClock_Config	88	static
../Core/Src/main.c:831:13:MX_TIM1_Init	56	static
../Core/Src/main.c:897:13:MX_TIM2_Init	56	static
../Core/Src/main.c:961:13:MX_TIM3_Init	56	static
../Core/Src/main.c:1010:13:MX_TIM4_Init	56	static
../Core/Src/main.c:1059:13:MX_TIM5_Init	40	static
../Core/Src/main.c:1104:13:MX_TIM8_Init	120	static
../Core/Src/main.c:1190:13:MX_TIM15_Init	120	static
../Core/Src/main.c:1266:13:MX_GPIO_Init	48	static
../Core/Src/main.c:1363:7:map	32	static
../Core/Src/main.c:1367:6:DWT_Init	4	static
../Core/Src/main.c:1371:6:HAL_GPIO_EXTI_Callback	32	static
../Core/Src/main.c:1419:6:HAL_TIM_PeriodElapsedCallback	24	static
../Core/Src/main.c:1424:10:micros	12	static
../Core/Src/main.c:1428:7:PID_Update	64	static
../Core/Src/main.c:1460:6:Revolute_PosVel_Update	48	static
../Core/Src/main.c:1508:6:Prismatic_PosVel_Update	48	static
../Core/Src/main.c:1553:6:Set_Motor	24	static
../Core/Src/main.c:1575:6:Set_Servo	16	static
../Core/Src/main.c:1583:6:Reset_R	4	static
../Core/Src/main.c:1587:6:Reset_P	4	static
../Core/Src/main.c:1597:6:Error_Handler	4	static,ignoring_inline_asm
