../Core/Src/main.c:215:5:main	200	static
../Core/Src/main.c:827:6:SystemClock_Config	88	static
../Core/Src/main.c:874:13:MX_TIM1_Init	56	static
../Core/Src/main.c:940:13:MX_TIM2_Init	56	static
../Core/Src/main.c:1004:13:MX_TIM3_Init	56	static
../Core/Src/main.c:1053:13:MX_TIM4_Init	56	static
../Core/Src/main.c:1102:13:MX_TIM5_Init	40	static
../Core/Src/main.c:1147:13:MX_TIM8_Init	120	static
../Core/Src/main.c:1233:13:MX_TIM15_Init	120	static
../Core/Src/main.c:1309:13:MX_GPIO_Init	48	static
../Core/Src/main.c:1406:7:map	32	static
../Core/Src/main.c:1410:6:DWT_Init	4	static
../Core/Src/main.c:1414:6:HAL_GPIO_EXTI_Callback	32	static
../Core/Src/main.c:1462:6:HAL_TIM_PeriodElapsedCallback	24	static
../Core/Src/main.c:1467:10:micros	12	static
../Core/Src/main.c:1471:7:PID_Update	64	static
../Core/Src/main.c:1503:6:Revolute_PosVel_Update	48	static
../Core/Src/main.c:1551:6:Prismatic_PosVel_Update	48	static
../Core/Src/main.c:1596:6:Set_Motor	24	static
../Core/Src/main.c:1618:6:Set_Servo	16	static
../Core/Src/main.c:1629:6:Reset_R	4	static
../Core/Src/main.c:1633:6:Reset_P	4	static
../Core/Src/main.c:1643:6:Error_Handler	4	static,ignoring_inline_asm
