../Core/Src/main.c:338:5:main	168	static
../Core/Src/main.c:1063:6:SystemClock_Config	88	static
../Core/Src/main.c:1109:13:MX_TIM1_Init	56	static
../Core/Src/main.c:1174:13:MX_TIM2_Init	56	static
../Core/Src/main.c:1237:13:MX_TIM3_Init	56	static
../Core/Src/main.c:1285:13:MX_TIM4_Init	56	static
../Core/Src/main.c:1333:13:MX_TIM5_Init	40	static
../Core/Src/main.c:1377:13:MX_TIM8_Init	120	static
../Core/Src/main.c:1462:13:MX_TIM15_Init	120	static
../Core/Src/main.c:1537:13:MX_TIM16_Init	8	static
../Core/Src/main.c:1572:13:MX_USART2_UART_Init	8	static
../Core/Src/main.c:1617:13:MX_DMA_Init	16	static
../Core/Src/main.c:1638:13:MX_GPIO_Init	48	static
../Core/Src/main.c:1740:6:PenDelay	16	static
../Core/Src/main.c:1759:7:map	32	static
../Core/Src/main.c:1764:6:DWT_Init	4	static
../Core/Src/main.c:1769:6:HAL_GPIO_EXTI_Callback	32	static
../Core/Src/main.c:1842:6:HAL_TIM_PeriodElapsedCallback	24	static
../Core/Src/main.c:1849:10:micros	12	static
../Core/Src/main.c:1854:7:PID_Update	64	static
../Core/Src/main.c:1887:6:Revolute_PosVel_Update	48	static
../Core/Src/main.c:1941:6:Prismatic_PosVel_Update	48	static
../Core/Src/main.c:1989:6:Set_Motor	24	static
../Core/Src/main.c:2022:6:Set_Servo	16	static
../Core/Src/main.c:2037:6:Reset_R	4	static
../Core/Src/main.c:2042:6:Reset_P	4	static
../Core/Src/main.c:2048:6:Workspace_limit	8	static
../Core/Src/main.c:2068:6:Get_QRIdata	24	static
../Core/Src/main.c:2085:7:Trapezoidal_CalcTotalTime	40	static
../Core/Src/main.c:2099:7:Trapezoidal_CalcVmaxFromTime	40	static
../Core/Src/main.c:2112:6:TrapezoidStep	16	static
../Core/Src/main.c:2149:6:PIDStep	24	static
../Core/Src/main.c:2189:5:ToleranceCheck	16	static
../Core/Src/main.c:2213:5:CascadeControl_Step	24	static
../Core/Src/main.c:2255:6:Error_Handler	4	static,ignoring_inline_asm
