../Core/Src/ModBusRTU.c:24:6:modbus_1t5_Timeout	4	static
../Core/Src/ModBusRTU.c:32:6:modbus_3t5_Timeout	16	static
../Core/Src/ModBusRTU.c:38:6:modbus_ErrorTimeout	16	static
../Core/Src/ModBusRTU.c:45:6:Modbus_init	16	static
../Core/Src/ModBusRTU.c:121:16:CRC16	24	static
../Core/Src/ModBusRTU.c:138:6:ResetAllTargets	16	static
../Core/Src/ModBusRTU.c:144:6:Modbus_Protocal_Worker	16	static
../Core/Src/ModBusRTU.c:326:6:modbusWrite1Register	16	static
../Core/Src/ModBusRTU.c:347:6:modbusRead1Register	24	static
../Core/Src/ModBusRTU.c:381:6:ModbusErrorReply	16	static
../Core/Src/ModBusRTU.c:387:6:Modbus_frame_response	8	static
../Core/Src/ModBusRTU.c:403:6:Modbus_Emission	16	static
