Archive member included to satisfy reference by file (symbol)

C:/ST/STM32CubeIDE_1.16.0/STM32CubeIDE/plugins/com.st.stm32cube.ide.mcu.externaltools.gnu-tools-for-stm32.13.3.rel1.win32_1.0.0.202411081344/tools/bin/../lib/gcc/arm-none-eabi/13.3.1/../../../../arm-none-eabi/lib/thumb/v7e-m+fp/hard\libc_nano.a(libc_a-exit.o)
                              C:/ST/STM32CubeIDE_1.16.0/STM32CubeIDE/plugins/com.st.stm32cube.ide.mcu.externaltools.gnu-tools-for-stm32.13.3.rel1.win32_1.0.0.202411081344/tools/bin/../lib/gcc/arm-none-eabi/13.3.1/../../../../arm-none-eabi/lib/thumb/v7e-m+fp/hard/crt0.o (exit)
C:/ST/STM32CubeIDE_1.16.0/STM32CubeIDE/plugins/com.st.stm32cube.ide.mcu.externaltools.gnu-tools-for-stm32.13.3.rel1.win32_1.0.0.202411081344/tools/bin/../lib/gcc/arm-none-eabi/13.3.1/../../../../arm-none-eabi/lib/thumb/v7e-m+fp/hard\libc_nano.a(libc_a-findfp.o)
                              C:/ST/STM32CubeIDE_1.16.0/STM32CubeIDE/plugins/com.st.stm32cube.ide.mcu.externaltools.gnu-tools-for-stm32.13.3.rel1.win32_1.0.0.202411081344/tools/bin/../lib/gcc/arm-none-eabi/13.3.1/../../../../arm-none-eabi/lib/thumb/v7e-m+fp/hard\libc_nano.a(libc_a-exit.o) (__stdio_exit_handler)
C:/ST/STM32CubeIDE_1.16.0/STM32CubeIDE/plugins/com.st.stm32cube.ide.mcu.externaltools.gnu-tools-for-stm32.13.3.rel1.win32_1.0.0.202411081344/tools/bin/../lib/gcc/arm-none-eabi/13.3.1/../../../../arm-none-eabi/lib/thumb/v7e-m+fp/hard\libc_nano.a(libc_a-fwalk.o)
                              C:/ST/STM32CubeIDE_1.16.0/STM32CubeIDE/plugins/com.st.stm32cube.ide.mcu.externaltools.gnu-tools-for-stm32.13.3.rel1.win32_1.0.0.202411081344/tools/bin/../lib/gcc/arm-none-eabi/13.3.1/../../../../arm-none-eabi/lib/thumb/v7e-m+fp/hard\libc_nano.a(libc_a-findfp.o) (_fwalk_sglue)
C:/ST/STM32CubeIDE_1.16.0/STM32CubeIDE/plugins/com.st.stm32cube.ide.mcu.externaltools.gnu-tools-for-stm32.13.3.rel1.win32_1.0.0.202411081344/tools/bin/../lib/gcc/arm-none-eabi/13.3.1/../../../../arm-none-eabi/lib/thumb/v7e-m+fp/hard\libc_nano.a(libc_a-stdio.o)
                              C:/ST/STM32CubeIDE_1.16.0/STM32CubeIDE/plugins/com.st.stm32cube.ide.mcu.externaltools.gnu-tools-for-stm32.13.3.rel1.win32_1.0.0.202411081344/tools/bin/../lib/gcc/arm-none-eabi/13.3.1/../../../../arm-none-eabi/lib/thumb/v7e-m+fp/hard\libc_nano.a(libc_a-findfp.o) (__sread)
C:/ST/STM32CubeIDE_1.16.0/STM32CubeIDE/plugins/com.st.stm32cube.ide.mcu.externaltools.gnu-tools-for-stm32.13.3.rel1.win32_1.0.0.202411081344/tools/bin/../lib/gcc/arm-none-eabi/13.3.1/../../../../arm-none-eabi/lib/thumb/v7e-m+fp/hard\libc_nano.a(libc_a-memset.o)
                              C:/ST/STM32CubeIDE_1.16.0/STM32CubeIDE/plugins/com.st.stm32cube.ide.mcu.externaltools.gnu-tools-for-stm32.13.3.rel1.win32_1.0.0.202411081344/tools/bin/../lib/gcc/arm-none-eabi/13.3.1/../../../../arm-none-eabi/lib/thumb/v7e-m+fp/hard/crt0.o (memset)
C:/ST/STM32CubeIDE_1.16.0/STM32CubeIDE/plugins/com.st.stm32cube.ide.mcu.externaltools.gnu-tools-for-stm32.13.3.rel1.win32_1.0.0.202411081344/tools/bin/../lib/gcc/arm-none-eabi/13.3.1/../../../../arm-none-eabi/lib/thumb/v7e-m+fp/hard\libc_nano.a(libc_a-closer.o)
                              C:/ST/STM32CubeIDE_1.16.0/STM32CubeIDE/plugins/com.st.stm32cube.ide.mcu.externaltools.gnu-tools-for-stm32.13.3.rel1.win32_1.0.0.202411081344/tools/bin/../lib/gcc/arm-none-eabi/13.3.1/../../../../arm-none-eabi/lib/thumb/v7e-m+fp/hard\libc_nano.a(libc_a-stdio.o) (_close_r)
C:/ST/STM32CubeIDE_1.16.0/STM32CubeIDE/plugins/com.st.stm32cube.ide.mcu.externaltools.gnu-tools-for-stm32.13.3.rel1.win32_1.0.0.202411081344/tools/bin/../lib/gcc/arm-none-eabi/13.3.1/../../../../arm-none-eabi/lib/thumb/v7e-m+fp/hard\libc_nano.a(libc_a-reent.o)
                              C:/ST/STM32CubeIDE_1.16.0/STM32CubeIDE/plugins/com.st.stm32cube.ide.mcu.externaltools.gnu-tools-for-stm32.13.3.rel1.win32_1.0.0.202411081344/tools/bin/../lib/gcc/arm-none-eabi/13.3.1/../../../../arm-none-eabi/lib/thumb/v7e-m+fp/hard\libc_nano.a(libc_a-closer.o) (errno)
C:/ST/STM32CubeIDE_1.16.0/STM32CubeIDE/plugins/com.st.stm32cube.ide.mcu.externaltools.gnu-tools-for-stm32.13.3.rel1.win32_1.0.0.202411081344/tools/bin/../lib/gcc/arm-none-eabi/13.3.1/../../../../arm-none-eabi/lib/thumb/v7e-m+fp/hard\libc_nano.a(libc_a-impure.o)
                              C:/ST/STM32CubeIDE_1.16.0/STM32CubeIDE/plugins/com.st.stm32cube.ide.mcu.externaltools.gnu-tools-for-stm32.13.3.rel1.win32_1.0.0.202411081344/tools/bin/../lib/gcc/arm-none-eabi/13.3.1/../../../../arm-none-eabi/lib/thumb/v7e-m+fp/hard\libc_nano.a(libc_a-reent.o) (_impure_ptr)
C:/ST/STM32CubeIDE_1.16.0/STM32CubeIDE/plugins/com.st.stm32cube.ide.mcu.externaltools.gnu-tools-for-stm32.13.3.rel1.win32_1.0.0.202411081344/tools/bin/../lib/gcc/arm-none-eabi/13.3.1/../../../../arm-none-eabi/lib/thumb/v7e-m+fp/hard\libc_nano.a(libc_a-lseekr.o)
[...]
Memory Configuration

Name             Origin             Length             Attributes
RAM              0x20000000         0x00020000         xrw
FLASH            0x08000000         0x00080000         xr
*default*        0x00000000         0xffffffff

Linker script and memory map

LOAD C:/ST/STM32CubeIDE_1.16.0/STM32CubeIDE/plugins/com.st.stm32cube.ide.mcu.externaltools.gnu-tools-for-stm32.13.3.rel1.win32_1.0.0.202411081344/tools/bin/../lib/gcc/arm-none-eabi/13.3.1/thumb/v7e-m+fp/hard/crti.o
LOAD C:/ST/STM32CubeIDE_1.16.0/STM32CubeIDE/plugins/com.st.stm32cube.ide.mcu.externaltools.gnu-tools-for-stm32.13.3.rel1.win32_1.0.0.202411081344/tools/bin/../lib/gcc/arm-none-eabi/13.3.1/thumb/v7e-m+fp/hard/crtbegin.o
LOAD C:/ST/STM32CubeIDE_1.16.0/STM32CubeIDE/plugins/com.st.stm32cube.ide.mcu.externaltools.gnu-tools-for-stm32.13.3.rel1.win32_1.0.0.202411081344/tools/bin/../lib/gcc/arm-none-eabi/13.3.1/../../../../arm-none-eabi/lib/thumb/v7e-m+fp/hard/crt0.o
LOAD ./Core/Src/ModBusRTU.o
LOAD ./Core/Src/Trapezoidal.o
LOAD ./Core/Src/all_path.o
LOAD ./Core/Src/dora.o
LOAD ./Core/Src/main.o
LOAD ./Core/Src/stm32g4xx_hal_msp.o
LOAD ./Core/Src/stm32g4xx_it.o
LOAD ./Core/Src/syscalls.o
LOAD ./Core/Src/sysmem.o
LOAD ./Core/Src/system_stm32g4xx.o
LOAD ./Core/Src/trapezoid_traj.o
LOAD ./Core/Startup/startup_stm32g474retx.o
LOAD ./Drivers/STM32G4xx_HAL_Driver/Src/stm32g4xx_hal.o
LOAD ./Drivers/STM32G4xx_HAL_Driver/Src/stm32g4xx_hal_cortex.o
LOAD ./Drivers/STM32G4xx_HAL_Driver/Src/stm32g4xx_hal_dma.o
LOAD ./Drivers/STM32G4xx_HAL_Driver/Src/stm32g4xx_hal_dma_ex.o
LOAD ./Drivers/STM32G4xx_HAL_Driver/Src/stm32g4xx_hal_exti.o
LOAD ./Drivers/STM32G4xx_HAL_Driver/Src/stm32g4xx_hal_flash.o
LOAD ./Drivers/STM32G4xx_HAL_Driver/Src/stm32g4xx_hal_flash_ex.o
LOAD ./Drivers/STM32G4xx_HAL_Driver/Src/stm32g4xx_hal_flash_ramfunc.o
LOAD ./Drivers/STM32G4xx_HAL_Driver/Src/stm32g4xx_hal_gpio.o
LOAD ./Drivers/STM32G4xx_HAL_Driver/Src/stm32g4xx_hal_pwr.o
LOAD ./Drivers/STM32G4xx_HAL_Driver/Src/stm32g4xx_hal_pwr_ex.o
LOAD ./Drivers/STM32G4xx_HAL_Driver/Src/stm32g4xx_hal_rcc.o
LOAD ./Drivers/STM32G4xx_HAL_Driver/Src/stm32g4xx_hal_rcc_ex.o
LOAD ./Drivers/STM32G4xx_HAL_Driver/Src/stm32g4xx_hal_tim.o
LOAD ./Drivers/STM32G4xx_HAL_Driver/Src/stm32g4xx_hal_tim_ex.o
LOAD ./Drivers/STM32G4xx_HAL_Driver/Src/stm32g4xx_hal_uart.o
LOAD ./Drivers/STM32G4xx_HAL_Driver/Src/stm32g4xx_hal_uart_ex.o
LOAD ./Middlewares/Third_Party/ARM_CMSIS/Source/BasicMathFunctions/BasicMathFunctions.o
LOAD ./Middlewares/Third_Party/ARM_CMSIS/Source/BasicMathFunctions/BasicMathFunctionsF16.o
LOAD ./Middlewares/Third_Party/ARM_CMSIS/Source/BayesFunctions/BayesFunctions.o
LOAD ./Middlewares/Third_Party/ARM_CMSIS/Source/BayesFunctions/BayesFunctionsF16.o
LOAD ./Middlewares/Third_Party/ARM_CMSIS/Source/CommonTables/CommonTables.o
LOAD ./Middlewares/Third_Party/ARM_CMSIS/Source/CommonTables/CommonTablesF16.o
LOAD ./Middlewares/Third_Party/ARM_CMSIS/Source/ComplexMathFunctions/ComplexMathFunctions.o
LOAD ./Middlewares/Third_Party/ARM_CMSIS/Source/ComplexMathFunctions/ComplexMathFunctionsF16.o
LOAD ./Middlewares/Third_Party/ARM_CMSIS/Source/ControllerFunctions/ControllerFunctions.o
LOAD ./Middlewares/Third_Party/ARM_CMSIS/Source/DistanceFunctions/DistanceFunctions.o
LOAD ./Middlewares/Third_Party/ARM_CMSIS/Source/DistanceFunctions/DistanceFunctionsF16.o
LOAD ./Middlewares/Third_Party/ARM_CMSIS/Source/FastMathFunctions/FastMathFunctions.o
LOAD ./Middlewares/Third_Party/ARM_CMSIS/Source/FastMathFunctions/FastMathFunctionsF16.o
LOAD ./Middlewares/Third_Party/ARM_CMSIS/Source/FilteringFunctions/FilteringFunctions.o
LOAD ./Middlewares/Third_Party/ARM_CMSIS/Source/FilteringFunctions/FilteringFunctionsF16.o
LOAD ./Middlewares/Third_Party/ARM_CMSIS/Source/InterpolationFunctions/InterpolationFunctions.o
LOAD ./Middlewares/Third_Party/ARM_CMSIS/Source/InterpolationFunctions/InterpolationFunctionsF16.o
LOAD ./Middlewares/Third_Party/ARM_CMSIS/Source/MatrixFunctions/MatrixFunctions.o
LOAD ./Middlewares/Third_Party/ARM_CMSIS/Source/MatrixFunctions/MatrixFunctionsF16.o
LOAD ./Middlewares/Third_Party/ARM_CMSIS/Source/QuaternionMathFunctions/QuaternionMathFunctions.o
LOAD ./Middlewares/Third_Party/ARM_CMSIS/Source/SVMFunctions/SVMFunctions.o
LOAD ./Middlewares/Third_Party/ARM_CMSIS/Source/SVMFunctions/SVMFunctionsF16.o
LOAD ./Middlewares/Third_Party/ARM_CMSIS/Source/StatisticsFunctions/StatisticsFunctions.o
LOAD ./Middlewares/Third_Party/ARM_CMSIS/Source/StatisticsFunctions/StatisticsFunctionsF16.o
LOAD ./Middlewares/Third_Party/ARM_CMSIS/Source/SupportFunctions/SupportFunctions.o
LOAD ./Middlewares/Third_Party/ARM_CMSIS/Source/SupportFunctions/SupportFunctionsF16.o
LOAD ./Middlewares/Third_Party/ARM_CMSIS/Source/TransformFunctions/TransformFunctions.o
LOAD ./Middlewares/Third_Party/ARM_CMSIS/Source/TransformFunctions/TransformFunctionsF16.o
START GROUP
LOAD C:/ST/STM32CubeIDE_1.16.0/STM32CubeIDE/plugins/com.st.stm32cube.ide.mcu.externaltools.gnu-tools-for-stm32.13.3.rel1.win32_1.0.0.202411081344/tools/bin/../lib/gcc/arm-none-eabi/13.3.1/../../../../arm-none-eabi/lib/thumb/v7e-m+fp/hard\libc_nano.a
LOAD C:/ST/STM32CubeIDE_1.16.0/STM32CubeIDE/plugins/com.st.stm32cube.ide.mcu.externaltools.gnu-tools-for-stm32.13.3.rel1.win32_1.0.0.202411081344/tools/bin/../lib/gcc/arm-none-eabi/13.3.1/../../../../arm-none-eabi/lib/thumb/v7e-m+fp/hard\libm.a
END GROUP
START GROUP
LOAD C:/ST/STM32CubeIDE_1.16.0/STM32CubeIDE/plugins/com.st.stm32cube.ide.mcu.externaltools.gnu-tools-for-stm32.13.3.rel1.win32_1.0.0.202411081344/tools/bin/../lib/gcc/arm-none-eabi/13.3.1/thumb/v7e-m+fp/hard\libgcc.a
LOAD C:/ST/STM32CubeIDE_1.16.0/STM32CubeIDE/plugins/com.st.stm32cube.ide.mcu.externaltools.gnu-tools-for-stm32.13.3.rel1.win32_1.0.0.202411081344/tools/bin/../lib/gcc/arm-none-eabi/13.3.1/../../../../arm-none-eabi/lib/thumb/v7e-m+fp/hard\libc_nano.a
END GROUP
START GROUP
LOAD C:/ST/STM32CubeIDE_1.16.0/STM32CubeIDE/plugins/com.st.stm32cube.ide.mcu.externaltools.gnu-tools-for-stm32.13.3.rel1.win32_1.0.0.202411081344/tools/bin/../lib/gcc/arm-none-eabi/13.3.1/thumb/v7e-m+fp/hard\libgcc.a
LOAD C:/ST/STM32CubeIDE_1.16.0/STM32CubeIDE/plugins/com.st.stm32cube.ide.mcu.externaltools.gnu-tools-for-stm32.13.3.rel1.win32_1.0.0.202411081344/tools/bin/../lib/gcc/arm-none-eabi/13.3.1/../../../../arm-none-eabi/lib/thumb/v7e-m+fp/hard\libc_nano.a
LOAD C:/ST/STM32CubeIDE_1.16.0/STM32CubeIDE/plugins/com.st.stm32cube.ide.mcu.externaltools.gnu-tools-for-stm32.13.3.rel1.win32_1.0.0.202411081344/tools/bin/../lib/gcc/arm-none-eabi/13.3.1/../../../../arm-none-eabi/lib/thumb/v7e-m+fp/hard\libnosys.a
END GROUP
START GROUP
LOAD C:/ST/STM32CubeIDE_1.16.0/STM32CubeIDE/plugins/com.st.stm32cube.ide.mcu.externaltools.gnu-tools-for-stm32.13.3.rel1.win32_1.0.0.202411081344/tools/bin/../lib/gcc/arm-none-eabi/13.3.1/thumb/v7e-m+fp/hard\libgcc.a
LOAD C:/ST/STM32CubeIDE_1.16.0/STM32CubeIDE/plugins/com.st.stm32cube.ide.mcu.externaltools.gnu-tools-for-stm32.13.3.rel1.win32_1.0.0.202411081344/tools/bin/../lib/gcc/arm-none-eabi/13.3.1/../../../../arm-none-eabi/lib/thumb/v7e-m+fp/hard\libc_nano.a
LOAD C:/ST/STM32CubeIDE_1.16.0/STM32CubeIDE/plugins/com.st.stm32cube.ide.mcu.externaltools.gnu-tools-for-stm32.13.3.rel1.win32_1.0.0.202411081344/tools/bin/../lib/gcc/arm-none-eabi/13.3.1/../../../../arm-none-eabi/lib/thumb/v7e-m+fp/hard\libnosys.a
END GROUP
LOAD C:/ST/STM32CubeIDE_1.16.0/STM32CubeIDE/plugins/com.st.stm32cube.ide.mcu.externaltools.gnu-tools-for-stm32.13.3.rel1.win32_1.0.0.202411081344/tools/bin/../lib/gcc/arm-none-eabi/13.3.1/thumb/v7e-m+fp/hard/crtend.o
LOAD C:/ST/STM32CubeIDE_1.16.0/STM32CubeIDE/plugins/com.st.stm32cube.ide.mcu.externaltools.gnu-tools-for-stm32.13.3.rel1.win32_1.0.0.202411081344/tools/bin/../lib/gcc/arm-none-eabi/13.3.1/thumb/v7e-m+fp/hard/crtn.o
                0x20020000                        _estack = (ORIGIN (RAM) + LENGTH (RAM))
                0x00000200                        _Min_Heap_Size = 0x200
                0x00000400                        _Min_Stack_Size = 0x400

.isr_vector     0x08000000      0x1d8
                0x08000000                        . = ALIGN (0x4)
 *(.isr_vector)
 .isr_vector    0x08000000      0x1d8 ./Core/Startup/startup_stm32g474retx.o
                0x08000000                g_pfnVectors
                0x080001d8                        . = ALIGN (0x4)

.text           0x080001d8     0xd300
                0x080001d8                        . = ALIGN (0x4)
 *(.text)
 .text          0x080001d8       0x40 C:/ST/STM32CubeIDE_1.16.0/STM32CubeIDE/plugins/com.st.stm32cube.ide.mcu.externaltools.gnu-tools-for-stm32.13.3.rel1.win32_1.0.0.202411081344/tools/bin/../lib/gcc/arm-none-eabi/13.3.1/thumb/v7e-m+fp/hard/crtbegin.o
 .text          0x08000218      0x378 C:/ST/STM32CubeIDE_1.16.0/STM32CubeIDE/plugins/com.st.stm32cube.ide.mcu.externaltools.gnu-tools-for-stm32.13.3.rel1.win32_1.0.0.202411081344/tools/bin/../lib/gcc/arm-none-eabi/13.3.1/thumb/v7e-m+fp/hard\libgcc.a(_arm_addsubdf3.o)
                0x08000218                __aeabi_drsub
                0x08000220                __aeabi_dsub
                0x08000220                __subdf3
                0x08000224                __aeabi_dadd
                0x08000224                __adddf3
                0x0800049c                __floatunsidf
                0x0800049c                __aeabi_ui2d
                0x080004bc                __floatsidf
                0x080004bc                __aeabi_i2d
                0x080004e0                __aeabi_f2d
                0x080004e0                __extendsfdf2
                0x08000524                __floatundidf
                0x08000524                __aeabi_ul2d
                0x08000534                __floatdidf
                0x08000534                __aeabi_l2d
 .text          0x08000590      0x424 C:/ST/STM32CubeIDE_1.16.0/STM32CubeIDE/plugins/com.st.stm32cube.ide.mcu.externaltools.gnu-tools-for-stm32.13.3.rel1.win32_1.0.0.202411081344/tools/bin/../lib/gcc/arm-none-eabi/13.3.1/thumb/v7e-m+fp/hard\libgcc.a(_arm_muldivdf3.o)
                0x08000590                __aeabi_dmul
                0x08000590                __muldf3
                0x080007e4                __divdf3
                0x080007e4                __aeabi_ddiv
 .text          0x080009b4      0x110 C:/ST/STM32CubeIDE_1.16.0/STM32CubeIDE/plugins/com.st.stm32cube.ide.mcu.externaltools.gnu-tools-for-stm32.13.3.rel1.win32_1.0.0.202411081344/tools/bin/../lib/gcc/arm-none-eabi/13.3.1/thumb/v7e-m+fp/hard\libgcc.a(_arm_cmpdf2.o)
                0x080009b4                __gtdf2
                0x080009b4                __gedf2
                0x080009bc                __ltdf2
                0x080009bc                __ledf2
                0x080009c4                __nedf2
                0x080009c4                __eqdf2
                0x080009c4                __cmpdf2
                0x08000a40                __aeabi_cdrcmple
                0x08000a50                __aeabi_cdcmpeq
                0x08000a50                __aeabi_cdcmple
                0x08000a60                __aeabi_dcmpeq
                0x08000a74                __aeabi_dcmplt
                0x08000a88                __aeabi_dcmple
                0x08000a9c                __aeabi_dcmpge
                0x08000ab0                __aeabi_dcmpgt
 .text          0x08000ac4       0x40 C:/ST/STM32CubeIDE_1.16.0/STM32CubeIDE/plugins/com.st.stm32cube.ide.mcu.externaltools.gnu-tools-for-stm32.13.3.rel1.win32_1.0.0.202411081344/tools/bin/../lib/gcc/arm-none-eabi/13.3.1/thumb/v7e-m+fp/hard\libgcc.a(_arm_fixunsdfsi.o)
                0x08000ac4                __aeabi_d2uiz
                0x08000ac4                __fixunsdfsi
 .text          0x08000b04       0xa0 C:/ST/STM32CubeIDE_1.16.0/STM32CubeIDE/plugins/com.st.stm32cube.ide.mcu.externaltools.gnu-tools-for-stm32.13.3.rel1.win32_1.0.0.202411081344/tools/bin/../lib/gcc/arm-none-eabi/13.3.1/thumb/v7e-m+fp/hard\libgcc.a(_arm_truncdfsf2.o)
                0x08000b04                __truncdfsf2
                0x08000b04                __aeabi_d2f
 .text          0x08000ba4      0x21c C:/ST/STM32CubeIDE_1.16.0/STM32CubeIDE/plugins/com.st.stm32cube.ide.mcu.externaltools.gnu-tools-for-stm32.13.3.rel1.win32_1.0.0.202411081344/tools/bin/../lib/gcc/arm-none-eabi/13.3.1/thumb/v7e-m+fp/hard\libgcc.a(_arm_addsubsf3.o)
                0x08000ba4                __aeabi_frsub
                0x08000bac                __subsf3
                0x08000bac                __aeabi_fsub
                0x08000bb0                __aeabi_fadd
                0x08000bb0                __addsf3
                0x08000d10                __aeabi_ui2f
                0x08000d10                __floatunsisf
                0x08000d18                __aeabi_i2f
                0x08000d18                __floatsisf
                0x08000d34                __aeabi_ul2f
                0x08000d34                __floatundisf
                0x08000d44                __aeabi_l2f
                0x08000d44                __floatdisf
 .text          0x08000dc0       0x30 C:/ST/STM32CubeIDE_1.16.0/STM32CubeIDE/plugins/com.st.stm32cube.ide.mcu.externaltools.gnu-tools-for-stm32.13.3.rel1.win32_1.0.0.202411081344/tools/bin/../lib/gcc/arm-none-eabi/13.3.1/thumb/v7e-m+fp/hard\libgcc.a(_aeabi_uldivmod.o)
                0x08000dc0                __aeabi_uldivmod
 .text          0x08000df0      0x2f8 C:/ST/STM32CubeIDE_1.16.0/STM32CubeIDE/plugins/com.st.stm32cube.ide.mcu.externaltools.gnu-tools-for-stm32.13.3.rel1.win32_1.0.0.202411081344/tools/bin/../lib/gcc/arm-none-eabi/13.3.1/thumb/v7e-m+fp/hard\libgcc.a(_udivmoddi4.o)
                0x08000df0                __udivmoddi4
 .text          0x080010e8        0x4 C:/ST/STM32CubeIDE_1.16.0/STM32CubeIDE/plugins/com.st.stm32cube.ide.mcu.externaltools.gnu-tools-for-stm32.13.3.rel1.win32_1.0.0.202411081344/tools/bin/../lib/gcc/arm-none-eabi/13.3.1/thumb/v7e-m+fp/hard\libgcc.a(_dvmd_tls.o)
                0x080010e8                __aeabi_idiv0
                0x080010e8                __aeabi_ldiv0
 *(.text*)
 .text.modbus_1t5_Timeout
                0x080010ec       0x40 ./Core/Src/ModBusRTU.o
                0x080010ec                modbus_1t5_Timeout
 .text.modbus_3t5_Timeout
                0x0800112c       0x20 ./Core/Src/ModBusRTU.o
                0x0800112c                modbus_3t5_Timeout
 .text.modbus_ErrorTimeout
                0x0800114c       0x20 ./Core/Src/ModBusRTU.o
                0x0800114c                modbus_ErrorTimeout
 .text.Modbus_init
                0x0800116c       0xac ./Core/Src/ModBusRTU.o
                0x0800116c                Modbus_init
 .text.CRC16    0x08001218       0x70 ./Core/Src/ModBusRTU.o
                0x08001218                CRC16
 .text.SET_TARGET
                0x08001288       0x98 ./Core/Src/ModBusRTU.o
                0x08001288                SET_TARGET
 .text.Modbus_Protocal_Worker
                0x08001320      0x438 ./Core/Src/ModBusRTU.o
                0x08001320                Modbus_Protocal_Worker
 .text.modbusWrite1Register
                0x08001758       0x80 ./Core/Src/ModBusRTU.o
                0x08001758                modbusWrite1Register
 .text.modbusRead1Register
                0x080017d8       0xec ./Core/Src/ModBusRTU.o
                0x080017d8                modbusRead1Register
 .text.ModbusErrorReply
                0x080018c4       0x44 ./Core/Src/ModBusRTU.o
                0x080018c4                ModbusErrorReply
 .text.Modbus_frame_response
                0x08001908       0x30 ./Core/Src/ModBusRTU.o
                0x08001908                Modbus_frame_response
 .text.Modbus_Emission
                0x08001938       0xec ./Core/Src/ModBusRTU.o
                0x08001938                Modbus_Emission
 .text.Trapezoidal_Init
                0x08001a24      0x194 ./Core/Src/Trapezoidal.o
                0x08001a24                Trapezoidal_Init
 .text.Trapezoidal_Update
                0x08001bb8      0x280 ./Core/Src/Trapezoidal.o
                0x08001bb8                Trapezoidal_Update
 .text.main     0x08001e38     0x1be0 ./Core/Src/main.o
                0x08001e38                main
 .text.SystemClock_Config
                0x08003a18       0x96 ./Core/Src/main.o
                0x08003a18                SystemClock_Config
 *fill*         0x08003aae        0x2 
 .text.MX_TIM1_Init
                0x08003ab0      0x10c ./Core/Src/main.o
 .text.MX_TIM2_Init
                0x08003bbc      0x100 ./Core/Src/main.o
 .text.MX_TIM3_Init
                0x08003cbc       0xac ./Core/Src/main.o
 .text.MX_TIM4_Init
                0x08003d68       0xac ./Core/Src/main.o
 .text.MX_TIM5_Init
                0x08003e14       0x9c ./Core/Src/main.o
 .text.MX_TIM8_Init
                0x08003eb0      0x178 ./Core/Src/main.o
 .text.MX_TIM15_Init
                0x08004028      0x148 ./Core/Src/main.o
 .text.MX_TIM16_Init
                0x08004170       0x60 ./Core/Src/main.o
 .text.MX_USART2_UART_Init
                0x080041d0       0x9c ./Core/Src/main.o
 .text.MX_DMA_Init
                0x0800426c       0x64 ./Core/Src/main.o
 .text.MX_GPIO_Init
                0x080042d0      0x20c ./Core/Src/main.o
 .text.updateAndGetOvershoot
                0x080044dc       0xbc ./Core/Src/main.o
                0x080044dc                updateAndGetOvershoot
 .text.PenDelay
                0x08004598      0x13c ./Core/Src/main.o
                0x08004598                PenDelay
 .text.map      0x080046d4       0x5c ./Core/Src/main.o
                0x080046d4                map
 .text.DWT_Init
                0x08004730       0x30 ./Core/Src/main.o
                0x08004730                DWT_Init
 .text.HAL_GPIO_EXTI_Callback
                0x08004760      0x188 ./Core/Src/main.o
                0x08004760                HAL_GPIO_EXTI_Callback
 .text.HAL_TIM_PeriodElapsedCallback
                0x080048e8       0x34 ./Core/Src/main.o
                0x080048e8                HAL_TIM_PeriodElapsedCallback
 .text.micros   0x0800491c       0x34 ./Core/Src/main.o
                0x0800491c                micros
 .text.PID_Update
                0x08004950      0x192 ./Core/Src/main.o
                0x08004950                PID_Update
 *fill*         0x08004ae2        0x6 
 .text.Revolute_PosVel_Update
                0x08004ae8      0x214 ./Core/Src/main.o
                0x08004ae8                Revolute_PosVel_Update
 .text.Prismatic_PosVel_Update
                0x08004cfc      0x188 ./Core/Src/main.o
                0x08004cfc                Prismatic_PosVel_Update
 .text.Set_Motor
                0x08004e84       0xfc ./Core/Src/main.o
                0x08004e84                Set_Motor
 .text.Set_Servo
                0x08004f80       0x54 ./Core/Src/main.o
                0x08004f80                Set_Servo
 .text.Reset_R  0x08004fd4       0x20 ./Core/Src/main.o
                0x08004fd4                Reset_R
 .text.Reset_P  0x08004ff4       0x24 ./Core/Src/main.o
                0x08004ff4                Reset_P
 .text.Workspace_limit
                0x08005018       0xec ./Core/Src/main.o
                0x08005018                Workspace_limit
 .text.Get_QRIdata
                0x08005104       0x78 ./Core/Src/main.o
                0x08005104                Get_QRIdata
 .text.Trapezoidal_CalcTotalTime
                0x0800517c       0xb8 ./Core/Src/main.o
                0x0800517c                Trapezoidal_CalcTotalTime
 .text.Trapezoidal_CalcVmaxFromTime
                0x08005234       0xb8 ./Core/Src/main.o
                0x08005234                Trapezoidal_CalcVmaxFromTime
 *fill*         0x080052ec        0x4 
 .text.InverseKinematics
                0x080052f0       0x88 ./Core/Src/main.o
                0x080052f0                InverseKinematics
 .text.TrapezoidStep
                0x08005378      0x134 ./Core/Src/main.o
                0x08005378                TrapezoidStep
 .text.PIDStep  0x080054ac      0x220 ./Core/Src/main.o
                0x080054ac                PIDStep
 .text.ToleranceCheck
                0x080056cc       0xb8 ./Core/Src/main.o
                0x080056cc                ToleranceCheck
 *fill*         0x08005784        0x4 
 .text.CascadeControl_Step
                0x08005788      0x104 ./Core/Src/main.o
                0x08005788                CascadeControl_Step
 .text.Error_Handler
                0x0800588c        0xc ./Core/Src/main.o
                0x0800588c                Error_Handler
 .text.HAL_MspInit
                0x08005898       0x48 ./Core/Src/stm32g4xx_hal_msp.o
                0x08005898                HAL_MspInit
 .text.HAL_TIM_IC_MspInit
                0x080058e0       0xf4 ./Core/Src/stm32g4xx_hal_msp.o
                0x080058e0                HAL_TIM_IC_MspInit
 .text.HAL_TIM_Encoder_MspInit
                0x080059d4      0x10c ./Core/Src/stm32g4xx_hal_msp.o
                0x080059d4                HAL_TIM_Encoder_MspInit
 .text.HAL_TIM_Base_MspInit
                0x08005ae0       0xd4 ./Core/Src/stm32g4xx_hal_msp.o
                0x08005ae0                HAL_TIM_Base_MspInit
 .text.HAL_TIM_MspPostInit
                0x08005bb4       0xc0 ./Core/Src/stm32g4xx_hal_msp.o
                0x08005bb4                HAL_TIM_MspPostInit
 .text.HAL_UART_MspInit
                0x08005c74      0x178 ./Core/Src/stm32g4xx_hal_msp.o
                0x08005c74                HAL_UART_MspInit
 .text.NMI_Handler
                0x08005dec        0x8 ./Core/Src/stm32g4xx_it.o
                0x08005dec                NMI_Handler
 .text.HardFault_Handler
                0x08005df4        0x8 ./Core/Src/stm32g4xx_it.o
                0x08005df4                HardFault_Handler
 .text.MemManage_Handler
                0x08005dfc        0x8 ./Core/Src/stm32g4xx_it.o
                0x08005dfc                MemManage_Handler
 .text.BusFault_Handler
                0x08005e04        0x8 ./Core/Src/stm32g4xx_it.o
                0x08005e04                BusFault_Handler
 .text.UsageFault_Handler
                0x08005e0c        0x8 ./Core/Src/stm32g4xx_it.o
                0x08005e0c                UsageFault_Handler
 .text.SVC_Handler
                0x08005e14        0xe ./Core/Src/stm32g4xx_it.o
                0x08005e14                SVC_Handler
 .text.DebugMon_Handler
                0x08005e22        0xe ./Core/Src/stm32g4xx_it.o
                0x08005e22                DebugMon_Handler
 .text.PendSV_Handler
                0x08005e30        0xe ./Core/Src/stm32g4xx_it.o
                0x08005e30                PendSV_Handler
 .text.SysTick_Handler
                0x08005e3e        0xc ./Core/Src/stm32g4xx_it.o
                0x08005e3e                SysTick_Handler
 .text.EXTI0_IRQHandler
                0x08005e4a        0xe ./Core/Src/stm32g4xx_it.o
                0x08005e4a                EXTI0_IRQHandler
 .text.EXTI2_IRQHandler
                0x08005e58        0xe ./Core/Src/stm32g4xx_it.o
                0x08005e58                EXTI2_IRQHandler
 .text.EXTI3_IRQHandler
                0x08005e66        0xe ./Core/Src/stm32g4xx_it.o
                0x08005e66                EXTI3_IRQHandler
 .text.DMA1_Channel1_IRQHandler
                0x08005e74       0x14 ./Core/Src/stm32g4xx_it.o
                0x08005e74                DMA1_Channel1_IRQHandler
 .text.DMA1_Channel2_IRQHandler
                0x08005e88       0x14 ./Core/Src/stm32g4xx_it.o
                0x08005e88                DMA1_Channel2_IRQHandler
 .text.EXTI9_5_IRQHandler
                0x08005e9c       0x18 ./Core/Src/stm32g4xx_it.o
                0x08005e9c                EXTI9_5_IRQHandler
 .text.TIM1_UP_TIM16_IRQHandler
                0x08005eb4       0x1c ./Core/Src/stm32g4xx_it.o
                0x08005eb4                TIM1_UP_TIM16_IRQHandler
 .text.TIM3_IRQHandler
                0x08005ed0       0x14 ./Core/Src/stm32g4xx_it.o
                0x08005ed0                TIM3_IRQHandler
 .text.TIM4_IRQHandler
                0x08005ee4       0x14 ./Core/Src/stm32g4xx_it.o
                0x08005ee4                TIM4_IRQHandler
 .text.USART2_IRQHandler
                0x08005ef8       0x14 ./Core/Src/stm32g4xx_it.o
                0x08005ef8                USART2_IRQHandler
 .text.EXTI15_10_IRQHandler
                0x08005f0c       0x28 ./Core/Src/stm32g4xx_it.o
                0x08005f0c                EXTI15_10_IRQHandler
 .text.TIM5_IRQHandler
                0x08005f34       0x14 ./Core/Src/stm32g4xx_it.o
                0x08005f34                TIM5_IRQHandler
 .text.SystemInit
                0x08005f48       0x24 ./Core/Src/system_stm32g4xx.o
                0x08005f48                SystemInit
 .text.Reset_Handler
                0x08005f6c       0x50 ./Core/Startup/startup_stm32g474retx.o
                0x08005f6c                Reset_Handler
 .text.Default_Handler
                0x08005fbc        0x2 ./Core/Startup/startup_stm32g474retx.o
                0x08005fbc                RTC_Alarm_IRQHandler
                0x08005fbc                TIM8_TRG_COM_IRQHandler
                0x08005fbc                TIM8_CC_IRQHandler
                0x08005fbc                HRTIM1_Master_IRQHandler
                0x08005fbc                SPI4_IRQHandler
                0x08005fbc                FDCAN3_IT0_IRQHandler
                0x08005fbc                TIM1_CC_IRQHandler
                0x08005fbc                HRTIM1_FLT_IRQHandler
                0x08005fbc                HRTIM1_TIMF_IRQHandler
                0x08005fbc                USB_HP_IRQHandler
                0x08005fbc                CORDIC_IRQHandler
                0x08005fbc                HRTIM1_TIMD_IRQHandler
                0x08005fbc                DMA2_Channel8_IRQHandler
                0x08005fbc                I2C3_ER_IRQHandler
                0x08005fbc                I2C2_EV_IRQHandler
                0x08005fbc                FPU_IRQHandler
                0x08005fbc                FDCAN1_IT1_IRQHandler
                0x08005fbc                ADC1_2_IRQHandler
                0x08005fbc                HRTIM1_TIME_IRQHandler
                0x08005fbc                SPI1_IRQHandler
                0x08005fbc                TIM6_DAC_IRQHandler
                0x08005fbc                HRTIM1_TIMC_IRQHandler
                0x08005fbc                TIM8_UP_IRQHandler
                0x08005fbc                DMA2_Channel2_IRQHandler
                0x08005fbc                DMA1_Channel4_IRQHandler
                0x08005fbc                TIM20_TRG_COM_IRQHandler
                0x08005fbc                USART3_IRQHandler
                0x08005fbc                DMA1_Channel7_IRQHandler
                0x08005fbc                UART5_IRQHandler
                0x08005fbc                ADC3_IRQHandler
                0x08005fbc                DMA2_Channel1_IRQHandler
                0x08005fbc                QUADSPI_IRQHandler
                0x08005fbc                I2C1_EV_IRQHandler
                0x08005fbc                DMA1_Channel6_IRQHandler
                0x08005fbc                UART4_IRQHandler
                0x08005fbc                DMA2_Channel4_IRQHandler
                0x08005fbc                RCC_IRQHandler
                0x08005fbc                TIM20_UP_IRQHandler
                0x08005fbc                Default_Handler
                0x08005fbc                DMA2_Channel7_IRQHandler
                0x08005fbc                RTC_TAMP_LSECSS_IRQHandler
                0x08005fbc                FMAC_IRQHandler
                0x08005fbc                DMA1_Channel8_IRQHandler
                0x08005fbc                HRTIM1_TIMA_IRQHandler
                0x08005fbc                TIM7_DAC_IRQHandler
                0x08005fbc                FDCAN3_IT1_IRQHandler
                0x08005fbc                UCPD1_IRQHandler
                0x08005fbc                I2C3_EV_IRQHandler
                0x08005fbc                RTC_WKUP_IRQHandler
                0x08005fbc                PVD_PVM_IRQHandler
                0x08005fbc                SPI2_IRQHandler
                0x08005fbc                ADC5_IRQHandler
                0x08005fbc                DMA2_Channel5_IRQHandler
                0x08005fbc                CRS_IRQHandler
                0x08005fbc                DMA1_Channel5_IRQHandler
                0x08005fbc                USB_LP_IRQHandler
                0x08005fbc                EXTI4_IRQHandler
                0x08005fbc                RNG_IRQHandler
                0x08005fbc                HRTIM1_TIMB_IRQHandler
                0x08005fbc                TIM1_TRG_COM_TIM17_IRQHandler
                0x08005fbc                FDCAN2_IT1_IRQHandler
                0x08005fbc                DMA1_Channel3_IRQHandler
                0x08005fbc                ADC4_IRQHandler
                0x08005fbc                WWDG_IRQHandler
                0x08005fbc                I2C4_EV_IRQHandler
                0x08005fbc                FDCAN2_IT0_IRQHandler
                0x08005fbc                LPUART1_IRQHandler
                0x08005fbc                DMA2_Channel6_IRQHandler
                0x08005fbc                FDCAN1_IT0_IRQHandler
                0x08005fbc                TIM2_IRQHandler
                0x08005fbc                COMP7_IRQHandler
                0x08005fbc                COMP1_2_3_IRQHandler
                0x08005fbc                EXTI1_IRQHandler
                0x08005fbc                COMP4_5_6_IRQHandler
                0x08005fbc                TIM20_BRK_IRQHandler
                0x08005fbc                I2C2_ER_IRQHandler
                0x08005fbc                TIM8_BRK_IRQHandler
                0x08005fbc                FLASH_IRQHandler
                0x08005fbc                TIM20_CC_IRQHandler
                0x08005fbc                USART1_IRQHandler
                0x08005fbc                SPI3_IRQHandler
                0x08005fbc                I2C1_ER_IRQHandler
                0x08005fbc                FMC_IRQHandler
                0x08005fbc                LPTIM1_IRQHandler
                0x08005fbc                DMAMUX_OVR_IRQHandler
                0x08005fbc                I2C4_ER_IRQHandler
                0x08005fbc                USBWakeUp_IRQHandler
                0x08005fbc                SAI1_IRQHandler
                0x08005fbc                DMA2_Channel3_IRQHandler
                0x08005fbc                TIM1_BRK_TIM15_IRQHandler
 .text.HAL_Init
                0x08005fbe       0x30 ./Drivers/STM32G4xx_HAL_Driver/Src/stm32g4xx_hal.o
                0x08005fbe                HAL_Init
 *fill*         0x08005fee        0x2 
 .text.HAL_InitTick
                0x08005ff0       0x74 ./Drivers/STM32G4xx_HAL_Driver/Src/stm32g4xx_hal.o
                0x08005ff0                HAL_InitTick
 .text.HAL_IncTick
                0x08006064       0x24 ./Drivers/STM32G4xx_HAL_Driver/Src/stm32g4xx_hal.o
                0x08006064                HAL_IncTick
 .text.HAL_GetTick
                0x08006088       0x18 ./Drivers/STM32G4xx_HAL_Driver/Src/stm32g4xx_hal.o
                0x08006088                HAL_GetTick
 .text.__NVIC_SetPriorityGrouping
                0x080060a0       0x48 ./Drivers/STM32G4xx_HAL_Driver/Src/stm32g4xx_hal_cortex.o
 .text.__NVIC_GetPriorityGrouping
                0x080060e8       0x1c ./Drivers/STM32G4xx_HAL_Driver/Src/stm32g4xx_hal_cortex.o
 .text.__NVIC_EnableIRQ
                0x08006104       0x3c ./Drivers/STM32G4xx_HAL_Driver/Src/stm32g4xx_hal_cortex.o
 .text.__NVIC_SetPriority
                0x08006140       0x54 ./Drivers/STM32G4xx_HAL_Driver/Src/stm32g4xx_hal_cortex.o
 .text.NVIC_EncodePriority
                0x08006194       0x66 ./Drivers/STM32G4xx_HAL_Driver/Src/stm32g4xx_hal_cortex.o
 *fill*         0x080061fa        0x2 
 .text.SysTick_Config
                0x080061fc       0x44 ./Drivers/STM32G4xx_HAL_Driver/Src/stm32g4xx_hal_cortex.o
 .text.HAL_NVIC_SetPriorityGrouping
                0x08006240       0x16 ./Drivers/STM32G4xx_HAL_Driver/Src/stm32g4xx_hal_cortex.o
                0x08006240                HAL_NVIC_SetPriorityGrouping
 .text.HAL_NVIC_SetPriority
                0x08006256       0x34 ./Drivers/STM32G4xx_HAL_Driver/Src/stm32g4xx_hal_cortex.o
                0x08006256                HAL_NVIC_SetPriority
 .text.HAL_NVIC_EnableIRQ
                0x0800628a       0x1c ./Drivers/STM32G4xx_HAL_Driver/Src/stm32g4xx_hal_cortex.o
                0x0800628a                HAL_NVIC_EnableIRQ
 .text.HAL_SYSTICK_Config
                0x080062a6       0x18 ./Drivers/STM32G4xx_HAL_Driver/Src/stm32g4xx_hal_cortex.o
                0x080062a6                HAL_SYSTICK_Config
 *fill*         0x080062be        0x2 
 .text.HAL_DMA_Init
                0x080062c0      0x150 ./Drivers/STM32G4xx_HAL_Driver/Src/stm32g4xx_hal_dma.o
                0x080062c0                HAL_DMA_Init
 .text.HAL_DMA_Start_IT
                0x08006410       0xf6 ./Drivers/STM32G4xx_HAL_Driver/Src/stm32g4xx_hal_dma.o
                0x08006410                HAL_DMA_Start_IT
 .text.HAL_DMA_Abort
                0x08006506       0xb2 ./Drivers/STM32G4xx_HAL_Driver/Src/stm32g4xx_hal_dma.o
                0x08006506                HAL_DMA_Abort
 .text.HAL_DMA_Abort_IT
                0x080065b8       0xce ./Drivers/STM32G4xx_HAL_Driver/Src/stm32g4xx_hal_dma.o
                0x080065b8                HAL_DMA_Abort_IT
 .text.HAL_DMA_IRQHandler
                0x08006686      0x15e ./Drivers/STM32G4xx_HAL_Driver/Src/stm32g4xx_hal_dma.o
                0x08006686                HAL_DMA_IRQHandler
 .text.DMA_SetConfig
                0x080067e4       0x7c ./Drivers/STM32G4xx_HAL_Driver/Src/stm32g4xx_hal_dma.o
 .text.DMA_CalcDMAMUXChannelBaseAndMask
                0x08006860       0x7c ./Drivers/STM32G4xx_HAL_Driver/Src/stm32g4xx_hal_dma.o
 .text.DMA_CalcDMAMUXRequestGenBaseAndMask
                0x080068dc       0x48 ./Drivers/STM32G4xx_HAL_Driver/Src/stm32g4xx_hal_dma.o
 .text.HAL_GPIO_Init
                0x08006924      0x304 ./Drivers/STM32G4xx_HAL_Driver/Src/stm32g4xx_hal_gpio.o
                0x08006924                HAL_GPIO_Init
 .text.HAL_GPIO_ReadPin
                0x08006c28       0x30 ./Drivers/STM32G4xx_HAL_Driver/Src/stm32g4xx_hal_gpio.o
                0x08006c28                HAL_GPIO_ReadPin
 .text.HAL_GPIO_WritePin
                0x08006c58       0x30 ./Drivers/STM32G4xx_HAL_Driver/Src/stm32g4xx_hal_gpio.o
                0x08006c58                HAL_GPIO_WritePin
 .text.HAL_GPIO_EXTI_IRQHandler
                0x08006c88       0x30 ./Drivers/STM32G4xx_HAL_Driver/Src/stm32g4xx_hal_gpio.o
                0x08006c88                HAL_GPIO_EXTI_IRQHandler
 .text.HAL_PWREx_ControlVoltageScaling
                0x08006cb8      0x148 ./Drivers/STM32G4xx_HAL_Driver/Src/stm32g4xx_hal_pwr_ex.o
                0x08006cb8                HAL_PWREx_ControlVoltageScaling
 .text.HAL_PWREx_DisableUCPDDeadBattery
                0x08006e00       0x20 ./Drivers/STM32G4xx_HAL_Driver/Src/stm32g4xx_hal_pwr_ex.o
                0x08006e00                HAL_PWREx_DisableUCPDDeadBattery
 .text.HAL_RCC_OscConfig
                0x08006e20      0x624 ./Drivers/STM32G4xx_HAL_Driver/Src/stm32g4xx_hal_rcc.o
                0x08006e20                HAL_RCC_OscConfig
 .text.HAL_RCC_ClockConfig
                0x08007444      0x278 ./Drivers/STM32G4xx_HAL_Driver/Src/stm32g4xx_hal_rcc.o
                0x08007444                HAL_RCC_ClockConfig
 .text.HAL_RCC_GetSysClockFreq
                0x080076bc       0xc4 ./Drivers/STM32G4xx_HAL_Driver/Src/stm32g4xx_hal_rcc.o
                0x080076bc                HAL_RCC_GetSysClockFreq
 .text.HAL_RCC_GetHCLKFreq
                0x08007780       0x18 ./Drivers/STM32G4xx_HAL_Driver/Src/stm32g4xx_hal_rcc.o
                0x08007780                HAL_RCC_GetHCLKFreq
 .text.HAL_RCC_GetPCLK1Freq
                0x08007798       0x2c ./Drivers/STM32G4xx_HAL_Driver/Src/stm32g4xx_hal_rcc.o
                0x08007798                HAL_RCC_GetPCLK1Freq
 .text.HAL_RCC_GetPCLK2Freq
                0x080077c4       0x2c ./Drivers/STM32G4xx_HAL_Driver/Src/stm32g4xx_hal_rcc.o
                0x080077c4                HAL_RCC_GetPCLK2Freq
 .text.RCC_GetSysClockFreqFromPLLSource
                0x080077f0       0x8c ./Drivers/STM32G4xx_HAL_Driver/Src/stm32g4xx_hal_rcc.o
 .text.HAL_RCCEx_PeriphCLKConfig
                0x0800787c      0x49c ./Drivers/STM32G4xx_HAL_Driver/Src/stm32g4xx_hal_rcc_ex.o
                0x0800787c                HAL_RCCEx_PeriphCLKConfig
 .text.HAL_TIM_Base_Init
                0x08007d18       0xc8 ./Drivers/STM32G4xx_HAL_Driver/Src/stm32g4xx_hal_tim.o
                0x08007d18                HAL_TIM_Base_Init
 .text.HAL_TIM_Base_Start
                0x08007de0       0xe0 ./Drivers/STM32G4xx_HAL_Driver/Src/stm32g4xx_hal_tim.o
                0x08007de0                HAL_TIM_Base_Start
 .text.HAL_TIM_Base_Start_IT
                0x08007ec0       0xf0 ./Drivers/STM32G4xx_HAL_Driver/Src/stm32g4xx_hal_tim.o
                0x08007ec0                HAL_TIM_Base_Start_IT
 .text.HAL_TIM_PWM_Init
                0x08007fb0       0xc8 ./Drivers/STM32G4xx_HAL_Driver/Src/stm32g4xx_hal_tim.o
                0x08007fb0                HAL_TIM_PWM_Init
 .text.HAL_TIM_PWM_MspInit
                0x08008078       0x14 ./Drivers/STM32G4xx_HAL_Driver/Src/stm32g4xx_hal_tim.o
                0x08008078                HAL_TIM_PWM_MspInit
 .text.HAL_TIM_PWM_Start
                0x0800808c      0x224 ./Drivers/STM32G4xx_HAL_Driver/Src/stm32g4xx_hal_tim.o
                0x0800808c                HAL_TIM_PWM_Start
 .text.HAL_TIM_IC_Init
                0x080082b0       0xc8 ./Drivers/STM32G4xx_HAL_Driver/Src/stm32g4xx_hal_tim.o
                0x080082b0                HAL_TIM_IC_Init
 .text.HAL_TIM_IC_Start
                0x08008378      0x208 ./Drivers/STM32G4xx_HAL_Driver/Src/stm32g4xx_hal_tim.o
                0x08008378                HAL_TIM_IC_Start
 .text.HAL_TIM_OnePulse_Init
                0x08008580       0xbc ./Drivers/STM32G4xx_HAL_Driver/Src/stm32g4xx_hal_tim.o
                0x08008580                HAL_TIM_OnePulse_Init
 .text.HAL_TIM_OnePulse_MspInit
                0x0800863c       0x14 ./Drivers/STM32G4xx_HAL_Driver/Src/stm32g4xx_hal_tim.o
                0x0800863c                HAL_TIM_OnePulse_MspInit
 .text.HAL_TIM_OnePulse_Start_IT
                0x08008650      0x11c ./Drivers/STM32G4xx_HAL_Driver/Src/stm32g4xx_hal_tim.o
                0x08008650                HAL_TIM_OnePulse_Start_IT
 .text.HAL_TIM_Encoder_Init
                0x0800876c      0x168 ./Drivers/STM32G4xx_HAL_Driver/Src/stm32g4xx_hal_tim.o
                0x0800876c                HAL_TIM_Encoder_Init
 .text.HAL_TIM_Encoder_Start
                0x080088d4      0x11c ./Drivers/STM32G4xx_HAL_Driver/Src/stm32g4xx_hal_tim.o
                0x080088d4                HAL_TIM_Encoder_Start
 .text.HAL_TIM_IRQHandler
                0x080089f0      0x2f2 ./Drivers/STM32G4xx_HAL_Driver/Src/stm32g4xx_hal_tim.o
                0x080089f0                HAL_TIM_IRQHandler
 .text.HAL_TIM_IC_ConfigChannel
                0x08008ce2      0x138 ./Drivers/STM32G4xx_HAL_Driver/Src/stm32g4xx_hal_tim.o
                0x08008ce2                HAL_TIM_IC_ConfigChannel
 *fill*         0x08008e1a        0x2 
 .text.HAL_TIM_PWM_ConfigChannel
                0x08008e1c      0x228 ./Drivers/STM32G4xx_HAL_Driver/Src/stm32g4xx_hal_tim.o
                0x08008e1c                HAL_TIM_PWM_ConfigChannel
 .text.HAL_TIM_ConfigClockSource
                0x08009044      0x22c ./Drivers/STM32G4xx_HAL_Driver/Src/stm32g4xx_hal_tim.o
                0x08009044                HAL_TIM_ConfigClockSource
 .text.HAL_TIM_SlaveConfigSynchro
                0x08009270       0x84 ./Drivers/STM32G4xx_HAL_Driver/Src/stm32g4xx_hal_tim.o
                0x08009270                HAL_TIM_SlaveConfigSynchro
 .text.HAL_TIM_PeriodElapsedHalfCpltCallback
                0x080092f4       0x14 ./Drivers/STM32G4xx_HAL_Driver/Src/stm32g4xx_hal_tim.o
                0x080092f4                HAL_TIM_PeriodElapsedHalfCpltCallback
 .text.HAL_TIM_OC_DelayElapsedCallback
                0x08009308       0x14 ./Drivers/STM32G4xx_HAL_Driver/Src/stm32g4xx_hal_tim.o
                0x08009308                HAL_TIM_OC_DelayElapsedCallback
 .text.HAL_TIM_IC_CaptureCallback
                0x0800931c       0x14 ./Drivers/STM32G4xx_HAL_Driver/Src/stm32g4xx_hal_tim.o
                0x0800931c                HAL_TIM_IC_CaptureCallback
 .text.HAL_TIM_IC_CaptureHalfCpltCallback
                0x08009330       0x14 ./Drivers/STM32G4xx_HAL_Driver/Src/stm32g4xx_hal_tim.o
                0x08009330                HAL_TIM_IC_CaptureHalfCpltCallback
 .text.HAL_TIM_PWM_PulseFinishedCallback
                0x08009344       0x14 ./Drivers/STM32G4xx_HAL_Driver/Src/stm32g4xx_hal_tim.o
                0x08009344                HAL_TIM_PWM_PulseFinishedCallback
 .text.HAL_TIM_PWM_PulseFinishedHalfCpltCallback
                0x08009358       0x14 ./Drivers/STM32G4xx_HAL_Driver/Src/stm32g4xx_hal_tim.o
                0x08009358                HAL_TIM_PWM_PulseFinishedHalfCpltCallback
 .text.HAL_TIM_TriggerCallback
                0x0800936c       0x14 ./Drivers/STM32G4xx_HAL_Driver/Src/stm32g4xx_hal_tim.o
                0x0800936c                HAL_TIM_TriggerCallback
 .text.HAL_TIM_TriggerHalfCpltCallback
                0x08009380       0x14 ./Drivers/STM32G4xx_HAL_Driver/Src/stm32g4xx_hal_tim.o
                0x08009380                HAL_TIM_TriggerHalfCpltCallback
 .text.HAL_TIM_ErrorCallback
                0x08009394       0x14 ./Drivers/STM32G4xx_HAL_Driver/Src/stm32g4xx_hal_tim.o
                0x08009394                HAL_TIM_ErrorCallback
 .text.HAL_TIM_RegisterCallback
                0x080093a8      0x2c0 ./Drivers/STM32G4xx_HAL_Driver/Src/stm32g4xx_hal_tim.o
                0x080093a8                HAL_TIM_RegisterCallback
 .text.TIM_Base_SetConfig
                0x08009668      0x168 ./Drivers/STM32G4xx_HAL_Driver/Src/stm32g4xx_hal_tim.o
                0x08009668                TIM_Base_SetConfig
 .text.TIM_OC1_SetConfig
                0x080097d0      0x134 ./Drivers/STM32G4xx_HAL_Driver/Src/stm32g4xx_hal_tim.o
 .text.TIM_OC2_SetConfig
                0x08009904      0x128 ./Drivers/STM32G4xx_HAL_Driver/Src/stm32g4xx_hal_tim.o
                0x08009904                TIM_OC2_SetConfig
 .text.TIM_OC3_SetConfig
                0x08009a2c      0x124 ./Drivers/STM32G4xx_HAL_Driver/Src/stm32g4xx_hal_tim.o
 .text.TIM_OC4_SetConfig
                0x08009b50      0x128 ./Drivers/STM32G4xx_HAL_Driver/Src/stm32g4xx_hal_tim.o
 .text.TIM_OC5_SetConfig
                0x08009c78       0xd4 ./Drivers/STM32G4xx_HAL_Driver/Src/stm32g4xx_hal_tim.o
 .text.TIM_OC6_SetConfig
                0x08009d4c       0xd8 ./Drivers/STM32G4xx_HAL_Driver/Src/stm32g4xx_hal_tim.o
 .text.TIM_SlaveTimer_SetConfig
                0x08009e24      0x1c0 ./Drivers/STM32G4xx_HAL_Driver/Src/stm32g4xx_hal_tim.o
 .text.TIM_TI1_SetConfig
                0x08009fe4       0xe8 ./Drivers/STM32G4xx_HAL_Driver/Src/stm32g4xx_hal_tim.o
                0x08009fe4                TIM_TI1_SetConfig
 .text.TIM_TI1_ConfigInputStage
                0x0800a0cc       0x5e ./Drivers/STM32G4xx_HAL_Driver/Src/stm32g4xx_hal_tim.o
 .text.TIM_TI2_SetConfig
                0x0800a12a       0x7a ./Drivers/STM32G4xx_HAL_Driver/Src/stm32g4xx_hal_tim.o
 .text.TIM_TI2_ConfigInputStage
                0x0800a1a4       0x60 ./Drivers/STM32G4xx_HAL_Driver/Src/stm32g4xx_hal_tim.o
 .text.TIM_TI3_SetConfig
                0x0800a204       0x78 ./Drivers/STM32G4xx_HAL_Driver/Src/stm32g4xx_hal_tim.o
 .text.TIM_TI4_SetConfig
                0x0800a27c       0x7a ./Drivers/STM32G4xx_HAL_Driver/Src/stm32g4xx_hal_tim.o
 .text.TIM_ITRx_SetConfig
                0x0800a2f6       0x3a ./Drivers/STM32G4xx_HAL_Driver/Src/stm32g4xx_hal_tim.o
 .text.TIM_ETR_SetConfig
                0x0800a330       0x40 ./Drivers/STM32G4xx_HAL_Driver/Src/stm32g4xx_hal_tim.o
                0x0800a330                TIM_ETR_SetConfig
 .text.TIM_CCxChannelCmd
                0x0800a370       0x4a ./Drivers/STM32G4xx_HAL_Driver/Src/stm32g4xx_hal_tim.o
                0x0800a370                TIM_CCxChannelCmd
 *fill*         0x0800a3ba        0x2 
 .text.TIM_ResetCallback
                0x0800a3bc       0xec ./Drivers/STM32G4xx_HAL_Driver/Src/stm32g4xx_hal_tim.o
                0x0800a3bc                TIM_ResetCallback
 .text.HAL_TIMEx_MasterConfigSynchronization
                0x0800a4a8      0x12c ./Drivers/STM32G4xx_HAL_Driver/Src/stm32g4xx_hal_tim_ex.o
                0x0800a4a8                HAL_TIMEx_MasterConfigSynchronization
 .text.HAL_TIMEx_ConfigBreakDeadTime
                0x0800a5d4      0x128 ./Drivers/STM32G4xx_HAL_Driver/Src/stm32g4xx_hal_tim_ex.o
                0x0800a5d4                HAL_TIMEx_ConfigBreakDeadTime
 .text.HAL_TIMEx_CommutCallback
                0x0800a6fc       0x14 ./Drivers/STM32G4xx_HAL_Driver/Src/stm32g4xx_hal_tim_ex.o
                0x0800a6fc                HAL_TIMEx_CommutCallback
 .text.HAL_TIMEx_CommutHalfCpltCallback
                0x0800a710       0x14 ./Drivers/STM32G4xx_HAL_Driver/Src/stm32g4xx_hal_tim_ex.o
                0x0800a710                HAL_TIMEx_CommutHalfCpltCallback
 .text.HAL_TIMEx_BreakCallback
                0x0800a724       0x14 ./Drivers/STM32G4xx_HAL_Driver/Src/stm32g4xx_hal_tim_ex.o
                0x0800a724                HAL_TIMEx_BreakCallback
 .text.HAL_TIMEx_Break2Callback
                0x0800a738       0x14 ./Drivers/STM32G4xx_HAL_Driver/Src/stm32g4xx_hal_tim_ex.o
                0x0800a738                HAL_TIMEx_Break2Callback
 .text.HAL_TIMEx_EncoderIndexCallback
                0x0800a74c       0x14 ./Drivers/STM32G4xx_HAL_Driver/Src/stm32g4xx_hal_tim_ex.o
                0x0800a74c                HAL_TIMEx_EncoderIndexCallback
 .text.HAL_TIMEx_DirectionChangeCallback
                0x0800a760       0x14 ./Drivers/STM32G4xx_HAL_Driver/Src/stm32g4xx_hal_tim_ex.o
                0x0800a760                HAL_TIMEx_DirectionChangeCallback
 .text.HAL_TIMEx_IndexErrorCallback
                0x0800a774       0x14 ./Drivers/STM32G4xx_HAL_Driver/Src/stm32g4xx_hal_tim_ex.o
                0x0800a774                HAL_TIMEx_IndexErrorCallback
 .text.HAL_TIMEx_TransitionErrorCallback
                0x0800a788       0x14 ./Drivers/STM32G4xx_HAL_Driver/Src/stm32g4xx_hal_tim_ex.o
                0x0800a788                HAL_TIMEx_TransitionErrorCallback
 .text.HAL_UART_Init
                0x0800a79c       0xc0 ./Drivers/STM32G4xx_HAL_Driver/Src/stm32g4xx_hal_uart.o
                0x0800a79c                HAL_UART_Init
 .text.HAL_UART_RegisterCallback
                0x0800a85c      0x174 ./Drivers/STM32G4xx_HAL_Driver/Src/stm32g4xx_hal_uart.o
                0x0800a85c                HAL_UART_RegisterCallback
 .text.HAL_UART_Transmit_DMA
                0x0800a9d0      0x100 ./Drivers/STM32G4xx_HAL_Driver/Src/stm32g4xx_hal_uart.o
                0x0800a9d0                HAL_UART_Transmit_DMA
 .text.HAL_UART_Receive_DMA
                0x0800aad0       0x98 ./Drivers/STM32G4xx_HAL_Driver/Src/stm32g4xx_hal_uart.o
                0x0800aad0                HAL_UART_Receive_DMA
 .text.HAL_UART_IRQHandler
                0x0800ab68      0x6a8 ./Drivers/STM32G4xx_HAL_Driver/Src/stm32g4xx_hal_uart.o
                0x0800ab68                HAL_UART_IRQHandler
 .text.HAL_UART_TxCpltCallback
                0x0800b210       0x14 ./Drivers/STM32G4xx_HAL_Driver/Src/stm32g4xx_hal_uart.o
                0x0800b210                HAL_UART_TxCpltCallback
 .text.HAL_UART_TxHalfCpltCallback
                0x0800b224       0x14 ./Drivers/STM32G4xx_HAL_Driver/Src/stm32g4xx_hal_uart.o
                0x0800b224                HAL_UART_TxHalfCpltCallback
 .text.HAL_UART_RxCpltCallback
                0x0800b238       0x14 ./Drivers/STM32G4xx_HAL_Driver/Src/stm32g4xx_hal_uart.o
                0x0800b238                HAL_UART_RxCpltCallback
 .text.HAL_UART_RxHalfCpltCallback
                0x0800b24c       0x14 ./Drivers/STM32G4xx_HAL_Driver/Src/stm32g4xx_hal_uart.o
                0x0800b24c                HAL_UART_RxHalfCpltCallback
 .text.HAL_UART_ErrorCallback
                0x0800b260       0x14 ./Drivers/STM32G4xx_HAL_Driver/Src/stm32g4xx_hal_uart.o
                0x0800b260                HAL_UART_ErrorCallback
 .text.HAL_UART_AbortCpltCallback
                0x0800b274       0x14 ./Drivers/STM32G4xx_HAL_Driver/Src/stm32g4xx_hal_uart.o
                0x0800b274                HAL_UART_AbortCpltCallback
 .text.HAL_UART_AbortTransmitCpltCallback
                0x0800b288       0x14 ./Drivers/STM32G4xx_HAL_Driver/Src/stm32g4xx_hal_uart.o
                0x0800b288                HAL_UART_AbortTransmitCpltCallback
 .text.HAL_UART_AbortReceiveCpltCallback
                0x0800b29c       0x14 ./Drivers/STM32G4xx_HAL_Driver/Src/stm32g4xx_hal_uart.o
                0x0800b29c                HAL_UART_AbortReceiveCpltCallback
 .text.HAL_UARTEx_RxEventCallback
                0x0800b2b0       0x18 ./Drivers/STM32G4xx_HAL_Driver/Src/stm32g4xx_hal_uart.o
                0x0800b2b0                HAL_UARTEx_RxEventCallback
 .text.HAL_UART_ReceiverTimeout_Config
                0x0800b2c8       0x38 ./Drivers/STM32G4xx_HAL_Driver/Src/stm32g4xx_hal_uart.o
                0x0800b2c8                HAL_UART_ReceiverTimeout_Config
 .text.HAL_UART_EnableReceiverTimeout
                0x0800b300       0x74 ./Drivers/STM32G4xx_HAL_Driver/Src/stm32g4xx_hal_uart.o
                0x0800b300                HAL_UART_EnableReceiverTimeout
 .text.HAL_UART_GetError
                0x0800b374       0x1a ./Drivers/STM32G4xx_HAL_Driver/Src/stm32g4xx_hal_uart.o
                0x0800b374                HAL_UART_GetError
 *fill*         0x0800b38e        0x2 
 .text.UART_InitCallbacksToDefault
                0x0800b390       0xa4 ./Drivers/STM32G4xx_HAL_Driver/Src/stm32g4xx_hal_uart.o
                0x0800b390                UART_InitCallbacksToDefault
 .text.UART_SetConfig
                0x0800b434      0x5f8 ./Drivers/STM32G4xx_HAL_Driver/Src/stm32g4xx_hal_uart.o
                0x0800b434                UART_SetConfig
 .text.UART_AdvFeatureConfig
                0x0800ba2c      0x144 ./Drivers/STM32G4xx_HAL_Driver/Src/stm32g4xx_hal_uart.o
                0x0800ba2c                UART_AdvFeatureConfig
 .text.UART_CheckIdleState
                0x0800bb70      0x154 ./Drivers/STM32G4xx_HAL_Driver/Src/stm32g4xx_hal_uart.o
                0x0800bb70                UART_CheckIdleState
 .text.UART_WaitOnFlagUntilTimeout
                0x0800bcc4       0xda ./Drivers/STM32G4xx_HAL_Driver/Src/stm32g4xx_hal_uart.o
                0x0800bcc4                UART_WaitOnFlagUntilTimeout
 *fill*         0x0800bd9e        0x2 
 .text.UART_Start_Receive_DMA
                0x0800bda0      0x14c ./Drivers/STM32G4xx_HAL_Driver/Src/stm32g4xx_hal_uart.o
                0x0800bda0                UART_Start_Receive_DMA
 .text.UART_EndTxTransfer
                0x0800beec       0x82 ./Drivers/STM32G4xx_HAL_Driver/Src/stm32g4xx_hal_uart.o
 .text.UART_EndRxTransfer
                0x0800bf6e       0xcc ./Drivers/STM32G4xx_HAL_Driver/Src/stm32g4xx_hal_uart.o
 .text.UART_DMATransmitCplt
                0x0800c03a       0x9e ./Drivers/STM32G4xx_HAL_Driver/Src/stm32g4xx_hal_uart.o
 .text.UART_DMATxHalfCplt
                0x0800c0d8       0x20 ./Drivers/STM32G4xx_HAL_Driver/Src/stm32g4xx_hal_uart.o
 .text.UART_DMAReceiveCplt
                0x0800c0f8      0x134 ./Drivers/STM32G4xx_HAL_Driver/Src/stm32g4xx_hal_uart.o
 .text.UART_DMARxHalfCplt
                0x0800c22c       0x46 ./Drivers/STM32G4xx_HAL_Driver/Src/stm32g4xx_hal_uart.o
 .text.UART_DMAError
                0x0800c272       0x84 ./Drivers/STM32G4xx_HAL_Driver/Src/stm32g4xx_hal_uart.o
 .text.UART_DMAAbortOnError
                0x0800c2f6       0x28 ./Drivers/STM32G4xx_HAL_Driver/Src/stm32g4xx_hal_uart.o
 .text.UART_EndTransmit_IT
                0x0800c31e       0x5a ./Drivers/STM32G4xx_HAL_Driver/Src/stm32g4xx_hal_uart.o
 .text.HAL_UARTEx_WakeupCallback
                0x0800c378       0x14 ./Drivers/STM32G4xx_HAL_Driver/Src/stm32g4xx_hal_uart_ex.o
                0x0800c378                HAL_UARTEx_WakeupCallback
 .text.HAL_UARTEx_RxFifoFullCallback
                0x0800c38c       0x14 ./Drivers/STM32G4xx_HAL_Driver/Src/stm32g4xx_hal_uart_ex.o
                0x0800c38c                HAL_UARTEx_RxFifoFullCallback
 .text.HAL_UARTEx_TxFifoEmptyCallback
                0x0800c3a0       0x14 ./Drivers/STM32G4xx_HAL_Driver/Src/stm32g4xx_hal_uart_ex.o
                0x0800c3a0                HAL_UARTEx_TxFifoEmptyCallback
 .text.HAL_UARTEx_DisableFifoMode
                0x0800c3b4       0x72 ./Drivers/STM32G4xx_HAL_Driver/Src/stm32g4xx_hal_uart_ex.o
                0x0800c3b4                HAL_UARTEx_DisableFifoMode
 .text.HAL_UARTEx_SetTxFifoThreshold
                0x0800c426       0x7c ./Drivers/STM32G4xx_HAL_Driver/Src/stm32g4xx_hal_uart_ex.o
                0x0800c426                HAL_UARTEx_SetTxFifoThreshold
 .text.HAL_UARTEx_SetRxFifoThreshold
                0x0800c4a2       0x7c ./Drivers/STM32G4xx_HAL_Driver/Src/stm32g4xx_hal_uart_ex.o
                0x0800c4a2                HAL_UARTEx_SetRxFifoThreshold
 *fill*         0x0800c51e        0x2 
 .text.UARTEx_SetNbDataToProcess
                0x0800c520       0x9c ./Drivers/STM32G4xx_HAL_Driver/Src/stm32g4xx_hal_uart_ex.o
 .text.arm_pid_init_f32
                0x0800c5bc       0x6c ./Middlewares/Third_Party/ARM_CMSIS/Source/ControllerFunctions/ControllerFunctions.o
                0x0800c5bc                arm_pid_init_f32
 .text.memset   0x0800c628       0x10 C:/ST/STM32CubeIDE_1.16.0/STM32CubeIDE/plugins/com.st.stm32cube.ide.mcu.externaltools.gnu-tools-for-stm32.13.3.rel1.win32_1.0.0.202411081344/tools/bin/../lib/gcc/arm-none-eabi/13.3.1/../../../../arm-none-eabi/lib/thumb/v7e-m+fp/hard\libc_nano.a(libc_a-memset.o)
                0x0800c628                memset
 .text.__errno  0x0800c638        0xc C:/ST/STM32CubeIDE_1.16.0/STM32CubeIDE/plugins/com.st.stm32cube.ide.mcu.externaltools.gnu-tools-for-stm32.13.3.rel1.win32_1.0.0.202411081344/tools/bin/../lib/gcc/arm-none-eabi/13.3.1/../../../../arm-none-eabi/lib/thumb/v7e-m+fp/hard\libc_nano.a(libc_a-errno.o)
                0x0800c638                __errno
 .text.__libc_init_array
                0x0800c644       0x48 C:/ST/STM32CubeIDE_1.16.0/STM32CubeIDE/plugins/com.st.stm32cube.ide.mcu.externaltools.gnu-tools-for-stm32.13.3.rel1.win32_1.0.0.202411081344/tools/bin/../lib/gcc/arm-none-eabi/13.3.1/../../../../arm-none-eabi/lib/thumb/v7e-m+fp/hard\libc_nano.a(libc_a-init.o)
                0x0800c644                __libc_init_array
 .text.memcpy   0x0800c68c       0x1c C:/ST/STM32CubeIDE_1.16.0/STM32CubeIDE/plugins/com.st.stm32cube.ide.mcu.externaltools.gnu-tools-for-stm32.13.3.rel1.win32_1.0.0.202411081344/tools/bin/../lib/gcc/arm-none-eabi/13.3.1/../../../../arm-none-eabi/lib/thumb/v7e-m+fp/hard\libc_nano.a(libc_a-memcpy-stub.o)
                0x0800c68c                memcpy
 .text.atan2f   0x0800c6a8        0x4 C:/ST/STM32CubeIDE_1.16.0/STM32CubeIDE/plugins/com.st.stm32cube.ide.mcu.externaltools.gnu-tools-for-stm32.13.3.rel1.win32_1.0.0.202411081344/tools/bin/../lib/gcc/arm-none-eabi/13.3.1/../../../../arm-none-eabi/lib/thumb/v7e-m+fp/hard\libm.a(libm_a-wf_atan2.o)
                0x0800c6a8                atan2f
 .text.sqrtf    0x0800c6ac       0x3c C:/ST/STM32CubeIDE_1.16.0/STM32CubeIDE/plugins/com.st.stm32cube.ide.mcu.externaltools.gnu-tools-for-stm32.13.3.rel1.win32_1.0.0.202411081344/tools/bin/../lib/gcc/arm-none-eabi/13.3.1/../../../../arm-none-eabi/lib/thumb/v7e-m+fp/hard\libm.a(libm_a-wf_sqrt.o)
                0x0800c6ac                sqrtf
 .text.cosf     0x0800c6e8       0x88 C:/ST/STM32CubeIDE_1.16.0/STM32CubeIDE/plugins/com.st.stm32cube.ide.mcu.externaltools.gnu-tools-for-stm32.13.3.rel1.win32_1.0.0.202411081344/tools/bin/../lib/gcc/arm-none-eabi/13.3.1/../../../../arm-none-eabi/lib/thumb/v7e-m+fp/hard\libm.a(libm_a-sf_cos.o)
                0x0800c6e8                cosf
 .text.sinf     0x0800c770       0x8c C:/ST/STM32CubeIDE_1.16.0/STM32CubeIDE/plugins/com.st.stm32cube.ide.mcu.externaltools.gnu-tools-for-stm32.13.3.rel1.win32_1.0.0.202411081344/tools/bin/../lib/gcc/arm-none-eabi/13.3.1/../../../../arm-none-eabi/lib/thumb/v7e-m+fp/hard\libm.a(libm_a-sf_sin.o)
                0x0800c770                sinf
 .text.__ieee754_sqrtf
                0x0800c7fc        0x6 C:/ST/STM32CubeIDE_1.16.0/STM32CubeIDE/plugins/com.st.stm32cube.ide.mcu.externaltools.gnu-tools-for-stm32.13.3.rel1.win32_1.0.0.202411081344/tools/bin/../lib/gcc/arm-none-eabi/13.3.1/../../../../arm-none-eabi/lib/thumb/v7e-m+fp/hard\libm.a(libm_a-ef_sqrt.o)
                0x0800c7fc                __ieee754_sqrtf
 *fill*         0x0800c802        0x2 
 .text.__kernel_cosf
                0x0800c804       0xb0 C:/ST/STM32CubeIDE_1.16.0/STM32CubeIDE/plugins/com.st.stm32cube.ide.mcu.externaltools.gnu-tools-for-stm32.13.3.rel1.win32_1.0.0.202411081344/tools/bin/../lib/gcc/arm-none-eabi/13.3.1/../../../../arm-none-eabi/lib/thumb/v7e-m+fp/hard\libm.a(libm_a-kf_cos.o)
                0x0800c804                __kernel_cosf
 .text.__kernel_sinf
                0x0800c8b4       0x90 C:/ST/STM32CubeIDE_1.16.0/STM32CubeIDE/plugins/com.st.stm32cube.ide.mcu.externaltools.gnu-tools-for-stm32.13.3.rel1.win32_1.0.0.202411081344/tools/bin/../lib/gcc/arm-none-eabi/13.3.1/../../../../arm-none-eabi/lib/thumb/v7e-m+fp/hard\libm.a(libm_a-kf_sin.o)
                0x0800c8b4                __kernel_sinf
 .text.__ieee754_atan2f
                0x0800c944      0x140 C:/ST/STM32CubeIDE_1.16.0/STM32CubeIDE/plugins/com.st.stm32cube.ide.mcu.externaltools.gnu-tools-for-stm32.13.3.rel1.win32_1.0.0.202411081344/tools/bin/../lib/gcc/arm-none-eabi/13.3.1/../../../../arm-none-eabi/lib/thumb/v7e-m+fp/hard\libm.a(libm_a-ef_atan2.o)
                0x0800c944                __ieee754_atan2f
 .text.__ieee754_rem_pio2f
                0x0800ca84      0x260 C:/ST/STM32CubeIDE_1.16.0/STM32CubeIDE/plugins/com.st.stm32cube.ide.mcu.externaltools.gnu-tools-for-stm32.13.3.rel1.win32_1.0.0.202411081344/tools/bin/../lib/gcc/arm-none-eabi/13.3.1/../../../../arm-none-eabi/lib/thumb/v7e-m+fp/hard\libm.a(libm_a-ef_rem_pio2.o)
                0x0800ca84                __ieee754_rem_pio2f
 .text.atanf    0x0800cce4      0x1a8 C:/ST/STM32CubeIDE_1.16.0/STM32CubeIDE/plugins/com.st.stm32cube.ide.mcu.externaltools.gnu-tools-for-stm32.13.3.rel1.win32_1.0.0.202411081344/tools/bin/../lib/gcc/arm-none-eabi/13.3.1/../../../../arm-none-eabi/lib/thumb/v7e-m+fp/hard\libm.a(libm_a-sf_atan.o)
                0x0800cce4                atanf
 .text.fabsf    0x0800ce8c        0xe C:/ST/STM32CubeIDE_1.16.0/STM32CubeIDE/plugins/com.st.stm32cube.ide.mcu.externaltools.gnu-tools-for-stm32.13.3.rel1.win32_1.0.0.202411081344/tools/bin/../lib/gcc/arm-none-eabi/13.3.1/../../../../arm-none-eabi/lib/thumb/v7e-m+fp/hard\libm.a(libm_a-sf_fabs.o)
                0x0800ce8c                fabsf
 *fill*         0x0800ce9a        0x2 
 .text.scalbnf  0x0800ce9c       0xcc C:/ST/STM32CubeIDE_1.16.0/STM32CubeIDE/plugins/com.st.stm32cube.ide.mcu.externaltools.gnu-tools-for-stm32.13.3.rel1.win32_1.0.0.202411081344/tools/bin/../lib/gcc/arm-none-eabi/13.3.1/../../../../arm-none-eabi/lib/thumb/v7e-m+fp/hard\libm.a(libm_a-sf_scalbn.o)
                0x0800ce9c                scalbnf
 .text.__kernel_rem_pio2f
                0x0800cf68      0x4d0 C:/ST/STM32CubeIDE_1.16.0/STM32CubeIDE/plugins/com.st.stm32cube.ide.mcu.externaltools.gnu-tools-for-stm32.13.3.rel1.win32_1.0.0.202411081344/tools/bin/../lib/gcc/arm-none-eabi/13.3.1/../../../../arm-none-eabi/lib/thumb/v7e-m+fp/hard\libm.a(libm_a-kf_rem_pio2.o)
                0x0800cf68                __kernel_rem_pio2f
 .text.floorf   0x0800d438       0x88 C:/ST/STM32CubeIDE_1.16.0/STM32CubeIDE/plugins/com.st.stm32cube.ide.mcu.externaltools.gnu-tools-for-stm32.13.3.rel1.win32_1.0.0.202411081344/tools/bin/../lib/gcc/arm-none-eabi/13.3.1/../../../../arm-none-eabi/lib/thumb/v7e-m+fp/hard\libm.a(libm_a-sf_floor.o)
                0x0800d438                floorf
 *(.glue_7)
 .glue_7        0x0800d4c0        0x0 linker stubs
 *(.glue_7t)
 .glue_7t       0x0800d4c0        0x0 linker stubs
 *(.eh_frame)
 .eh_frame      0x0800d4c0        0x0 C:/ST/STM32CubeIDE_1.16.0/STM32CubeIDE/plugins/com.st.stm32cube.ide.mcu.externaltools.gnu-tools-for-stm32.13.3.rel1.win32_1.0.0.202411081344/tools/bin/../lib/gcc/arm-none-eabi/13.3.1/thumb/v7e-m+fp/hard/crtbegin.o
 *(.init)
 .init          0x0800d4c0        0x4 C:/ST/STM32CubeIDE_1.16.0/STM32CubeIDE/plugins/com.st.stm32cube.ide.mcu.externaltools.gnu-tools-for-stm32.13.3.rel1.win32_1.0.0.202411081344/tools/bin/../lib/gcc/arm-none-eabi/13.3.1/thumb/v7e-m+fp/hard/crti.o
                0x0800d4c0                _init
 .init          0x0800d4c4        0x8 C:/ST/STM32CubeIDE_1.16.0/STM32CubeIDE/plugins/com.st.stm32cube.ide.mcu.externaltools.gnu-tools-for-stm32.13.3.rel1.win32_1.0.0.202411081344/tools/bin/../lib/gcc/arm-none-eabi/13.3.1/thumb/v7e-m+fp/hard/crtn.o
 *(.fini)
 .fini          0x0800d4cc        0x4 C:/ST/STM32CubeIDE_1.16.0/STM32CubeIDE/plugins/com.st.stm32cube.ide.mcu.externaltools.gnu-tools-for-stm32.13.3.rel1.win32_1.0.0.202411081344/tools/bin/../lib/gcc/arm-none-eabi/13.3.1/thumb/v7e-m+fp/hard/crti.o
                0x0800d4cc                _fini
 .fini          0x0800d4d0        0x8 C:/ST/STM32CubeIDE_1.16.0/STM32CubeIDE/plugins/com.st.stm32cube.ide.mcu.externaltools.gnu-tools-for-stm32.13.3.rel1.win32_1.0.0.202411081344/tools/bin/../lib/gcc/arm-none-eabi/13.3.1/thumb/v7e-m+fp/hard/crtn.o
                0x0800d4d8                        . = ALIGN (0x4)
                0x0800d4d8                        _etext = .

.vfp11_veneer   0x0800d4d8        0x0
 .vfp11_veneer  0x0800d4d8        0x0 linker stubs

.v4_bx          0x0800d4d8        0x0
 .v4_bx         0x0800d4d8        0x0 linker stubs

.iplt           0x0800d4d8        0x0
 .iplt          0x0800d4d8        0x0 C:/ST/STM32CubeIDE_1.16.0/STM32CubeIDE/plugins/com.st.stm32cube.ide.mcu.externaltools.gnu-tools-for-stm32.13.3.rel1.win32_1.0.0.202411081344/tools/bin/../lib/gcc/arm-none-eabi/13.3.1/thumb/v7e-m+fp/hard/crtbegin.o

.rodata         0x0800d4d8    0x16658
                0x0800d4d8                        . = ALIGN (0x4)
 *(.rodata)
 *(.rodata*)
 .rodata.path_FIBO
                0x0800d4d8    0x1620c ./Core/Src/all_path.o
                0x0800d4d8                path_FIBO
 .rodata.path_FIBO_length
                0x080236e4        0x4 ./Core/Src/all_path.o
                0x080236e4                path_FIBO_length
 .rodata.AHBPrescTable
                0x080236e8       0x10 ./Core/Src/system_stm32g4xx.o
                0x080236e8                AHBPrescTable
 .rodata.APBPrescTable
                0x080236f8        0x8 ./Core/Src/system_stm32g4xx.o
                0x080236f8                APBPrescTable
 .rodata.UARTPrescTable
                0x08023700       0x18 ./Drivers/STM32G4xx_HAL_Driver/Src/stm32g4xx_hal_uart.o
                0x08023700                UARTPrescTable
 .rodata.numerator.1
                0x08023718        0x8 ./Drivers/STM32G4xx_HAL_Driver/Src/stm32g4xx_hal_uart_ex.o
 .rodata.denominator.0
                0x08023720        0x8 ./Drivers/STM32G4xx_HAL_Driver/Src/stm32g4xx_hal_uart_ex.o
 .rodata.CSWTCH.9
                0x08023728        0xc C:/ST/STM32CubeIDE_1.16.0/STM32CubeIDE/plugins/com.st.stm32cube.ide.mcu.externaltools.gnu-tools-for-stm32.13.3.rel1.win32_1.0.0.202411081344/tools/bin/../lib/gcc/arm-none-eabi/13.3.1/../../../../arm-none-eabi/lib/thumb/v7e-m+fp/hard\libm.a(libm_a-ef_atan2.o)
 .rodata.CSWTCH.8
                0x08023734        0xc C:/ST/STM32CubeIDE_1.16.0/STM32CubeIDE/plugins/com.st.stm32cube.ide.mcu.externaltools.gnu-tools-for-stm32.13.3.rel1.win32_1.0.0.202411081344/tools/bin/../lib/gcc/arm-none-eabi/13.3.1/../../../../arm-none-eabi/lib/thumb/v7e-m+fp/hard\libm.a(libm_a-ef_atan2.o)
 .rodata.npio2_hw
                0x08023740       0x80 C:/ST/STM32CubeIDE_1.16.0/STM32CubeIDE/plugins/com.st.stm32cube.ide.mcu.externaltools.gnu-tools-for-stm32.13.3.rel1.win32_1.0.0.202411081344/tools/bin/../lib/gcc/arm-none-eabi/13.3.1/../../../../arm-none-eabi/lib/thumb/v7e-m+fp/hard\libm.a(libm_a-ef_rem_pio2.o)
 .rodata.two_over_pi
                0x080237c0      0x318 C:/ST/STM32CubeIDE_1.16.0/STM32CubeIDE/plugins/com.st.stm32cube.ide.mcu.externaltools.gnu-tools-for-stm32.13.3.rel1.win32_1.0.0.202411081344/tools/bin/../lib/gcc/arm-none-eabi/13.3.1/../../../../arm-none-eabi/lib/thumb/v7e-m+fp/hard\libm.a(libm_a-ef_rem_pio2.o)
 .rodata.atanlo
                0x08023ad8       0x10 C:/ST/STM32CubeIDE_1.16.0/STM32CubeIDE/plugins/com.st.stm32cube.ide.mcu.externaltools.gnu-tools-for-stm32.13.3.rel1.win32_1.0.0.202411081344/tools/bin/../lib/gcc/arm-none-eabi/13.3.1/../../../../arm-none-eabi/lib/thumb/v7e-m+fp/hard\libm.a(libm_a-sf_atan.o)
 .rodata.atanhi
                0x08023ae8       0x10 C:/ST/STM32CubeIDE_1.16.0/STM32CubeIDE/plugins/com.st.stm32cube.ide.mcu.externaltools.gnu-tools-for-stm32.13.3.rel1.win32_1.0.0.202411081344/tools/bin/../lib/gcc/arm-none-eabi/13.3.1/../../../../arm-none-eabi/lib/thumb/v7e-m+fp/hard\libm.a(libm_a-sf_atan.o)
 .rodata.PIo2   0x08023af8       0x2c C:/ST/STM32CubeIDE_1.16.0/STM32CubeIDE/plugins/com.st.stm32cube.ide.mcu.externaltools.gnu-tools-for-stm32.13.3.rel1.win32_1.0.0.202411081344/tools/bin/../lib/gcc/arm-none-eabi/13.3.1/../../../../arm-none-eabi/lib/thumb/v7e-m+fp/hard\libm.a(libm_a-kf_rem_pio2.o)
 .rodata.init_jk
                0x08023b24        0xc C:/ST/STM32CubeIDE_1.16.0/STM32CubeIDE/plugins/com.st.stm32cube.ide.mcu.externaltools.gnu-tools-for-stm32.13.3.rel1.win32_1.0.0.202411081344/tools/bin/../lib/gcc/arm-none-eabi/13.3.1/../../../../arm-none-eabi/lib/thumb/v7e-m+fp/hard\libm.a(libm_a-kf_rem_pio2.o)
                0x08023b30                        . = ALIGN (0x4)

.ARM.extab      0x08023b30        0x0
                0x08023b30                        . = ALIGN (0x4)
 *(.ARM.extab* .gnu.linkonce.armextab.*)
                0x08023b30                        . = ALIGN (0x4)

.ARM            0x08023b30        0x8
                0x08023b30                        . = ALIGN (0x4)
                0x08023b30                        __exidx_start = .
 *(.ARM.exidx*)
 .ARM.exidx     0x08023b30        0x8 C:/ST/STM32CubeIDE_1.16.0/STM32CubeIDE/plugins/com.st.stm32cube.ide.mcu.externaltools.gnu-tools-for-stm32.13.3.rel1.win32_1.0.0.202411081344/tools/bin/../lib/gcc/arm-none-eabi/13.3.1/thumb/v7e-m+fp/hard\libgcc.a(_udivmoddi4.o)
                0x08023b38                        __exidx_end = .
                0x08023b38                        . = ALIGN (0x4)

.preinit_array  0x08023b38        0x0
                0x08023b38                        . = ALIGN (0x4)
                0x08023b38                        PROVIDE (__preinit_array_start = .)
 *(.preinit_array*)
                0x08023b38                        PROVIDE (__preinit_array_end = .)
                0x08023b38                        . = ALIGN (0x4)

.init_array     0x08023b38        0x4
                0x08023b38                        . = ALIGN (0x4)
                0x08023b38                        PROVIDE (__init_array_start = .)
 *(SORT_BY_NAME(.init_array.*))
 *(.init_array*)
 .init_array    0x08023b38        0x4 C:/ST/STM32CubeIDE_1.16.0/STM32CubeIDE/plugins/com.st.stm32cube.ide.mcu.externaltools.gnu-tools-for-stm32.13.3.rel1.win32_1.0.0.202411081344/tools/bin/../lib/gcc/arm-none-eabi/13.3.1/thumb/v7e-m+fp/hard/crtbegin.o
                0x08023b3c                        PROVIDE (__init_array_end = .)
                0x08023b3c                        . = ALIGN (0x4)

.fini_array     0x08023b3c        0x4
                0x08023b3c                        . = ALIGN (0x4)
                [!provide]                        PROVIDE (__fini_array_start = .)
 *(SORT_BY_NAME(.fini_array.*))
 *(.fini_array*)
 .fini_array    0x08023b3c        0x4 C:/ST/STM32CubeIDE_1.16.0/STM32CubeIDE/plugins/com.st.stm32cube.ide.mcu.externaltools.gnu-tools-for-stm32.13.3.rel1.win32_1.0.0.202411081344/tools/bin/../lib/gcc/arm-none-eabi/13.3.1/thumb/v7e-m+fp/hard/crtbegin.o
                [!provide]                        PROVIDE (__fini_array_end = .)
                0x08023b40                        . = ALIGN (0x4)
                0x08023b40                        _sidata = LOADADDR (.data)

.rel.dyn        0x08023b40        0x0
 .rel.iplt      0x08023b40        0x0 C:/ST/STM32CubeIDE_1.16.0/STM32CubeIDE/plugins/com.st.stm32cube.ide.mcu.externaltools.gnu-tools-for-stm32.13.3.rel1.win32_1.0.0.202411081344/tools/bin/../lib/gcc/arm-none-eabi/13.3.1/thumb/v7e-m+fp/hard/crtbegin.o

.data           0x20000000      0x28c load address 0x08023b40
                0x20000000                        . = ALIGN (0x4)
                0x20000000                        _sdata = .
 *(.data)
 *(.data*)
 .data.auchCRCLo
                0x20000000      0x100 ./Core/Src/ModBusRTU.o
 .data.auchCRCHi
                0x20000100      0x100 ./Core/Src/ModBusRTU.o
 .data.R_kP_vel
                0x20000200        0x4 ./Core/Src/main.o
                0x20000200                R_kP_vel
 .data.R_kI_vel
                0x20000204        0x4 ./Core/Src/main.o
                0x20000204                R_kI_vel
 .data.R_kD_vel
                0x20000208        0x4 ./Core/Src/main.o
                0x20000208                R_kD_vel
 .data.R_kP_pos
                0x2000020c        0x4 ./Core/Src/main.o
                0x2000020c                R_kP_pos
 .data.R_kI_pos
                0x20000210        0x4 ./Core/Src/main.o
                0x20000210                R_kI_pos
 .data.R_kD_pos
                0x20000214        0x4 ./Core/Src/main.o
                0x20000214                R_kD_pos
 .data.P_kP_vel
                0x20000218        0x4 ./Core/Src/main.o
                0x20000218                P_kP_vel
 .data.P_kI_vel
                0x2000021c        0x4 ./Core/Src/main.o
                0x2000021c                P_kI_vel
 .data.P_kP_pos
                0x20000220        0x4 ./Core/Src/main.o
                0x20000220                P_kP_pos
 .data.P_kI_pos
                0x20000224        0x4 ./Core/Src/main.o
                0x20000224                P_kI_pos
 .data.P_kD_pos
                0x20000228        0x4 ./Core/Src/main.o
                0x20000228                P_kD_pos
 .data.goCenter8
                0x2000022c        0x1 ./Core/Src/main.o
                0x2000022c                goCenter8
 .data.new_target.14
                0x2000022d        0x1 ./Core/Src/main.o
 .data.PenIsNotDelay.9
                0x2000022e        0x1 ./Core/Src/main.o
 *fill*         0x2000022f        0x1 
 .data.SystemCoreClock
                0x20000230        0x4 ./Core/Src/system_stm32g4xx.o
                0x20000230                SystemCoreClock
 .data.uwTickPrio
                0x20000234        0x4 ./Drivers/STM32G4xx_HAL_Driver/Src/stm32g4xx_hal.o
                0x20000234                uwTickPrio
 .data.uwTickFreq
                0x20000238        0x4 ./Drivers/STM32G4xx_HAL_Driver/Src/stm32g4xx_hal.o
                0x20000238                uwTickFreq
 .data._impure_ptr
                0x2000023c        0x4 C:/ST/STM32CubeIDE_1.16.0/STM32CubeIDE/plugins/com.st.stm32cube.ide.mcu.externaltools.gnu-tools-for-stm32.13.3.rel1.win32_1.0.0.202411081344/tools/bin/../lib/gcc/arm-none-eabi/13.3.1/../../../../arm-none-eabi/lib/thumb/v7e-m+fp/hard\libc_nano.a(libc_a-impure.o)
                0x2000023c                _impure_ptr
 .data._impure_data
                0x20000240       0x4c C:/ST/STM32CubeIDE_1.16.0/STM32CubeIDE/plugins/com.st.stm32cube.ide.mcu.externaltools.gnu-tools-for-stm32.13.3.rel1.win32_1.0.0.202411081344/tools/bin/../lib/gcc/arm-none-eabi/13.3.1/../../../../arm-none-eabi/lib/thumb/v7e-m+fp/hard\libc_nano.a(libc_a-impure.o)
                0x20000240                _impure_data
 *(.RamFunc)
 *(.RamFunc*)
                0x2000028c                        . = ALIGN (0x4)
                0x2000028c                        _edata = .

.igot.plt       0x2000028c        0x0 load address 0x08023dcc
 .igot.plt      0x2000028c        0x0 C:/ST/STM32CubeIDE_1.16.0/STM32CubeIDE/plugins/com.st.stm32cube.ide.mcu.externaltools.gnu-tools-for-stm32.13.3.rel1.win32_1.0.0.202411081344/tools/bin/../lib/gcc/arm-none-eabi/13.3.1/thumb/v7e-m+fp/hard/crtbegin.o
                0x2000028c                        . = ALIGN (0x4)

.bss            0x20000290     0x12f4 load address 0x08023dcc
                0x20000290                        _sbss = .
                0x20000290                        __bss_start__ = _sbss
 *(.bss)
 .bss           0x20000290       0x1c C:/ST/STM32CubeIDE_1.16.0/STM32CubeIDE/plugins/com.st.stm32cube.ide.mcu.externaltools.gnu-tools-for-stm32.13.3.rel1.win32_1.0.0.202411081344/tools/bin/../lib/gcc/arm-none-eabi/13.3.1/thumb/v7e-m+fp/hard/crtbegin.o
 *(.bss*)
 .bss.hModbus   0x200002ac        0x4 ./Core/Src/ModBusRTU.o
                0x200002ac                hModbus
 .bss.htim1     0x200002b0       0xcc ./Core/Src/main.o
                0x200002b0                htim1
 .bss.htim2     0x2000037c       0xcc ./Core/Src/main.o
                0x2000037c                htim2
 .bss.htim3     0x20000448       0xcc ./Core/Src/main.o
                0x20000448                htim3
 .bss.htim4     0x20000514       0xcc ./Core/Src/main.o
                0x20000514                htim4
 .bss.htim5     0x200005e0       0xcc ./Core/Src/main.o
                0x200005e0                htim5
 .bss.htim8     0x200006ac       0xcc ./Core/Src/main.o
                0x200006ac                htim8
 .bss.htim15    0x20000778       0xcc ./Core/Src/main.o
                0x20000778                htim15
 .bss.htim16    0x20000844       0xcc ./Core/Src/main.o
                0x20000844                htim16
 .bss.huart2    0x20000910       0xcc ./Core/Src/main.o
                0x20000910                huart2
 .bss.hdma_usart2_rx
                0x200009dc       0x60 ./Core/Src/main.o
                0x200009dc                hdma_usart2_rx
 .bss.hdma_usart2_tx
                0x20000a3c       0x60 ./Core/Src/main.o
                0x20000a3c                hdma_usart2_tx
 *fill*         0x20000a9c        0x4 
 .bss._micros   0x20000aa0        0x8 ./Core/Src/main.o
                0x20000aa0                _micros
 .bss.TargetR_Deg
                0x20000aa8        0x4 ./Core/Src/main.o
                0x20000aa8                TargetR_Deg
 .bss.R_Pos_Error_Deg
                0x20000aac        0x4 ./Core/Src/main.o
                0x20000aac                R_Pos_Error_Deg
 .bss.Receiver  0x20000ab0       0x14 ./Core/Src/main.o
                0x20000ab0                Receiver
 .bss.Receiver_Period
                0x20000ac4       0x14 ./Core/Src/main.o
                0x20000ac4                Receiver_Period
 .bss.rise_time
                0x20000ad8        0xc ./Core/Src/main.o
                0x20000ad8                rise_time
 .bss.pulse_width_us
                0x20000ae4        0xc ./Core/Src/main.o
                0x20000ae4                pulse_width_us
 .bss.revolute_raw
                0x20000af0        0x4 ./Core/Src/main.o
                0x20000af0                revolute_raw
 .bss.prismatic_raw
                0x20000af4        0x4 ./Core/Src/main.o
                0x20000af4                prismatic_raw
 .bss.Revolute_QEIdata
                0x20000af8       0x40 ./Core/Src/main.o
                0x20000af8                Revolute_QEIdata
 .bss.Prismatic_QEIdata
                0x20000b38       0x40 ./Core/Src/main.o
                0x20000b38                Prismatic_QEIdata
 .bss.Z_index_R
                0x20000b78        0x1 ./Core/Src/main.o
                0x20000b78                Z_index_R
 .bss.z_temp    0x20000b79        0x1 ./Core/Src/main.o
                0x20000b79                z_temp
 *fill*         0x20000b7a        0x2 
 .bss.vx        0x20000b7c        0x4 ./Core/Src/main.o
                0x20000b7c                vx
 .bss.vy        0x20000b80        0x4 ./Core/Src/main.o
                0x20000b80                vy
 .bss.End_x     0x20000b84        0x4 ./Core/Src/main.o
                0x20000b84                End_x
 .bss.End_y     0x20000b88        0x4 ./Core/Src/main.o
                0x20000b88                End_y
 .bss.TargetX   0x20000b8c        0x4 ./Core/Src/main.o
                0x20000b8c                TargetX
 .bss.TargetY   0x20000b90        0x4 ./Core/Src/main.o
                0x20000b90                TargetY
 .bss.TargetR   0x20000b94        0x4 ./Core/Src/main.o
                0x20000b94                TargetR
 .bss.TargetP   0x20000b98        0x4 ./Core/Src/main.o
                0x20000b98                TargetP
 .bss.TargetRPos
                0x20000b9c        0x4 ./Core/Src/main.o
                0x20000b9c                TargetRPos
 .bss.TargetPPos
                0x20000ba0        0x4 ./Core/Src/main.o
                0x20000ba0                TargetPPos
 .bss.TargetRVel
                0x20000ba4        0x4 ./Core/Src/main.o
                0x20000ba4                TargetRVel
 .bss.TargetPVel
                0x20000ba8        0x4 ./Core/Src/main.o
                0x20000ba8                TargetPVel
 .bss.TargetRAcc
                0x20000bac        0x4 ./Core/Src/main.o
                0x20000bac                TargetRAcc
 .bss.TargetPAcc
                0x20000bb0        0x4 ./Core/Src/main.o
                0x20000bb0                TargetPAcc
 .bss.R_Pos_Error
                0x20000bb4        0x4 ./Core/Src/main.o
                0x20000bb4                R_Pos_Error
 .bss.P_Pos_Error
                0x20000bb8        0x4 ./Core/Src/main.o
                0x20000bb8                P_Pos_Error
 .bss.R_Velo_Error
                0x20000bbc        0x4 ./Core/Src/main.o
                0x20000bbc                R_Velo_Error
 .bss.P_Velo_Error
                0x20000bc0        0x4 ./Core/Src/main.o
                0x20000bc0                P_Velo_Error
 .bss.R_PWM     0x20000bc4        0x4 ./Core/Src/main.o
                0x20000bc4                R_PWM
 .bss.P_PWM     0x20000bc8        0x4 ./Core/Src/main.o
                0x20000bc8                P_PWM
 .bss.Mode      0x20000bcc        0x1 ./Core/Src/main.o
                0x20000bcc                Mode
 .bss.Last_Mode
                0x20000bcd        0x1 ./Core/Src/main.o
                0x20000bcd                Last_Mode
 .bss.EmergencyState
                0x20000bce        0x1 ./Core/Src/main.o
                0x20000bce                EmergencyState
 .bss.IsPress   0x20000bcf        0x1 ./Core/Src/main.o
                0x20000bcf                IsPress
 .bss.Pen_Status
                0x20000bd0        0x1 ./Core/Src/main.o
                0x20000bd0                Pen_Status
 .bss.Pen_Status_in
                0x20000bd1        0x1 ./Core/Src/main.o
                0x20000bd1                Pen_Status_in
 .bss.P_Limit   0x20000bd2        0x1 ./Core/Src/main.o
                0x20000bd2                P_Limit
 .bss.R_Limit   0x20000bd3        0x1 ./Core/Src/main.o
                0x20000bd3                R_Limit
 .bss.PID       0x20000bd4       0x24 ./Core/Src/main.o
                0x20000bd4                PID
 .bss.pid_r     0x20000bf8        0x8 ./Core/Src/main.o
                0x20000bf8                pid_r
 .bss.pid_p     0x20000c00        0x8 ./Core/Src/main.o
                0x20000c00                pid_p
 .bss.pid_r_v   0x20000c08        0x8 ./Core/Src/main.o
                0x20000c08                pid_r_v
 .bss.pid_p_v   0x20000c10        0x8 ./Core/Src/main.o
                0x20000c10                pid_p_v
 .bss.P_kD_vel  0x20000c18        0x4 ./Core/Src/main.o
                0x20000c18                P_kD_vel
 .bss.prev_TargetP
                0x20000c1c        0x4 ./Core/Src/main.o
                0x20000c1c                prev_TargetP
 .bss.max_P_position
                0x20000c20        0x4 ./Core/Src/main.o
                0x20000c20                max_P_position
 .bss.prev_TargetR
                0x20000c24        0x4 ./Core/Src/main.o
                0x20000c24                prev_TargetR
 .bss.max_R_position
                0x20000c28        0x4 ./Core/Src/main.o
                0x20000c28                max_R_position
 .bss.P_overshoot
                0x20000c2c        0x4 ./Core/Src/main.o
                0x20000c2c                P_overshoot
 .bss.R_overshoot
                0x20000c30        0x4 ./Core/Src/main.o
                0x20000c30                R_overshoot
 .bss.calibState
                0x20000c34        0x1 ./Core/Src/main.o
                0x20000c34                calibState
 *fill*         0x20000c35        0x3 
 .bss.calib_timer
                0x20000c38        0x8 ./Core/Src/main.o
                0x20000c38                calib_timer
 .bss.Cal_Side  0x20000c40        0x1 ./Core/Src/main.o
                0x20000c40                Cal_Side
 *fill*         0x20000c41        0x7 
 .bss.servo_timer
                0x20000c48        0x8 ./Core/Src/main.o
                0x20000c48                servo_timer
 .bss.counter8  0x20000c50        0x1 ./Core/Src/main.o
                0x20000c50                counter8
 .bss.counter   0x20000c51        0x1 ./Core/Src/main.o
                0x20000c51                counter
 .bss.TenPointMode
                0x20000c52        0x1 ./Core/Src/main.o
                0x20000c52                TenPointMode
 .bss.Test_no_BaseSystem
                0x20000c53        0x1 ./Core/Src/main.o
                0x20000c53                Test_no_BaseSystem
 .bss.TargetR_BaseSystem
                0x20000c54        0x4 ./Core/Src/main.o
                0x20000c54                TargetR_BaseSystem
 .bss.TargetP_BaseSystem
                0x20000c58        0x4 ./Core/Src/main.o
                0x20000c58                TargetP_BaseSystem
 .bss.Pen_BaseSystem
                0x20000c5c        0x1 ./Core/Src/main.o
                0x20000c5c                Pen_BaseSystem
 .bss.Last_Pen_BaseSystem
                0x20000c5d        0x1 ./Core/Src/main.o
                0x20000c5d                Last_Pen_BaseSystem
 *fill*         0x20000c5e        0x2 
 .bss.hmodbus   0x20000c60      0x4d8 ./Core/Src/main.o
                0x20000c60                hmodbus
 .bss.registerFrame
                0x20001138      0x190 ./Core/Src/main.o
                0x20001138                registerFrame
 .bss.base_status
                0x200012c8        0x2 ./Core/Src/main.o
                0x200012c8                base_status
 *fill*         0x200012ca        0x2 
 .bss.TenPointArray
                0x200012cc       0x50 ./Core/Src/main.o
                0x200012cc                TenPointArray
 .bss.testArraydone
                0x2000131c        0x1 ./Core/Src/main.o
                0x2000131c                testArraydone
 *fill*         0x2000131d        0x3 
 .bss.currentTimer
                0x20001320        0x8 ./Core/Src/main.o
                0x20001320                currentTimer
 .bss.last_TargetR
                0x20001328        0x4 ./Core/Src/main.o
 .bss.last_TargetP
                0x2000132c        0x4 ./Core/Src/main.o
 .bss.pen_delay_timer
                0x20001330        0x8 ./Core/Src/main.o
                0x20001330                pen_delay_timer
 .bss.CheckTolerance
                0x20001338        0x1 ./Core/Src/main.o
                0x20001338                CheckTolerance
 *fill*         0x20001339        0x3 
 .bss.revolute  0x2000133c       0x44 ./Core/Src/main.o
                0x2000133c                revolute
 .bss.prismatic
                0x20001380       0x44 ./Core/Src/main.o
                0x20001380                prismatic
 .bss.current_index
                0x200013c4        0x4 ./Core/Src/main.o
                0x200013c4                current_index
 .bss.timestamp.20
                0x200013c8        0x8 ./Core/Src/main.o
 .bss.timestamp1.19
                0x200013d0        0x8 ./Core/Src/main.o
 .bss.timestamp2.18
                0x200013d8        0x8 ./Core/Src/main.o
 .bss.timestampState1.17
                0x200013e0        0x8 ./Core/Src/main.o
 .bss.last_TargetX.16
                0x200013e8        0x4 ./Core/Src/main.o
 .bss.last_TargetY.15
                0x200013ec        0x4 ./Core/Src/main.o
 .bss.sequence_active.13
                0x200013f0        0x1 ./Core/Src/main.o
 *fill*         0x200013f1        0x7 
 .bss.pen_timestamp.12
                0x200013f8        0x8 ./Core/Src/main.o
 .bss.waiting_for_up.11
                0x20001400        0x1 ./Core/Src/main.o
 *fill*         0x20001401        0x7 
 .bss.timestampState5.10
                0x20001408        0x8 ./Core/Src/main.o
 .bss.lastPressTime6.8
                0x20001410        0x8 ./Core/Src/main.o
 .bss.lastPressTime7.7
                0x20001418        0x8 ./Core/Src/main.o
 .bss.state.6   0x20001420        0x4 ./Core/Src/main.o
 .bss.state.5   0x20001424        0x3 ./Core/Src/main.o
 *fill*         0x20001427        0x1 
 .bss.loop_counter1.4
                0x20001428        0x4 ./Core/Src/main.o
 .bss.R_Target_Velocity.3
                0x2000142c        0x4 ./Core/Src/main.o
 .bss.P_Target_Velocity.2
                0x20001430        0x4 ./Core/Src/main.o
 *fill*         0x20001434        0x4 
 .bss.lock_timer_us.1
                0x20001438        0x8 ./Core/Src/main.o
 .bss.timestampState2.0
                0x20001440        0x8 ./Core/Src/main.o
 .bss.uwTick    0x20001448        0x4 ./Drivers/STM32G4xx_HAL_Driver/Src/stm32g4xx_hal.o
                0x20001448                uwTick
 .bss.__sf      0x2000144c      0x138 C:/ST/STM32CubeIDE_1.16.0/STM32CubeIDE/plugins/com.st.stm32cube.ide.mcu.externaltools.gnu-tools-for-stm32.13.3.rel1.win32_1.0.0.202411081344/tools/bin/../lib/gcc/arm-none-eabi/13.3.1/../../../../arm-none-eabi/lib/thumb/v7e-m+fp/hard\libc_nano.a(libc_a-findfp.o)
                0x2000144c                __sf
 *(COMMON)
                0x20001584                        . = ALIGN (0x4)
                0x20001584                        _ebss = .
                0x20001584                        __bss_end__ = _ebss

._user_heap_stack
                0x20001584      0x604 load address 0x08023dcc
                0x20001588                        . = ALIGN (0x8)
 *fill*         0x20001584        0x4 
                [!provide]                        PROVIDE (end = .)
                0x20001588                        PROVIDE (_end = .)
                0x20001788                        . = (. + _Min_Heap_Size)
 *fill*         0x20001588      0x200 
                0x20001b88                        . = (. + _Min_Stack_Size)
 *fill*         0x20001788      0x400 
                0x20001b88                        . = ALIGN (0x8)

/DISCARD/
 libc.a(*)
 libm.a(*)
 libgcc.a(*)

.ARM.attributes
                0x00000000       0x30
 *(.ARM.attributes)
 .ARM.attributes
                0x00000000       0x22 C:/ST/STM32CubeIDE_1.16.0/STM32CubeIDE/plugins/com.st.stm32cube.ide.mcu.externaltools.gnu-tools-for-stm32.13.3.rel1.win32_1.0.0.202411081344/tools/bin/../lib/gcc/arm-none-eabi/13.3.1/thumb/v7e-m+fp/hard/crti.o
 .ARM.attributes
                0x00000022       0x34 C:/ST/STM32CubeIDE_1.16.0/STM32CubeIDE/plugins/com.st.stm32cube.ide.mcu.externaltools.gnu-tools-for-stm32.13.3.rel1.win32_1.0.0.202411081344/tools/bin/../lib/gcc/arm-none-eabi/13.3.1/thumb/v7e-m+fp/hard/crtbegin.o
 .ARM.attributes
                0x00000056       0x34 ./Core/Src/ModBusRTU.o
 .ARM.attributes
                0x0000008a       0x34 ./Core/Src/Trapezoidal.o
 .ARM.attributes
                0x000000be       0x34 ./Core/Src/all_path.o
 .ARM.attributes
                0x000000f2       0x34 ./Core/Src/main.o
 .ARM.attributes
                0x00000126       0x34 ./Core/Src/stm32g4xx_hal_msp.o
 .ARM.attributes
                0x0000015a       0x34 ./Core/Src/stm32g4xx_it.o
 .ARM.attributes
                0x0000018e       0x34 ./Core/Src/system_stm32g4xx.o
 .ARM.attributes
                0x000001c2       0x21 ./Core/Startup/startup_stm32g474retx.o
 .ARM.attributes
                0x000001e3       0x34 ./Drivers/STM32G4xx_HAL_Driver/Src/stm32g4xx_hal.o
 .ARM.attributes
                0x00000217       0x34 ./Drivers/STM32G4xx_HAL_Driver/Src/stm32g4xx_hal_cortex.o
 .ARM.attributes
                0x0000024b       0x34 ./Drivers/STM32G4xx_HAL_Driver/Src/stm32g4xx_hal_dma.o
 .ARM.attributes
                0x0000027f       0x34 ./Drivers/STM32G4xx_HAL_Driver/Src/stm32g4xx_hal_gpio.o
 .ARM.attributes
                0x000002b3       0x34 ./Drivers/STM32G4xx_HAL_Driver/Src/stm32g4xx_hal_pwr_ex.o
 .ARM.attributes
                0x000002e7       0x34 ./Drivers/STM32G4xx_HAL_Driver/Src/stm32g4xx_hal_rcc.o
 .ARM.attributes
                0x0000031b       0x34 ./Drivers/STM32G4xx_HAL_Driver/Src/stm32g4xx_hal_rcc_ex.o
 .ARM.attributes
                0x0000034f       0x34 ./Drivers/STM32G4xx_HAL_Driver/Src/stm32g4xx_hal_tim.o
 .ARM.attributes
                0x00000383       0x34 ./Drivers/STM32G4xx_HAL_Driver/Src/stm32g4xx_hal_tim_ex.o
 .ARM.attributes
                0x000003b7       0x34 ./Drivers/STM32G4xx_HAL_Driver/Src/stm32g4xx_hal_uart.o
 .ARM.attributes
                0x000003eb       0x34 ./Drivers/STM32G4xx_HAL_Driver/Src/stm32g4xx_hal_uart_ex.o
 .ARM.attributes
                0x0000041f       0x34 ./Middlewares/Third_Party/ARM_CMSIS/Source/ControllerFunctions/ControllerFunctions.o
 .ARM.attributes
                0x00000453       0x34 C:/ST/STM32CubeIDE_1.16.0/STM32CubeIDE/plugins/com.st.stm32cube.ide.mcu.externaltools.gnu-tools-for-stm32.13.3.rel1.win32_1.0.0.202411081344/tools/bin/../lib/gcc/arm-none-eabi/13.3.1/../../../../arm-none-eabi/lib/thumb/v7e-m+fp/hard\libc_nano.a(libc_a-findfp.o)
 .ARM.attributes
                0x00000487       0x34 C:/ST/STM32CubeIDE_1.16.0/STM32CubeIDE/plugins/com.st.stm32cube.ide.mcu.externaltools.gnu-tools-for-stm32.13.3.rel1.win32_1.0.0.202411081344/tools/bin/../lib/gcc/arm-none-eabi/13.3.1/../../../../arm-none-eabi/lib/thumb/v7e-m+fp/hard\libc_nano.a(libc_a-memset.o)
 .ARM.attributes
                0x000004bb       0x34 C:/ST/STM32CubeIDE_1.16.0/STM32CubeIDE/plugins/com.st.stm32cube.ide.mcu.externaltools.gnu-tools-for-stm32.13.3.rel1.win32_1.0.0.202411081344/tools/bin/../lib/gcc/arm-none-eabi/13.3.1/../../../../arm-none-eabi/lib/thumb/v7e-m+fp/hard\libc_nano.a(libc_a-impure.o)
 .ARM.attributes
                0x000004ef       0x34 C:/ST/STM32CubeIDE_1.16.0/STM32CubeIDE/plugins/com.st.stm32cube.ide.mcu.externaltools.gnu-tools-for-stm32.13.3.rel1.win32_1.0.0.202411081344/tools/bin/../lib/gcc/arm-none-eabi/13.3.1/../../../../arm-none-eabi/lib/thumb/v7e-m+fp/hard\libc_nano.a(libc_a-errno.o)
 .ARM.attributes
                0x00000523       0x34 C:/ST/STM32CubeIDE_1.16.0/STM32CubeIDE/plugins/com.st.stm32cube.ide.mcu.externaltools.gnu-tools-for-stm32.13.3.rel1.win32_1.0.0.202411081344/tools/bin/../lib/gcc/arm-none-eabi/13.3.1/../../../../arm-none-eabi/lib/thumb/v7e-m+fp/hard\libc_nano.a(libc_a-init.o)
 .ARM.attributes
                0x00000557       0x34 C:/ST/STM32CubeIDE_1.16.0/STM32CubeIDE/plugins/com.st.stm32cube.ide.mcu.externaltools.gnu-tools-for-stm32.13.3.rel1.win32_1.0.0.202411081344/tools/bin/../lib/gcc/arm-none-eabi/13.3.1/../../../../arm-none-eabi/lib/thumb/v7e-m+fp/hard\libc_nano.a(libc_a-memcpy-stub.o)
 .ARM.attributes
                0x0000058b       0x34 C:/ST/STM32CubeIDE_1.16.0/STM32CubeIDE/plugins/com.st.stm32cube.ide.mcu.externaltools.gnu-tools-for-stm32.13.3.rel1.win32_1.0.0.202411081344/tools/bin/../lib/gcc/arm-none-eabi/13.3.1/../../../../arm-none-eabi/lib/thumb/v7e-m+fp/hard\libm.a(libm_a-wf_atan2.o)
 .ARM.attributes
                0x000005bf       0x34 C:/ST/STM32CubeIDE_1.16.0/STM32CubeIDE/plugins/com.st.stm32cube.ide.mcu.externaltools.gnu-tools-for-stm32.13.3.rel1.win32_1.0.0.202411081344/tools/bin/../lib/gcc/arm-none-eabi/13.3.1/../../../../arm-none-eabi/lib/thumb/v7e-m+fp/hard\libm.a(libm_a-wf_sqrt.o)
 .ARM.attributes
                0x000005f3       0x34 C:/ST/STM32CubeIDE_1.16.0/STM32CubeIDE/plugins/com.st.stm32cube.ide.mcu.externaltools.gnu-tools-for-stm32.13.3.rel1.win32_1.0.0.202411081344/tools/bin/../lib/gcc/arm-none-eabi/13.3.1/../../../../arm-none-eabi/lib/thumb/v7e-m+fp/hard\libm.a(libm_a-sf_cos.o)
 .ARM.attributes
                0x00000627       0x34 C:/ST/STM32CubeIDE_1.16.0/STM32CubeIDE/plugins/com.st.stm32cube.ide.mcu.externaltools.gnu-tools-for-stm32.13.3.rel1.win32_1.0.0.202411081344/tools/bin/../lib/gcc/arm-none-eabi/13.3.1/../../../../arm-none-eabi/lib/thumb/v7e-m+fp/hard\libm.a(libm_a-sf_sin.o)
 .ARM.attributes
                0x0000065b       0x34 C:/ST/STM32CubeIDE_1.16.0/STM32CubeIDE/plugins/com.st.stm32cube.ide.mcu.externaltools.gnu-tools-for-stm32.13.3.rel1.win32_1.0.0.202411081344/tools/bin/../lib/gcc/arm-none-eabi/13.3.1/../../../../arm-none-eabi/lib/thumb/v7e-m+fp/hard\libm.a(libm_a-ef_sqrt.o)
 .ARM.attributes
                0x0000068f       0x34 C:/ST/STM32CubeIDE_1.16.0/STM32CubeIDE/plugins/com.st.stm32cube.ide.mcu.externaltools.gnu-tools-for-stm32.13.3.rel1.win32_1.0.0.202411081344/tools/bin/../lib/gcc/arm-none-eabi/13.3.1/../../../../arm-none-eabi/lib/thumb/v7e-m+fp/hard\libm.a(libm_a-kf_cos.o)
 .ARM.attributes
                0x000006c3       0x34 C:/ST/STM32CubeIDE_1.16.0/STM32CubeIDE/plugins/com.st.stm32cube.ide.mcu.externaltools.gnu-tools-for-stm32.13.3.rel1.win32_1.0.0.202411081344/tools/bin/../lib/gcc/arm-none-eabi/13.3.1/../../../../arm-none-eabi/lib/thumb/v7e-m+fp/hard\libm.a(libm_a-kf_sin.o)
 .ARM.attributes
                0x000006f7       0x34 C:/ST/STM32CubeIDE_1.16.0/STM32CubeIDE/plugins/com.st.stm32cube.ide.mcu.externaltools.gnu-tools-for-stm32.13.3.rel1.win32_1.0.0.202411081344/tools/bin/../lib/gcc/arm-none-eabi/13.3.1/../../../../arm-none-eabi/lib/thumb/v7e-m+fp/hard\libm.a(libm_a-ef_atan2.o)
 .ARM.attributes
                0x0000072b       0x34 C:/ST/STM32CubeIDE_1.16.0/STM32CubeIDE/plugins/com.st.stm32cube.ide.mcu.externaltools.gnu-tools-for-stm32.13.3.rel1.win32_1.0.0.202411081344/tools/bin/../lib/gcc/arm-none-eabi/13.3.1/../../../../arm-none-eabi/lib/thumb/v7e-m+fp/hard\libm.a(libm_a-ef_rem_pio2.o)
 .ARM.attributes
                0x0000075f       0x34 C:/ST/STM32CubeIDE_1.16.0/STM32CubeIDE/plugins/com.st.stm32cube.ide.mcu.externaltools.gnu-tools-for-stm32.13.3.rel1.win32_1.0.0.202411081344/tools/bin/../lib/gcc/arm-none-eabi/13.3.1/../../../../arm-none-eabi/lib/thumb/v7e-m+fp/hard\libm.a(libm_a-sf_atan.o)
 .ARM.attributes