14:47:10 **** Incremental Build of configuration Debug for project RP_Plotter ****
make -j8 all 
arm-none-eabi-gcc "../Core/Src/ModBusRTU.c" -mcpu=cortex-m4 -std=gnu11 -g3 -DDEBUG -DUSE_HAL_DRIVER -DSTM32G474xx -c -I../Core/Inc -I../Drivers/STM32G4xx_HAL_Driver/Inc -I../Drivers/STM32G4xx_HAL_Driver/Inc/Legacy -I../Drivers/CMSIS/Device/ST/STM32G4xx/Include -I../Drivers/CMSIS/Include -I../Middlewares/Third_Party/ARM_CMSIS/CMSIS/Core/Include/ -I../Middlewares/Third_Party/ARM_CMSIS/PrivateInclude/ -I../Middlewares/Third_Party/ARM_CMSIS/Include/ -I../Middlewares/Third_Party/ARM_CMSIS/Include -I"C:/Users/lasto/STM32CubeIDE/poter/RP-Plotter-G.9/Control/Studio_STM32_workspace/RP_Plotter/Source/BasicMathFunctions" -I"C:/Users/lasto/STM32CubeIDE/poter/RP-Plotter-G.9/Control/Studio_STM32_workspace/RP_Plotter/Source/BayesFunctions" -I"C:/Users/lasto/STM32CubeIDE/poter/RP-Plotter-G.9/Control/Studio_STM32_workspace/RP_Plotter/Source/CommonTables" -I"C:/Users/lasto/STM32CubeIDE/poter/RP-Plotter-G.9/Control/Studio_STM32_workspace/RP_Plotter/Source/ComplexMathFunctions" -I"C:/Users/lasto/STM32CubeIDE/poter/RP-Plotter-G.9/Control/Studio_STM32_workspace/RP_Plotter/Source/ControllerFunctions" -I"C:/Users/lasto/STM32CubeIDE/poter/RP-Plotter-G.9/Control/Studio_STM32_workspace/RP_Plotter/Source/DistanceFunctions" -I"C:/Users/lasto/STM32CubeIDE/poter/RP-Plotter-G.9/Control/Studio_STM32_workspace/RP_Plotter/Source/FastMathFunctions" -I"C:/Users/lasto/STM32CubeIDE/poter/RP-Plotter-G.9/Control/Studio_STM32_workspace/RP_Plotter/Source/FilteringFunctions" -I"C:/Users/lasto/STM32CubeIDE/poter/RP-Plotter-G.9/Control/Studio_STM32_workspace/RP_Plotter/Source/InterpolationFunctions" -I"C:/Users/lasto/STM32CubeIDE/poter/RP-Plotter-G.9/Control/Studio_STM32_workspace/RP_Plotter/Source/MatrixFunctions" -I"C:/Users/lasto/STM32CubeIDE/poter/RP-Plotter-G.9/Control/Studio_STM32_workspace/RP_Plotter/Source/QuaternionMathFunctions" -I"C:/Users/lasto/STM32CubeIDE/poter/RP-Plotter-G.9/Control/Studio_STM32_workspace/RP_Plotter/Source/StatisticsFunctions" -I"C:/Users/lasto/STM32CubeIDE/poter/RP-Plotter-G.9/Control/Studio_STM32_workspace/RP_Plotter/Source/SupportFunctions" -I"C:/Users/lasto/STM32CubeIDE/poter/RP-Plotter-G.9/Control/Studio_STM32_workspace/RP_Plotter/Source/SVMFunctions" -I"C:/Users/lasto/STM32CubeIDE/poter/RP-Plotter-G.9/Control/Studio_STM32_workspace/RP_Plotter/Source/TransformFunctions" -I"C:/Users/lasto/STM32CubeIDE/poter/RP-Plotter-G.9/Control/Studio_STM32_workspace/RP_Plotter/Source/WindowFunctions" -O0 -ffunction-sections -fdata-sections -Wall -fstack-usage -fcyclomatic-complexity -MMD -MP -MF"Core/Src/ModBusRTU.d" -MT"Core/Src/ModBusRTU.o" --specs=nano.specs -mfpu=fpv4-sp-d16 -mfloat-abi=hard -mthumb -o "Core/Src/ModBusRTU.o"
arm-none-eabi-gcc "../Core/Src/main.c" -mcpu=cortex-m4 -std=gnu11 -g3 -DDEBUG -DUSE_HAL_DRIVER -DSTM32G474xx -c -I../Core/Inc -I../Drivers/STM32G4xx_HAL_Driver/Inc -I../Drivers/STM32G4xx_HAL_Driver/Inc/Legacy -I../Drivers/CMSIS/Device/ST/STM32G4xx/Include -I../Drivers/CMSIS/Include -I../Middlewares/Third_Party/ARM_CMSIS/CMSIS/Core/Include/ -I../Middlewares/Third_Party/ARM_CMSIS/PrivateInclude/ -I../Middlewares/Third_Party/ARM_CMSIS/Include/ -I../Middlewares/Third_Party/ARM_CMSIS/Include -I"C:/Users/lasto/STM32CubeIDE/poter/RP-Plotter-G.9/Control/Studio_STM32_workspace/RP_Plotter/Source/BasicMathFunctions" -I"C:/Users/lasto/STM32CubeIDE/poter/RP-Plotter-G.9/Control/Studio_STM32_workspace/RP_Plotter/Source/BayesFunctions" -I"C:/Users/lasto/STM32CubeIDE/poter/RP-Plotter-G.9/Control/Studio_STM32_workspace/RP_Plotter/Source/CommonTables" -I"C:/Users/lasto/STM32CubeIDE/poter/RP-Plotter-G.9/Control/Studio_STM32_workspace/RP_Plotter/Source/ComplexMathFunctions" -I"C:/Users/lasto/STM32CubeIDE/poter/RP-Plotter-G.9/Control/Studio_STM32_workspace/RP_Plotter/Source/ControllerFunctions" -I"C:/Users/lasto/STM32CubeIDE/poter/RP-Plotter-G.9/Control/Studio_STM32_workspace/RP_Plotter/Source/DistanceFunctions" -I"C:/Users/lasto/STM32CubeIDE/poter/RP-Plotter-G.9/Control/Studio_STM32_workspace/RP_Plotter/Source/FastMathFunctions" -I"C:/Users/lasto/STM32CubeIDE/poter/RP-Plotter-G.9/Control/Studio_STM32_workspace/RP_Plotter/Source/FilteringFunctions" -I"C:/Users/lasto/STM32CubeIDE/poter/RP-Plotter-G.9/Control/Studio_STM32_workspace/RP_Plotter/Source/InterpolationFunctions" -I"C:/Users/lasto/STM32CubeIDE/poter/RP-Plotter-G.9/Control/Studio_STM32_workspace/RP_Plotter/Source/MatrixFunctions" -I"C:/Users/lasto/STM32CubeIDE/poter/RP-Plotter-G.9/Control/Studio_STM32_workspace/RP_Plotter/Source/QuaternionMathFunctions" -I"C:/Users/lasto/STM32CubeIDE/poter/RP-Plotter-G.9/Control/Studio_STM32_workspace/RP_Plotter/Source/StatisticsFunctions" -I"C:/Users/lasto/STM32CubeIDE/poter/RP-Plotter-G.9/Control/Studio_STM32_workspace/RP_Plotter/Source/SupportFunctions" -I"C:/Users/lasto/STM32CubeIDE/poter/RP-Plotter-G.9/Control/Studio_STM32_workspace/RP_Plotter/Source/SVMFunctions" -I"C:/Users/lasto/STM32CubeIDE/poter/RP-Plotter-G.9/Control/Studio_STM32_workspace/RP_Plotter/Source/TransformFunctions" -I"C:/Users/lasto/STM32CubeIDE/poter/RP-Plotter-G.9/Control/Studio_STM32_workspace/RP_Plotter/Source/WindowFunctions" -O0 -ffunction-sections -fdata-sections -Wall -fstack-usage -fcyclomatic-complexity -MMD -MP -MF"Core/Src/main.d" -MT"Core/Src/main.o" --specs=nano.specs -mfpu=fpv4-sp-d16 -mfloat-abi=hard -mthumb -o "Core/Src/main.o"
../Core/Src/main.c: In function 'main':
../Core/Src/main.c:286:9: warning: implicit declaration of function 'DWT_Init' [-Wimplicit-function-declaration]
  286 |         DWT_Init();
      |         ^~~~~~~~
../Core/Src/main.c:305:9: warning: statement with no effect [-Wunused-value]
  305 |         ResetAllTargets;
      |         ^~~~~~~~~~~~~~~
../Core/Src/main.c: At top level:
../Core/Src/main.c:1526:6: warning: conflicting types for 'DWT_Init'; have 'void(void)'
 1526 | void DWT_Init(void) {
      |      ^~~~~~~~
../Core/Src/main.c:286:9: note: previous implicit declaration of 'DWT_Init' with type 'void(void)'
  286 |         DWT_Init();
      |         ^~~~~~~~
arm-none-eabi-gcc -o "RP_Plotter.elf" @"objects.list"   -mcpu=cortex-m4 -T"C:\Users\lasto\STM32CubeIDE\poter\RP-Plotter-G.9\Control\Studio_STM32_workspace\RP_Plotter\STM32G474RETX_FLASH.ld" --specs=nosys.specs -Wl,-Map="RP_Plotter.map" -Wl,--gc-sections -static --specs=nano.specs -mfpu=fpv4-sp-d16 -mfloat-abi=hard -mthumb -Wl,--start-group -lc -lm -Wl,--end-group
Finished building target: RP_Plotter.elf
 
arm-none-eabi-size  RP_Plotter.elf 
arm-none-eabi-objdump -h -S RP_Plotter.elf  > "RP_Plotter.list"
   text	   data	    bss	    dec	    hex	filename
  49248	    524	   5696	  55468	   d8ac	RP_Plotter.elf
Finished building: default.size.stdout
 
Finished building: RP_Plotter.list
 
14:50:48 **** Incremental Build of configuration Debug for project RP_Plotter ****
make -j8 all 
arm-none-eabi-gcc "../Core/Src/main.c" -mcpu=cortex-m4 -std=gnu11 -g3 -DDEBUG -DUSE_HAL_DRIVER -DSTM32G474xx -c -I../Core/Inc -I../Drivers/STM32G4xx_HAL_Driver/Inc -I../Drivers/STM32G4xx_HAL_Driver/Inc/Legacy -I../Drivers/CMSIS/Device/ST/STM32G4xx/Include -I../Drivers/CMSIS/Include -I../Middlewares/Third_Party/ARM_CMSIS/CMSIS/Core/Include/ -I../Middlewares/Third_Party/ARM_CMSIS/PrivateInclude/ -I../Middlewares/Third_Party/ARM_CMSIS/Include/ -I../Middlewares/Third_Party/ARM_CMSIS/Include -I"C:/Users/lasto/STM32CubeIDE/poter/RP-Plotter-G.9/Control/Studio_STM32_workspace/RP_Plotter/Source/BasicMathFunctions" -I"C:/Users/lasto/STM32CubeIDE/poter/RP-Plotter-G.9/Control/Studio_STM32_workspace/RP_Plotter/Source/BayesFunctions" -I"C:/Users/lasto/STM32CubeIDE/poter/RP-Plotter-G.9/Control/Studio_STM32_workspace/RP_Plotter/Source/CommonTables" -I"C:/Users/lasto/STM32CubeIDE/poter/RP-Plotter-G.9/Control/Studio_STM32_workspace/RP_Plotter/Source/ComplexMathFunctions" -I"C:/Users/lasto/STM32CubeIDE/poter/RP-Plotter-G.9/Control/Studio_STM32_workspace/RP_Plotter/Source/ControllerFunctions" -I"C:/Users/lasto/STM32CubeIDE/poter/RP-Plotter-G.9/Control/Studio_STM32_workspace/RP_Plotter/Source/DistanceFunctions" -I"C:/Users/lasto/STM32CubeIDE/poter/RP-Plotter-G.9/Control/Studio_STM32_workspace/RP_Plotter/Source/FastMathFunctions" -I"C:/Users/lasto/STM32CubeIDE/poter/RP-Plotter-G.9/Control/Studio_STM32_workspace/RP_Plotter/Source/FilteringFunctions" -I"C:/Users/lasto/STM32CubeIDE/poter/RP-Plotter-G.9/Control/Studio_STM32_workspace/RP_Plotter/Source/InterpolationFunctions" -I"C:/Users/lasto/STM32CubeIDE/poter/RP-Plotter-G.9/Control/Studio_STM32_workspace/RP_Plotter/Source/MatrixFunctions" -I"C:/Users/lasto/STM32CubeIDE/poter/RP-Plotter-G.9/Control/Studio_STM32_workspace/RP_Plotter/Source/QuaternionMathFunctions" -I"C:/Users/lasto/STM32CubeIDE/poter/RP-Plotter-G.9/Control/Studio_STM32_workspace/RP_Plotter/Source/StatisticsFunctions" -I"C:/Users/lasto/STM32CubeIDE/poter/RP-Plotter-G.9/Control/Studio_STM32_workspace/RP_Plotter/Source/SupportFunctions" -I"C:/Users/lasto/STM32CubeIDE/poter/RP-Plotter-G.9/Control/Studio_STM32_workspace/RP_Plotter/Source/SVMFunctions" -I"C:/Users/lasto/STM32CubeIDE/poter/RP-Plotter-G.9/Control/Studio_STM32_workspace/RP_Plotter/Source/TransformFunctions" -I"C:/Users/lasto/STM32CubeIDE/poter/RP-Plotter-G.9/Control/Studio_STM32_workspace/RP_Plotter/Source/WindowFunctions" -O0 -ffunction-sections -fdata-sections -Wall -fstack-usage -fcyclomatic-complexity -MMD -MP -MF"Core/Src/main.d" -MT"Core/Src/main.o" --specs=nano.specs -mfpu=fpv4-sp-d16 -mfloat-abi=hard -mthumb -o "Core/Src/main.o"
../Core/Src/main.c: In function 'main':
../Core/Src/main.c:286:9: warning: implicit declaration of function 'DWT_Init' [-Wimplicit-function-declaration]
  286 |         DWT_Init();
      |         ^~~~~~~~
../Core/Src/main.c:305:9: warning: statement with no effect [-Wunused-value]
  305 |         ResetAllTargets;
      |         ^~~~~~~~~~~~~~~
../Core/Src/main.c: At top level:
../Core/Src/main.c:1526:6: warning: conflicting types for 'DWT_Init'; have 'void(void)'
 1526 | void DWT_Init(void) {
      |      ^~~~~~~~
../Core/Src/main.c:286:9: note: previous implicit declaration of 'DWT_Init' with type 'void(void)'
  286 |         DWT_Init();
      |         ^~~~~~~~
arm-none-eabi-gcc -o "RP_Plotter.elf" @"objects.list"   -mcpu=cortex-m4 -T"C:\Users\lasto\STM32CubeIDE\poter\RP-Plotter-G.9\Control\Studio_STM32_workspace\RP_Plotter\STM32G474RETX_FLASH.ld" --specs=nosys.specs -Wl,-Map="RP_Plotter.map" -Wl,--gc-sections -static --specs=nano.specs -mfpu=fpv4-sp-d16 -mfloat-abi=hard -mthumb -Wl,--start-group -lc -lm -Wl,--end-group
Finished building target: RP_Plotter.elf
 
arm-none-eabi-size  RP_Plotter.elf 
arm-none-eabi-objdump -h -S RP_Plotter.elf  > "RP_Plotter.list"
   text	   data	    bss	    dec	    hex	filename
  49248	    524	   5696	  55468	   d8ac	RP_Plotter.elf
Finished building: default.size.stdout
 
Finished building: RP_Plotter.list
 
14:51:50 **** Incremental Build of configuration Debug for project RP_Plotter ****
make -j8 all 
arm-none-eabi-gcc "../Core/Src/main.c" -mcpu=cortex-m4 -std=gnu11 -g3 -DDEBUG -DUSE_HAL_DRIVER -DSTM32G474xx -c -I../Core/Inc -I../Drivers/STM32G4xx_HAL_Driver/Inc -I../Drivers/STM32G4xx_HAL_Driver/Inc/Legacy -I../Drivers/CMSIS/Device/ST/STM32G4xx/Include -I../Drivers/CMSIS/Include -I../Middlewares/Third_Party/ARM_CMSIS/CMSIS/Core/Include/ -I../Middlewares/Third_Party/ARM_CMSIS/PrivateInclude/ -I../Middlewares/Third_Party/ARM_CMSIS/Include/ -I../Middlewares/Third_Party/ARM_CMSIS/Include -I"C:/Users/lasto/STM32CubeIDE/poter/RP-Plotter-G.9/Control/Studio_STM32_workspace/RP_Plotter/Source/BasicMathFunctions" -I"C:/Users/lasto/STM32CubeIDE/poter/RP-Plotter-G.9/Control/Studio_STM32_workspace/RP_Plotter/Source/BayesFunctions" -I"C:/Users/lasto/STM32CubeIDE/poter/RP-Plotter-G.9/Control/Studio_STM32_workspace/RP_Plotter/Source/CommonTables" -I"C:/Users/lasto/STM32CubeIDE/poter/RP-Plotter-G.9/Control/Studio_STM32_workspace/RP_Plotter/Source/ComplexMathFunctions" -I"C:/Users/lasto/STM32CubeIDE/poter/RP-Plotter-G.9/Control/Studio_STM32_workspace/RP_Plotter/Source/ControllerFunctions" -I"C:/Users/lasto/STM32CubeIDE/poter/RP-Plotter-G.9/Control/Studio_STM32_workspace/RP_Plotter/Source/DistanceFunctions" -I"C:/Users/lasto/STM32CubeIDE/poter/RP-Plotter-G.9/Control/Studio_STM32_workspace/RP_Plotter/Source/FastMathFunctions" -I"C:/Users/lasto/STM32CubeIDE/poter/RP-Plotter-G.9/Control/Studio_STM32_workspace/RP_Plotter/Source/FilteringFunctions" -I"C:/Users/lasto/STM32CubeIDE/poter/RP-Plotter-G.9/Control/Studio_STM32_workspace/RP_Plotter/Source/InterpolationFunctions" -I"C:/Users/lasto/STM32CubeIDE/poter/RP-Plotter-G.9/Control/Studio_STM32_workspace/RP_Plotter/Source/MatrixFunctions" -I"C:/Users/lasto/STM32CubeIDE/poter/RP-Plotter-G.9/Control/Studio_STM32_workspace/RP_Plotter/Source/QuaternionMathFunctions" -I"C:/Users/lasto/STM32CubeIDE/poter/RP-Plotter-G.9/Control/Studio_STM32_workspace/RP_Plotter/Source/StatisticsFunctions" -I"C:/Users/lasto/STM32CubeIDE/poter/RP-Plotter-G.9/Control/Studio_STM32_workspace/RP_Plotter/Source/SupportFunctions" -I"C:/Users/lasto/STM32CubeIDE/poter/RP-Plotter-G.9/Control/Studio_STM32_workspace/RP_Plotter/Source/SVMFunctions" -I"C:/Users/lasto/STM32CubeIDE/poter/RP-Plotter-G.9/Control/Studio_STM32_workspace/RP_Plotter/Source/TransformFunctions" -I"C:/Users/lasto/STM32CubeIDE/poter/RP-Plotter-G.9/Control/Studio_STM32_workspace/RP_Plotter/Source/WindowFunctions" -O0 -ffunction-sections -fdata-sections -Wall -fstack-usage -fcyclomatic-complexity -MMD -MP -MF"Core/Src/main.d" -MT"Core/Src/main.o" --specs=nano.specs -mfpu=fpv4-sp-d16 -mfloat-abi=hard -mthumb -o "Core/Src/main.o"
../Core/Src/main.c: In function 'main':
../Core/Src/main.c:286:9: warning: implicit declaration of function 'DWT_Init' [-Wimplicit-function-declaration]
  286 |         DWT_Init();
      |         ^~~~~~~~
../Core/Src/main.c:305:9: warning: statement with no effect [-Wunused-value]
  305 |         ResetAllTargets;
      |         ^~~~~~~~~~~~~~~
../Core/Src/main.c: At top level:
../Core/Src/main.c:1526:6: warning: conflicting types for 'DWT_Init'; have 'void(void)'
 1526 | void DWT_Init(void) {
      |      ^~~~~~~~
../Core/Src/main.c:286:9: note: previous implicit declaration of 'DWT_Init' with type 'void(void)'
  286 |         DWT_Init();
      |         ^~~~~~~~
arm-none-eabi-gcc -o "RP_Plotter.elf" @"objects.list"   -mcpu=cortex-m4 -T"C:\Users\lasto\STM32CubeIDE\poter\RP-Plotter-G.9\Control\Studio_STM32_workspace\RP_Plotter\STM32G474RETX_FLASH.ld" --specs=nosys.specs -Wl,-Map="RP_Plotter.map" -Wl,--gc-sections -static --specs=nano.specs -mfpu=fpv4-sp-d16 -mfloat-abi=hard -mthumb -Wl,--start-group -lc -lm -Wl,--end-group
Finished building target: RP_Plotter.elf
 
arm-none-eabi-size  RP_Plotter.elf 
arm-none-eabi-objdump -h -S RP_Plotter.elf  > "RP_Plotter.list"
   text	   data	    bss	    dec	    hex	filename
  49176	    524	   5696	  55396	   d864	RP_Plotter.elf
Finished building: default.size.stdout
 
Finished building: RP_Plotter.list
 
14:53:48 **** Incremental Build of configuration Debug for project RP_Plotter ****
make -j8 all 
arm-none-eabi-size  RP_Plotter.elf 
   text	   data	    bss	    dec	    hex	filename
  49176	    524	   5696	  55396	   d864	RP_Plotter.elf
Finished building: default.size.stdout
 
14:58:34 **** Incremental Build of configuration Debug for project RP_Plotter ****
make -j8 all 
arm-none-eabi-gcc "../Core/Src/main.c" -mcpu=cortex-m4 -std=gnu11 -g3 -DDEBUG -DUSE_HAL_DRIVER -DSTM32G474xx -c -I../Core/Inc -I../Drivers/STM32G4xx_HAL_Driver/Inc -I../Drivers/STM32G4xx_HAL_Driver/Inc/Legacy -I../Drivers/CMSIS/Device/ST/STM32G4xx/Include -I../Drivers/CMSIS/Include -I../Middlewares/Third_Party/ARM_CMSIS/CMSIS/Core/Include/ -I../Middlewares/Third_Party/ARM_CMSIS/PrivateInclude/ -I../Middlewares/Third_Party/ARM_CMSIS/Include/ -I../Middlewares/Third_Party/ARM_CMSIS/Include -I"C:/Users/lasto/STM32CubeIDE/poter/RP-Plotter-G.9/Control/Studio_STM32_workspace/RP_Plotter/Source/BasicMathFunctions" -I"C:/Users/lasto/STM32CubeIDE/poter/RP-Plotter-G.9/Control/Studio_STM32_workspace/RP_Plotter/Source/BayesFunctions" -I"C:/Users/lasto/STM32CubeIDE/poter/RP-Plotter-G.9/Control/Studio_STM32_workspace/RP_Plotter/Source/CommonTables" -I"C:/Users/lasto/STM32CubeIDE/poter/RP-Plotter-G.9/Control/Studio_STM32_workspace/RP_Plotter/Source/ComplexMathFunctions" -I"C:/Users/lasto/STM32CubeIDE/poter/RP-Plotter-G.9/Control/Studio_STM32_workspace/RP_Plotter/Source/ControllerFunctions" -I"C:/Users/lasto/STM32CubeIDE/poter/RP-Plotter-G.9/Control/Studio_STM32_workspace/RP_Plotter/Source/DistanceFunctions" -I"C:/Users/lasto/STM32CubeIDE/poter/RP-Plotter-G.9/Control/Studio_STM32_workspace/RP_Plotter/Source/FastMathFunctions" -I"C:/Users/lasto/STM32CubeIDE/poter/RP-Plotter-G.9/Control/Studio_STM32_workspace/RP_Plotter/Source/FilteringFunctions" -I"C:/Users/lasto/STM32CubeIDE/poter/RP-Plotter-G.9/Control/Studio_STM32_workspace/RP_Plotter/Source/InterpolationFunctions" -I"C:/Users/lasto/STM32CubeIDE/poter/RP-Plotter-G.9/Control/Studio_STM32_workspace/RP_Plotter/Source/MatrixFunctions" -I"C:/Users/lasto/STM32CubeIDE/poter/RP-Plotter-G.9/Control/Studio_STM32_workspace/RP_Plotter/Source/QuaternionMathFunctions" -I"C:/Users/lasto/STM32CubeIDE/poter/RP-Plotter-G.9/Control/Studio_STM32_workspace/RP_Plotter/Source/StatisticsFunctions" -I"C:/Users/lasto/STM32CubeIDE/poter/RP-Plotter-G.9/Control/Studio_STM32_workspace/RP_Plotter/Source/SupportFunctions" -I"C:/Users/lasto/STM32CubeIDE/poter/RP-Plotter-G.9/Control/Studio_STM32_workspace/RP_Plotter/Source/SVMFunctions" -I"C:/Users/lasto/STM32CubeIDE/poter/RP-Plotter-G.9/Control/Studio_STM32_workspace/RP_Plotter/Source/TransformFunctions" -I"C:/Users/lasto/STM32CubeIDE/poter/RP-Plotter-G.9/Control/Studio_STM32_workspace/RP_Plotter/Source/WindowFunctions" -O0 -ffunction-sections -fdata-sections -Wall -fstack-usage -fcyclomatic-complexity -MMD -MP -MF"Core/Src/main.d" -MT"Core/Src/main.o" --specs=nano.specs -mfpu=fpv4-sp-d16 -mfloat-abi=hard -mthumb -o "Core/Src/main.o"
../Core/Src/main.c: In function 'main':
../Core/Src/main.c:293:9: warning: implicit declaration of function 'DWT_Init' [-Wimplicit-function-declaration]
  293 |         DWT_Init();
      |         ^~~~~~~~
../Core/Src/main.c:312:9: warning: statement with no effect [-Wunused-value]
  312 |         ResetAllTargets;
      |         ^~~~~~~~~~~~~~~
../Core/Src/main.c:327:25: warning: unused variable 'pos_r' [-Wunused-variable]
  327 |                 int16_t pos_r   = FLOAT_TO_intU16(Prismatic_QEIdata.mmPosition);
      |                         ^~~~~
../Core/Src/main.c:326:25: warning: unused variable 'accel_r' [-Wunused-variable]
  326 |                 int16_t accel_r = FLOAT_TO_intU16(Prismatic_QEIdata.Acceleration_mm);
      |                         ^~~~~~~
../Core/Src/main.c:325:25: warning: unused variable 'speed_r' [-Wunused-variable]
  325 |                 int16_t speed_r = FLOAT_TO_intU16(Prismatic_QEIdata.Velocity_mm);
      |                         ^~~~~~~
../Core/Src/main.c:324:25: warning: unused variable 'pos_theta' [-Wunused-variable]
  324 |                 int16_t pos_theta    = RAD_TO_DEG10(Revolute_QEIdata.RadPosition);
      |                         ^~~~~~~~~
../Core/Src/main.c:323:25: warning: unused variable 'accel_theta' [-Wunused-variable]
  323 |                 int16_t accel_theta  = RAD_TO_DEG10(Revolute_QEIdata.AngularAcceleration_rad);
      |                         ^~~~~~~~~~~
../Core/Src/main.c:322:25: warning: unused variable 'speed_theta' [-Wunused-variable]
  322 |                 int16_t speed_theta  = RAD_TO_DEG10(Revolute_QEIdata.AngularVelocity_rad);
      |                         ^~~~~~~~~~~
../Core/Src/main.c: At top level:
../Core/Src/main.c:1541:6: warning: conflicting types for 'DWT_Init'; have 'void(void)'
 1541 | void DWT_Init(void) {
      |      ^~~~~~~~
../Core/Src/main.c:293:9: note: previous implicit declaration of 'DWT_Init' with type 'void(void)'
  293 |         DWT_Init();
      |         ^~~~~~~~
arm-none-eabi-gcc -o "RP_Plotter.elf" @"objects.list"   -mcpu=cortex-m4 -T"C:\Users\lasto\STM32CubeIDE\poter\RP-Plotter-G.9\Control\Studio_STM32_workspace\RP_Plotter\STM32G474RETX_FLASH.ld" --specs=nosys.specs -Wl,-Map="RP_Plotter.map" -Wl,--gc-sections -static --specs=nano.specs -mfpu=fpv4-sp-d16 -mfloat-abi=hard -mthumb -Wl,--start-group -lc -lm -Wl,--end-group
Finished building target: RP_Plotter.elf
 
arm-none-eabi-size  RP_Plotter.elf 
arm-none-eabi-objdump -h -S RP_Plotter.elf  > "RP_Plotter.list"
   text	   data	    bss	    dec	    hex	filename
  49176	    524	   5696	  55396	   d864	RP_Plotter.elf
Finished building: default.size.stdout
 
Finished building: RP_Plotter.list
 
15:00:19 **** Incremental Build of configuration Debug for project RP_Plotter ****
make -j8 all 
arm-none-eabi-gcc "../Core/Src/main.c" -mcpu=cortex-m4 -std=gnu11 -g3 -DDEBUG -DUSE_HAL_DRIVER -DSTM32G474xx -c -I../Core/Inc -I../Drivers/STM32G4xx_HAL_Driver/Inc -I../Drivers/STM32G4xx_HAL_Driver/Inc/Legacy -I../Drivers/CMSIS/Device/ST/STM32G4xx/Include -I../Drivers/CMSIS/Include -I../Middlewares/Third_Party/ARM_CMSIS/CMSIS/Core/Include/ -I../Middlewares/Third_Party/ARM_CMSIS/PrivateInclude/ -I../Middlewares/Third_Party/ARM_CMSIS/Include/ -I../Middlewares/Third_Party/ARM_CMSIS/Include -I"C:/Users/lasto/STM32CubeIDE/poter/RP-Plotter-G.9/Control/Studio_STM32_workspace/RP_Plotter/Source/BasicMathFunctions" -I"C:/Users/lasto/STM32CubeIDE/poter/RP-Plotter-G.9/Control/Studio_STM32_workspace/RP_Plotter/Source/BayesFunctions" -I"C:/Users/lasto/STM32CubeIDE/poter/RP-Plotter-G.9/Control/Studio_STM32_workspace/RP_Plotter/Source/CommonTables" -I"C:/Users/lasto/STM32CubeIDE/poter/RP-Plotter-G.9/Control/Studio_STM32_workspace/RP_Plotter/Source/ComplexMathFunctions" -I"C:/Users/lasto/STM32CubeIDE/poter/RP-Plotter-G.9/Control/Studio_STM32_workspace/RP_Plotter/Source/ControllerFunctions" -I"C:/Users/lasto/STM32CubeIDE/poter/RP-Plotter-G.9/Control/Studio_STM32_workspace/RP_Plotter/Source/DistanceFunctions" -I"C:/Users/lasto/STM32CubeIDE/poter/RP-Plotter-G.9/Control/Studio_STM32_workspace/RP_Plotter/Source/FastMathFunctions" -I"C:/Users/lasto/STM32CubeIDE/poter/RP-Plotter-G.9/Control/Studio_STM32_workspace/RP_Plotter/Source/FilteringFunctions" -I"C:/Users/lasto/STM32CubeIDE/poter/RP-Plotter-G.9/Control/Studio_STM32_workspace/RP_Plotter/Source/InterpolationFunctions" -I"C:/Users/lasto/STM32CubeIDE/poter/RP-Plotter-G.9/Control/Studio_STM32_workspace/RP_Plotter/Source/MatrixFunctions" -I"C:/Users/lasto/STM32CubeIDE/poter/RP-Plotter-G.9/Control/Studio_STM32_workspace/RP_Plotter/Source/QuaternionMathFunctions" -I"C:/Users/lasto/STM32CubeIDE/poter/RP-Plotter-G.9/Control/Studio_STM32_workspace/RP_Plotter/Source/StatisticsFunctions" -I"C:/Users/lasto/STM32CubeIDE/poter/RP-Plotter-G.9/Control/Studio_STM32_workspace/RP_Plotter/Source/SupportFunctions" -I"C:/Users/lasto/STM32CubeIDE/poter/RP-Plotter-G.9/Control/Studio_STM32_workspace/RP_Plotter/Source/SVMFunctions" -I"C:/Users/lasto/STM32CubeIDE/poter/RP-Plotter-G.9/Control/Studio_STM32_workspace/RP_Plotter/Source/TransformFunctions" -I"C:/Users/lasto/STM32CubeIDE/poter/RP-Plotter-G.9/Control/Studio_STM32_workspace/RP_Plotter/Source/WindowFunctions" -O0 -ffunction-sections -fdata-sections -Wall -fstack-usage -fcyclomatic-complexity -MMD -MP -MF"Core/Src/main.d" -MT"Core/Src/main.o" --specs=nano.specs -mfpu=fpv4-sp-d16 -mfloat-abi=hard -mthumb -o "Core/Src/main.o"
../Core/Src/main.c: In function 'main':
../Core/Src/main.c:293:9: warning: implicit declaration of function 'DWT_Init' [-Wimplicit-function-declaration]
  293 |         DWT_Init();
      |         ^~~~~~~~
../Core/Src/main.c:312:9: warning: statement with no effect [-Wunused-value]
  312 |         ResetAllTargets;
      |         ^~~~~~~~~~~~~~~
../Core/Src/main.c: At top level:
../Core/Src/main.c:1541:6: warning: conflicting types for 'DWT_Init'; have 'void(void)'
 1541 | void DWT_Init(void) {
      |      ^~~~~~~~
../Core/Src/main.c:293:9: note: previous implicit declaration of 'DWT_Init' with type 'void(void)'
  293 |         DWT_Init();
      |         ^~~~~~~~
arm-none-eabi-gcc -o "RP_Plotter.elf" @"objects.list"   -mcpu=cortex-m4 -T"C:\Users\lasto\STM32CubeIDE\poter\RP-Plotter-G.9\Control\Studio_STM32_workspace\RP_Plotter\STM32G474RETX_FLASH.ld" --specs=nosys.specs -Wl,-Map="RP_Plotter.map" -Wl,--gc-sections -static --specs=nano.specs -mfpu=fpv4-sp-d16 -mfloat-abi=hard -mthumb -Wl,--start-group -lc -lm -Wl,--end-group
Finished building target: RP_Plotter.elf
 
arm-none-eabi-size  RP_Plotter.elf 
arm-none-eabi-objdump -h -S RP_Plotter.elf  > "RP_Plotter.list"
   text	   data	    bss	    dec	    hex	filename
  49200	    524	   5712	  55436	   d88c	RP_Plotter.elf
Finished building: default.size.stdout
 
Finished building: RP_Plotter.list
 
14:24:55 **** Incremental Build of configuration Debug for project RP_Plotter ****
make -j8 all 
arm-none-eabi-gcc "../Core/Src/ModBusRTU.c" -mcpu=cortex-m4 -std=gnu11 -g3 -DDEBUG -DUSE_HAL_DRIVER -DSTM32G474xx -c -I../Core/Inc -I../Drivers/STM32G4xx_HAL_Driver/Inc -I../Drivers/STM32G4xx_HAL_Driver/Inc/Legacy -I../Drivers/CMSIS/Device/ST/STM32G4xx/Include -I../Drivers/CMSIS/Include -I../Middlewares/Third_Party/ARM_CMSIS/CMSIS/Core/Include/ -I../Middlewares/Third_Party/ARM_CMSIS/PrivateInclude/ -I../Middlewares/Third_Party/ARM_CMSIS/Include/ -I../Middlewares/Third_Party/ARM_CMSIS/Include -I"C:/Users/lasto/STM32CubeIDE/poter/RP-Plotter-G.9/Control/Studio_STM32_workspace/RP_Plotter/Source/BasicMathFunctions" -I"C:/Users/lasto/STM32CubeIDE/poter/RP-Plotter-G.9/Control/Studio_STM32_workspace/RP_Plotter/Source/BayesFunctions" -I"C:/Users/lasto/STM32CubeIDE/poter/RP-Plotter-G.9/Control/Studio_STM32_workspace/RP_Plotter/Source/CommonTables" -I"C:/Users/lasto/STM32CubeIDE/poter/RP-Plotter-G.9/Control/Studio_STM32_workspace/RP_Plotter/Source/ComplexMathFunctions" -I"C:/Users/lasto/STM32CubeIDE/poter/RP-Plotter-G.9/Control/Studio_STM32_workspace/RP_Plotter/Source/ControllerFunctions" -I"C:/Users/lasto/STM32CubeIDE/poter/RP-Plotter-G.9/Control/Studio_STM32_workspace/RP_Plotter/Source/DistanceFunctions" -I"C:/Users/lasto/STM32CubeIDE/poter/RP-Plotter-G.9/Control/Studio_STM32_workspace/RP_Plotter/Source/FastMathFunctions" -I"C:/Users/lasto/STM32CubeIDE/poter/RP-Plotter-G.9/Control/Studio_STM32_workspace/RP_Plotter/Source/FilteringFunctions" -I"C:/Users/lasto/STM32CubeIDE/poter/RP-Plotter-G.9/Control/Studio_STM32_workspace/RP_Plotter/Source/InterpolationFunctions" -I"C:/Users/lasto/STM32CubeIDE/poter/RP-Plotter-G.9/Control/Studio_STM32_workspace/RP_Plotter/Source/MatrixFunctions" -I"C:/Users/lasto/STM32CubeIDE/poter/RP-Plotter-G.9/Control/Studio_STM32_workspace/RP_Plotter/Source/QuaternionMathFunctions" -I"C:/Users/lasto/STM32CubeIDE/poter/RP-Plotter-G.9/Control/Studio_STM32_workspace/RP_Plotter/Source/StatisticsFunctions" -I"C:/Users/lasto/STM32CubeIDE/poter/RP-Plotter-G.9/Control/Studio_STM32_workspace/RP_Plotter/Source/SupportFunctions" -I"C:/Users/lasto/STM32CubeIDE/poter/RP-Plotter-G.9/Control/Studio_STM32_workspace/RP_Plotter/Source/SVMFunctions" -I"C:/Users/lasto/STM32CubeIDE/poter/RP-Plotter-G.9/Control/Studio_STM32_workspace/RP_Plotter/Source/TransformFunctions" -I"C:/Users/lasto/STM32CubeIDE/poter/RP-Plotter-G.9/Control/Studio_STM32_workspace/RP_Plotter/Source/WindowFunctions" -O0 -ffunction-sections -fdata-sections -Wall -fstack-usage -fcyclomatic-complexity -MMD -MP -MF"Core/Src/ModBusRTU.d" -MT"Core/Src/ModBusRTU.o" --specs=nano.specs -mfpu=fpv4-sp-d16 -mfloat-abi=hard -mthumb -o "Core/Src/ModBusRTU.o"
arm-none-eabi-gcc "../Core/Src/main.c" -mcpu=cortex-m4 -std=gnu11 -g3 -DDEBUG -DUSE_HAL_DRIVER -DSTM32G474xx -c -I../Core/Inc -I../Drivers/STM32G4xx_HAL_Driver/Inc -I../Drivers/STM32G4xx_HAL_Driver/Inc/Legacy -I../Drivers/CMSIS/Device/ST/STM32G4xx/Include -I../Drivers/CMSIS/Include -I../Middlewares/Third_Party/ARM_CMSIS/CMSIS/Core/Include/ -I../Middlewares/Third_Party/ARM_CMSIS/PrivateInclude/ -I../Middlewares/Third_Party/ARM_CMSIS/Include/ -I../Middlewares/Third_Party/ARM_CMSIS/Include -I"C:/Users/lasto/STM32CubeIDE/poter/RP-Plotter-G.9/Control/Studio_STM32_workspace/RP_Plotter/Source/BasicMathFunctions" -I"C:/Users/lasto/STM32CubeIDE/poter/RP-Plotter-G.9/Control/Studio_STM32_workspace/RP_Plotter/Source/BayesFunctions" -I"C:/Users/lasto/STM32CubeIDE/poter/RP-Plotter-G.9/Control/Studio_STM32_workspace/RP_Plotter/Source/CommonTables" -I"C:/Users/lasto/STM32CubeIDE/poter/RP-Plotter-G.9/Control/Studio_STM32_workspace/RP_Plotter/Source/ComplexMathFunctions" -I"C:/Users/lasto/STM32CubeIDE/poter/RP-Plotter-G.9/Control/Studio_STM32_workspace/RP_Plotter/Source/ControllerFunctions" -I"C:/Users/lasto/STM32CubeIDE/poter/RP-Plotter-G.9/Control/Studio_STM32_workspace/RP_Plotter/Source/DistanceFunctions" -I"C:/Users/lasto/STM32CubeIDE/poter/RP-Plotter-G.9/Control/Studio_STM32_workspace/RP_Plotter/Source/FastMathFunctions" -I"C:/Users/lasto/STM32CubeIDE/poter/RP-Plotter-G.9/Control/Studio_STM32_workspace/RP_Plotter/Source/FilteringFunctions" -I"C:/Users/lasto/STM32CubeIDE/poter/RP-Plotter-G.9/Control/Studio_STM32_workspace/RP_Plotter/Source/InterpolationFunctions" -I"C:/Users/lasto/STM32CubeIDE/poter/RP-Plotter-G.9/Control/Studio_STM32_workspace/RP_Plotter/Source/MatrixFunctions" -I"C:/Users/lasto/STM32CubeIDE/poter/RP-Plotter-G.9/Control/Studio_STM32_workspace/RP_Plotter/Source/QuaternionMathFunctions" -I"C:/Users/lasto/STM32CubeIDE/poter/RP-Plotter-G.9/Control/Studio_STM32_workspace/RP_Plotter/Source/StatisticsFunctions" -I"C:/Users/lasto/STM32CubeIDE/poter/RP-Plotter-G.9/Control/Studio_STM32_workspace/RP_Plotter/Source/SupportFunctions" -I"C:/Users/lasto/STM32CubeIDE/poter/RP-Plotter-G.9/Control/Studio_STM32_workspace/RP_Plotter/Source/SVMFunctions" -I"C:/Users/lasto/STM32CubeIDE/poter/RP-Plotter-G.9/Control/Studio_STM32_workspace/RP_Plotter/Source/TransformFunctions" -I"C:/Users/lasto/STM32CubeIDE/poter/RP-Plotter-G.9/Control/Studio_STM32_workspace/RP_Plotter/Source/WindowFunctions" -O0 -ffunction-sections -fdata-sections -Wall -fstack-usage -fcyclomatic-complexity -MMD -MP -MF"Core/Src/main.d" -MT"Core/Src/main.o" --specs=nano.specs -mfpu=fpv4-sp-d16 -mfloat-abi=hard -mthumb -o "Core/Src/main.o"
../Core/Src/main.c: In function 'main':
../Core/Src/main.c:293:9: warning: implicit declaration of function 'DWT_Init' [-Wimplicit-function-declaration]
  293 |         DWT_Init();
      |         ^~~~~~~~
../Core/Src/main.c:312:9: warning: statement with no effect [-Wunused-value]
  312 |         ResetAllTargets;
      |         ^~~~~~~~~~~~~~~
../Core/Src/main.c: At top level:
../Core/Src/main.c:1542:6: warning: conflicting types for 'DWT_Init'; have 'void(void)'
 1542 | void DWT_Init(void) {
      |      ^~~~~~~~
../Core/Src/main.c:293:9: note: previous implicit declaration of 'DWT_Init' with type 'void(void)'
  293 |         DWT_Init();
      |         ^~~~~~~~
arm-none-eabi-gcc -o "RP_Plotter.elf" @"objects.list"   -mcpu=cortex-m4 -T"C:\Users\lasto\STM32CubeIDE\poter\RP-Plotter-G.9\Control\Studio_STM32_workspace\RP_Plotter\STM32G474RETX_FLASH.ld" --specs=nosys.specs -Wl,-Map="RP_Plotter.map" -Wl,--gc-sections -static --specs=nano.specs -mfpu=fpv4-sp-d16 -mfloat-abi=hard -mthumb -Wl,--start-group -lc -lm -Wl,--end-group
C:/ST/STM32CubeIDE_1.18.1/STM32CubeIDE/plugins/com.st.stm32cube.ide.mcu.externaltools.gnu-tools-for-stm32.13.3.rel1.win32_1.0.0.202411081344/tools/bin/../lib/gcc/arm-none-eabi/13.3.1/../../../../arm-none-eabi/bin/ld.exe: ./Core/Src/ModBusRTU.o: in function `Modbus_Protocal_Worker':
C:/Users/lasto/STM32CubeIDE/poter/RP-Plotter-G.9/Control/Studio_STM32_workspace/RP_Plotter/Debug/../Core/Src/ModBusRTU.c:196:(.text.Modbus_Protocal_Worker+0x15a): undefined reference to `Get_QRIdata'
collect2.exe: error: ld returned 1 exit status
make: *** [makefile:79: RP_Plotter.elf] Error 1
"make -j8 all" terminated with exit code 2. Build might be incomplete.
14:25:48 **** Incremental Build of configuration Debug for project RP_Plotter ****
make -j8 all 
arm-none-eabi-gcc "../Core/Src/main.c" -mcpu=cortex-m4 -std=gnu11 -g3 -DDEBUG -DUSE_HAL_DRIVER -DSTM32G474xx -c -I../Core/Inc -I../Drivers/STM32G4xx_HAL_Driver/Inc -I../Drivers/STM32G4xx_HAL_Driver/Inc/Legacy -I../Drivers/CMSIS/Device/ST/STM32G4xx/Include -I../Drivers/CMSIS/Include -I../Middlewares/Third_Party/ARM_CMSIS/CMSIS/Core/Include/ -I../Middlewares/Third_Party/ARM_CMSIS/PrivateInclude/ -I../Middlewares/Third_Party/ARM_CMSIS/Include/ -I../Middlewares/Third_Party/ARM_CMSIS/Include -I"C:/Users/lasto/STM32CubeIDE/poter/RP-Plotter-G.9/Control/Studio_STM32_workspace/RP_Plotter/Source/BasicMathFunctions" -I"C:/Users/lasto/STM32CubeIDE/poter/RP-Plotter-G.9/Control/Studio_STM32_workspace/RP_Plotter/Source/BayesFunctions" -I"C:/Users/lasto/STM32CubeIDE/poter/RP-Plotter-G.9/Control/Studio_STM32_workspace/RP_Plotter/Source/CommonTables" -I"C:/Users/lasto/STM32CubeIDE/poter/RP-Plotter-G.9/Control/Studio_STM32_workspace/RP_Plotter/Source/ComplexMathFunctions" -I"C:/Users/lasto/STM32CubeIDE/poter/RP-Plotter-G.9/Control/Studio_STM32_workspace/RP_Plotter/Source/ControllerFunctions" -I"C:/Users/lasto/STM32CubeIDE/poter/RP-Plotter-G.9/Control/Studio_STM32_workspace/RP_Plotter/Source/DistanceFunctions" -I"C:/Users/lasto/STM32CubeIDE/poter/RP-Plotter-G.9/Control/Studio_STM32_workspace/RP_Plotter/Source/FastMathFunctions" -I"C:/Users/lasto/STM32CubeIDE/poter/RP-Plotter-G.9/Control/Studio_STM32_workspace/RP_Plotter/Source/FilteringFunctions" -I"C:/Users/lasto/STM32CubeIDE/poter/RP-Plotter-G.9/Control/Studio_STM32_workspace/RP_Plotter/Source/InterpolationFunctions" -I"C:/Users/lasto/STM32CubeIDE/poter/RP-Plotter-G.9/Control/Studio_STM32_workspace/RP_Plotter/Source/MatrixFunctions" -I"C:/Users/lasto/STM32CubeIDE/poter/RP-Plotter-G.9/Control/Studio_STM32_workspace/RP_Plotter/Source/QuaternionMathFunctions" -I"C:/Users/lasto/STM32CubeIDE/poter/RP-Plotter-G.9/Control/Studio_STM32_workspace/RP_Plotter/Source/StatisticsFunctions" -I"C:/Users/lasto/STM32CubeIDE/poter/RP-Plotter-G.9/Control/Studio_STM32_workspace/RP_Plotter/Source/SupportFunctions" -I"C:/Users/lasto/STM32CubeIDE/poter/RP-Plotter-G.9/Control/Studio_STM32_workspace/RP_Plotter/Source/SVMFunctions" -I"C:/Users/lasto/STM32CubeIDE/poter/RP-Plotter-G.9/Control/Studio_STM32_workspace/RP_Plotter/Source/TransformFunctions" -I"C:/Users/lasto/STM32CubeIDE/poter/RP-Plotter-G.9/Control/Studio_STM32_workspace/RP_Plotter/Source/WindowFunctions" -O0 -ffunction-sections -fdata-sections -Wall -fstack-usage -fcyclomatic-complexity -MMD -MP -MF"Core/Src/main.d" -MT"Core/Src/main.o" --specs=nano.specs -mfpu=fpv4-sp-d16 -mfloat-abi=hard -mthumb -o "Core/Src/main.o"
../Core/Src/main.c: In function 'main':
../Core/Src/main.c:293:9: warning: implicit declaration of function 'DWT_Init' [-Wimplicit-function-declaration]
  293 |         DWT_Init();
      |         ^~~~~~~~
../Core/Src/main.c:312:9: warning: statement with no effect [-Wunused-value]
  312 |         ResetAllTargets;
      |         ^~~~~~~~~~~~~~~
../Core/Src/main.c: At top level:
../Core/Src/main.c:1542:6: warning: conflicting types for 'DWT_Init'; have 'void(void)'
 1542 | void DWT_Init(void) {
      |      ^~~~~~~~
../Core/Src/main.c:293:9: note: previous implicit declaration of 'DWT_Init' with type 'void(void)'
  293 |         DWT_Init();
      |         ^~~~~~~~
arm-none-eabi-gcc -o "RP_Plotter.elf" @"objects.list"   -mcpu=cortex-m4 -T"C:\Users\lasto\STM32CubeIDE\poter\RP-Plotter-G.9\Control\Studio_STM32_workspace\RP_Plotter\STM32G474RETX_FLASH.ld" --specs=nosys.specs -Wl,-Map="RP_Plotter.map" -Wl,--gc-sections -static --specs=nano.specs -mfpu=fpv4-sp-d16 -mfloat-abi=hard -mthumb -Wl,--start-group -lc -lm -Wl,--end-group
Finished building target: RP_Plotter.elf
 
arm-none-eabi-size  RP_Plotter.elf 
arm-none-eabi-objdump -h -S RP_Plotter.elf  > "RP_Plotter.list"
   text	   data	    bss	    dec	    hex	filename
  49216	    524	   5696	  55436	   d88c	RP_Plotter.elf
Finished building: default.size.stdout
 
Finished building: RP_Plotter.list
 
14:26:25 **** Incremental Build of configuration Debug for project RP_Plotter ****
make -j8 all 
arm-none-eabi-gcc "../Core/Src/ModBusRTU.c" -mcpu=cortex-m4 -std=gnu11 -g3 -DDEBUG -DUSE_HAL_DRIVER -DSTM32G474xx -c -I../Core/Inc -I../Drivers/STM32G4xx_HAL_Driver/Inc -I../Drivers/STM32G4xx_HAL_Driver/Inc/Legacy -I../Drivers/CMSIS/Device/ST/STM32G4xx/Include -I../Drivers/CMSIS/Include -I../Middlewares/Third_Party/ARM_CMSIS/CMSIS/Core/Include/ -I../Middlewares/Third_Party/ARM_CMSIS/PrivateInclude/ -I../Middlewares/Third_Party/ARM_CMSIS/Include/ -I../Middlewares/Third_Party/ARM_CMSIS/Include -I"C:/Users/lasto/STM32CubeIDE/poter/RP-Plotter-G.9/Control/Studio_STM32_workspace/RP_Plotter/Source/BasicMathFunctions" -I"C:/Users/lasto/STM32CubeIDE/poter/RP-Plotter-G.9/Control/Studio_STM32_workspace/RP_Plotter/Source/BayesFunctions" -I"C:/Users/lasto/STM32CubeIDE/poter/RP-Plotter-G.9/Control/Studio_STM32_workspace/RP_Plotter/Source/CommonTables" -I"C:/Users/lasto/STM32CubeIDE/poter/RP-Plotter-G.9/Control/Studio_STM32_workspace/RP_Plotter/Source/ComplexMathFunctions" -I"C:/Users/lasto/STM32CubeIDE/poter/RP-Plotter-G.9/Control/Studio_STM32_workspace/RP_Plotter/Source/ControllerFunctions" -I"C:/Users/lasto/STM32CubeIDE/poter/RP-Plotter-G.9/Control/Studio_STM32_workspace/RP_Plotter/Source/DistanceFunctions" -I"C:/Users/lasto/STM32CubeIDE/poter/RP-Plotter-G.9/Control/Studio_STM32_workspace/RP_Plotter/Source/FastMathFunctions" -I"C:/Users/lasto/STM32CubeIDE/poter/RP-Plotter-G.9/Control/Studio_STM32_workspace/RP_Plotter/Source/FilteringFunctions" -I"C:/Users/lasto/STM32CubeIDE/poter/RP-Plotter-G.9/Control/Studio_STM32_workspace/RP_Plotter/Source/InterpolationFunctions" -I"C:/Users/lasto/STM32CubeIDE/poter/RP-Plotter-G.9/Control/Studio_STM32_workspace/RP_Plotter/Source/MatrixFunctions" -I"C:/Users/lasto/STM32CubeIDE/poter/RP-Plotter-G.9/Control/Studio_STM32_workspace/RP_Plotter/Source/QuaternionMathFunctions" -I"C:/Users/lasto/STM32CubeIDE/poter/RP-Plotter-G.9/Control/Studio_STM32_workspace/RP_Plotter/Source/StatisticsFunctions" -I"C:/Users/lasto/STM32CubeIDE/poter/RP-Plotter-G.9/Control/Studio_STM32_workspace/RP_Plotter/Source/SupportFunctions" -I"C:/Users/lasto/STM32CubeIDE/poter/RP-Plotter-G.9/Control/Studio_STM32_workspace/RP_Plotter/Source/SVMFunctions" -I"C:/Users/lasto/STM32CubeIDE/poter/RP-Plotter-G.9/Control/Studio_STM32_workspace/RP_Plotter/Source/TransformFunctions" -I"C:/Users/lasto/STM32CubeIDE/poter/RP-Plotter-G.9/Control/Studio_STM32_workspace/RP_Plotter/Source/WindowFunctions" -O0 -ffunction-sections -fdata-sections -Wall -fstack-usage -fcyclomatic-complexity -MMD -MP -MF"Core/Src/ModBusRTU.d" -MT"Core/Src/ModBusRTU.o" --specs=nano.specs -mfpu=fpv4-sp-d16 -mfloat-abi=hard -mthumb -o "Core/Src/ModBusRTU.o"
arm-none-eabi-gcc -o "RP_Plotter.elf" @"objects.list"   -mcpu=cortex-m4 -T"C:\Users\lasto\STM32CubeIDE\poter\RP-Plotter-G.9\Control\Studio_STM32_workspace\RP_Plotter\STM32G474RETX_FLASH.ld" --specs=nosys.specs -Wl,-Map="RP_Plotter.map" -Wl,--gc-sections -static --specs=nano.specs -mfpu=fpv4-sp-d16 -mfloat-abi=hard -mthumb -Wl,--start-group -lc -lm -Wl,--end-group
Finished building target: RP_Plotter.elf
 
arm-none-eabi-size  RP_Plotter.elf 
arm-none-eabi-objdump -h -S RP_Plotter.elf  > "RP_Plotter.list"
   text	   data	    bss	    dec	    hex	filename
  49352	    524	   5696	  55572	   d914	RP_Plotter.elf
Finished building: default.size.stdout
 
Finished building: RP_Plotter.list
 
14:26:58 **** Incremental Build of configuration Debug for project RP_Plotter ****
make -j8 all 
arm-none-eabi-size  RP_Plotter.elf 
   text	   data	    bss	    dec	    hex	filename
  49352	    524	   5696	  55572	   d914	RP_Plotter.elf
Finished building: default.size.stdout
 
14:40:43 **** Incremental Build of configuration Debug for project RP_Plotter ****
make -j8 all 
arm-none-eabi-gcc "../Middlewares/Third_Party/ARM_CMSIS/Source/TransformFunctions/TransformFunctions.c" -mcpu=cortex-m4 -std=gnu11 -g3 -DDEBUG -DUSE_HAL_DRIVER -DSTM32G474xx -c -I../Core/Inc -I../Drivers/STM32G4xx_HAL_Driver/Inc -I../Drivers/STM32G4xx_HAL_Driver/Inc/Legacy -I../Drivers/CMSIS/Device/ST/STM32G4xx/Include -I../Drivers/CMSIS/Include -I../Middlewares/Third_Party/ARM_CMSIS/CMSIS/Core/Include/ -I../Middlewares/Third_Party/ARM_CMSIS/PrivateInclude/ -I../Middlewares/Third_Party/ARM_CMSIS/Include/ -I../Middlewares/Third_Party/ARM_CMSIS/Include -I"C:/Users/lasto/STM32CubeIDE/poter/RP-Plotter-G.9/Control/Studio_STM32_workspace/RP_Plotter/Source/BasicMathFunctions" -I"C:/Users/lasto/STM32CubeIDE/poter/RP-Plotter-G.9/Control/Studio_STM32_workspace/RP_Plotter/Source/BayesFunctions" -I"C:/Users/lasto/STM32CubeIDE/poter/RP-Plotter-G.9/Control/Studio_STM32_workspace/RP_Plotter/Source/CommonTables" -I"C:/Users/lasto/STM32CubeIDE/poter/RP-Plotter-G.9/Control/Studio_STM32_workspace/RP_Plotter/Source/ComplexMathFunctions" -I"C:/Users/lasto/STM32CubeIDE/poter/RP-Plotter-G.9/Control/Studio_STM32_workspace/RP_Plotter/Source/ControllerFunctions" -I"C:/Users/lasto/STM32CubeIDE/poter/RP-Plotter-G.9/Control/Studio_STM32_workspace/RP_Plotter/Source/DistanceFunctions" -I"C:/Users/lasto/STM32CubeIDE/poter/RP-Plotter-G.9/Control/Studio_STM32_workspace/RP_Plotter/Source/FastMathFunctions" -I"C:/Users/lasto/STM32CubeIDE/poter/RP-Plotter-G.9/Control/Studio_STM32_workspace/RP_Plotter/Source/FilteringFunctions" -I"C:/Users/lasto/STM32CubeIDE/poter/RP-Plotter-G.9/Control/Studio_STM32_workspace/RP_Plotter/Source/InterpolationFunctions" -I"C:/Users/lasto/STM32CubeIDE/poter/RP-Plotter-G.9/Control/Studio_STM32_workspace/RP_Plotter/Source/MatrixFunctions" -I"C:/Users/lasto/STM32CubeIDE/poter/RP-Plotter-G.9/Control/Studio_STM32_workspace/RP_Plotter/Source/QuaternionMathFunctions" -I"C:/Users/lasto/STM32CubeIDE/poter/RP-Plotter-G.9/Control/Studio_STM32_workspace/RP_Plotter/Source/StatisticsFunctions" -I"C:/Users/lasto/STM32CubeIDE/poter/RP-Plotter-G.9/Control/Studio_STM32_workspace/RP_Plotter/Source/SupportFunctions" -I"C:/Users/lasto/STM32CubeIDE/poter/RP-Plotter-G.9/Control/Studio_STM32_workspace/RP_Plotter/Source/SVMFunctions" -I"C:/Users/lasto/STM32CubeIDE/poter/RP-Plotter-G.9/Control/Studio_STM32_workspace/RP_Plotter/Source/TransformFunctions" -I"C:/Users/lasto/STM32CubeIDE/poter/RP-Plotter-G.9/Control/Studio_STM32_workspace/RP_Plotter/Source/WindowFunctions" -O0 -ffunction-sections -fdata-sections -Wall -fstack-usage -fcyclomatic-complexity -MMD -MP -MF"Middlewares/Third_Party/ARM_CMSIS/Source/TransformFunctions/TransformFunctions.d" -MT"Middlewares/Third_Party/ARM_CMSIS/Source/TransformFunctions/TransformFunctions.o" --specs=nano.specs -mfpu=fpv4-sp-d16 -mfloat-abi=hard -mthumb -o "Middlewares/Third_Party/ARM_CMSIS/Source/TransformFunctions/TransformFunctions.o"
arm-none-eabi-gcc "../Middlewares/Third_Party/ARM_CMSIS/Source/TransformFunctions/TransformFunctionsF16.c" -mcpu=cortex-m4 -std=gnu11 -g3 -DDEBUG -DUSE_HAL_DRIVER -DSTM32G474xx -c -I../Core/Inc -I../Drivers/STM32G4xx_HAL_Driver/Inc -I../Drivers/STM32G4xx_HAL_Driver/Inc/Legacy -I../Drivers/CMSIS/Device/ST/STM32G4xx/Include -I../Drivers/CMSIS/Include -I../Middlewares/Third_Party/ARM_CMSIS/CMSIS/Core/Include/ -I../Middlewares/Third_Party/ARM_CMSIS/PrivateInclude/ -I../Middlewares/Third_Party/ARM_CMSIS/Include/ -I../Middlewares/Third_Party/ARM_CMSIS/Include -I"C:/Users/lasto/STM32CubeIDE/poter/RP-Plotter-G.9/Control/Studio_STM32_workspace/RP_Plotter/Source/BasicMathFunctions" -I"C:/Users/lasto/STM32CubeIDE/poter/RP-Plotter-G.9/Control/Studio_STM32_workspace/RP_Plotter/Source/BayesFunctions" -I"C:/Users/lasto/STM32CubeIDE/poter/RP-Plotter-G.9/Control/Studio_STM32_workspace/RP_Plotter/Source/CommonTables" -I"C:/Users/lasto/STM32CubeIDE/poter/RP-Plotter-G.9/Control/Studio_STM32_workspace/RP_Plotter/Source/ComplexMathFunctions" -I"C:/Users/lasto/STM32CubeIDE/poter/RP-Plotter-G.9/Control/Studio_STM32_workspace/RP_Plotter/Source/ControllerFunctions" -I"C:/Users/lasto/STM32CubeIDE/poter/RP-Plotter-G.9/Control/Studio_STM32_workspace/RP_Plotter/Source/DistanceFunctions" -I"C:/Users/lasto/STM32CubeIDE/poter/RP-Plotter-G.9/Control/Studio_STM32_workspace/RP_Plotter/Source/FastMathFunctions" -I"C:/Users/lasto/STM32CubeIDE/poter/RP-Plotter-G.9/Control/Studio_STM32_workspace/RP_Plotter/Source/FilteringFunctions" -I"C:/Users/lasto/STM32CubeIDE/poter/RP-Plotter-G.9/Control/Studio_STM32_workspace/RP_Plotter/Source/InterpolationFunctions" -I"C:/Users/lasto/STM32CubeIDE/poter/RP-Plotter-G.9/Control/Studio_STM32_workspace/RP_Plotter/Source/MatrixFunctions" -I"C:/Users/lasto/STM32CubeIDE/poter/RP-Plotter-G.9/Control/Studio_STM32_workspace/RP_Plotter/Source/QuaternionMathFunctions" -I"C:/Users/lasto/STM32CubeIDE/poter/RP-Plotter-G.9/Control/Studio_STM32_workspace/RP_Plotter/Source/StatisticsFunctions" -I"C:/Users/lasto/STM32CubeIDE/poter/RP-Plotter-G.9/Control/Studio_STM32_workspace/RP_Plotter/Source/SupportFunctions" -I"C:/Users/lasto/STM32CubeIDE/poter/RP-Plotter-G.9/Control/Studio_STM32_workspace/RP_Plotter/Source/SVMFunctions" -I"C:/Users/lasto/STM32CubeIDE/poter/RP-Plotter-G.9/Control/Studio_STM32_workspace/RP_Plotter/Source/TransformFunctions" -I"C:/Users/lasto/STM32CubeIDE/poter/RP-Plotter-G.9/Control/Studio_STM32_workspace/RP_Plotter/Source/WindowFunctions" -O0 -ffunction-sections -fdata-sections -Wall -fstack-usage -fcyclomatic-complexity -MMD -MP -MF"Middlewares/Third_Party/ARM_CMSIS/Source/TransformFunctions/TransformFunctionsF16.d" -MT"Middlewares/Third_Party/ARM_CMSIS/Source/TransformFunctions/TransformFunctionsF16.o" --specs=nano.specs -mfpu=fpv4-sp-d16 -mfloat-abi=hard -mthumb -o "Middlewares/Third_Party/ARM_CMSIS/Source/TransformFunctions/TransformFunctionsF16.o"
arm-none-eabi-gcc "../Middlewares/Third_Party/ARM_CMSIS/Source/SupportFunctions/SupportFunctions.c" -mcpu=cortex-m4 -std=gnu11 -g3 -DDEBUG -DUSE_HAL_DRIVER -DSTM32G474xx -c -I../Core/Inc -I../Drivers/STM32G4xx_HAL_Driver/Inc -I../Drivers/STM32G4xx_HAL_Driver/Inc/Legacy -I../Drivers/CMSIS/Device/ST/STM32G4xx/Include -I../Drivers/CMSIS/Include -I../Middlewares/Third_Party/ARM_CMSIS/CMSIS/Core/Include/ -I../Middlewares/Third_Party/ARM_CMSIS/PrivateInclude/ -I../Middlewares/Third_Party/ARM_CMSIS/Include/ -I../Middlewares/Third_Party/ARM_CMSIS/Include -I"C:/Users/lasto/STM32CubeIDE/poter/RP-Plotter-G.9/Control/Studio_STM32_workspace/RP_Plotter/Source/BasicMathFunctions" -I"C:/Users/lasto/STM32CubeIDE/poter/RP-Plotter-G.9/Control/Studio_STM32_workspace/RP_Plotter/Source/BayesFunctions" -I"C:/Users/lasto/STM32CubeIDE/poter/RP-Plotter-G.9/Control/Studio_STM32_workspace/RP_Plotter/Source/CommonTables" -I"C:/Users/lasto/STM32CubeIDE/poter/RP-Plotter-G.9/Control/Studio_STM32_workspace/RP_Plotter/Source/ComplexMathFunctions" -I"C:/Users/lasto/STM32CubeIDE/poter/RP-Plotter-G.9/Control/Studio_STM32_workspace/RP_Plotter/Source/ControllerFunctions" -I"C:/Users/lasto/STM32CubeIDE/poter/RP-Plotter-G.9/Control/Studio_STM32_workspace/RP_Plotter/Source/DistanceFunctions" -I"C:/Users/lasto/STM32CubeIDE/poter/RP-Plotter-G.9/Control/Studio_STM32_workspace/RP_Plotter/Source/FastMathFunctions" -I"C:/Users/lasto/STM32CubeIDE/poter/RP-Plotter-G.9/Control/Studio_STM32_workspace/RP_Plotter/Source/FilteringFunctions" -I"C:/Users/lasto/STM32CubeIDE/poter/RP-Plotter-G.9/Control/Studio_STM32_workspace/RP_Plotter/Source/InterpolationFunctions" -I"C:/Users/lasto/STM32CubeIDE/poter/RP-Plotter-G.9/Control/Studio_STM32_workspace/RP_Plotter/Source/MatrixFunctions" -I"C:/Users/lasto/STM32CubeIDE/poter/RP-Plotter-G.9/Control/Studio_STM32_workspace/RP_Plotter/Source/QuaternionMathFunctions" -I"C:/Users/lasto/STM32CubeIDE/poter/RP-Plotter-G.9/Control/Studio_STM32_workspace/RP_Plotter/Source/StatisticsFunctions" -I"C:/Users/lasto/STM32CubeIDE/poter/RP-Plotter-G.9/Control/Studio_STM32_workspace/RP_Plotter/Source/SupportFunctions" -I"C:/Users/lasto/STM32CubeIDE/poter/RP-Plotter-G.9/Control/Studio_STM32_workspace/RP_Plotter/Source/SVMFunctions" -I"C:/Users/lasto/STM32CubeIDE/poter/RP-Plotter-G.9/Control/Studio_STM32_workspace/RP_Plotter/Source/TransformFunctions" -I"C:/Users/lasto/STM32CubeIDE/poter/RP-Plotter-G.9/Control/Studio_STM32_workspace/RP_Plotter/Source/WindowFunctions" -O0 -ffunction-sections -fdata-sections -Wall -fstack-usage -fcyclomatic-complexity -MMD -MP -MF"Middlewares/Third_Party/ARM_CMSIS/Source/SupportFunctions/SupportFunctions.d" -MT"Middlewares/Third_Party/ARM_CMSIS/Source/SupportFunctions/SupportFunctions.o" --specs=nano.specs -mfpu=fpv4-sp-d16 -mfloat-abi=hard -mthumb -o "Middlewares/Third_Party/ARM_CMSIS/Source/SupportFunctions/SupportFunctions.o"
arm-none-eabi-gcc "../Middlewares/Third_Party/ARM_CMSIS/Source/SupportFunctions/SupportFunctionsF16.c" -mcpu=cortex-m4 -std=gnu11 -g3 -DDEBUG -DUSE_HAL_DRIVER -DSTM32G474xx -c -I../Core/Inc -I../Drivers/STM32G4xx_HAL_Driver/Inc -I../Drivers/STM32G4xx_HAL_Driver/Inc/Legacy -I../Drivers/CMSIS/Device/ST/STM32G4xx/Include -I../Drivers/CMSIS/Include -I../Middlewares/Third_Party/ARM_CMSIS/CMSIS/Core/Include/ -I../Middlewares/Third_Party/ARM_CMSIS/PrivateInclude/ -I../Middlewares/Third_Party/ARM_CMSIS/Include/ -I../Middlewares/Third_Party/ARM_CMSIS/Include -I"C:/Users/lasto/STM32CubeIDE/poter/RP-Plotter-G.9/Control/Studio_STM32_workspace/RP_Plotter/Source/BasicMathFunctions" -I"C:/Users/lasto/STM32CubeIDE/poter/RP-Plotter-G.9/Control/Studio_STM32_workspace/RP_Plotter/Source/BayesFunctions" -I"C:/Users/lasto/STM32CubeIDE/poter/RP-Plotter-G.9/Control/Studio_STM32_workspace/RP_Plotter/Source/CommonTables" -I"C:/Users/lasto/STM32CubeIDE/poter/RP-Plotter-G.9/Control/Studio_STM32_workspace/RP_Plotter/Source/ComplexMathFunctions" -I"C:/Users/lasto/STM32CubeIDE/poter/RP-Plotter-G.9/Control/Studio_STM32_workspace/RP_Plotter/Source/ControllerFunctions" -I"C:/Users/lasto/STM32CubeIDE/poter/RP-Plotter-G.9/Control/Studio_STM32_workspace/RP_Plotter/Source/DistanceFunctions" -I"C:/Users/lasto/STM32CubeIDE/poter/RP-Plotter-G.9/Control/Studio_STM32_workspace/RP_Plotter/Source/FastMathFunctions" -I"C:/Users/lasto/STM32CubeIDE/poter/RP-Plotter-G.9/Control/Studio_STM32_workspace/RP_Plotter/Source/FilteringFunctions" -I"C:/Users/lasto/STM32CubeIDE/poter/RP-Plotter-G.9/Control/Studio_STM32_workspace/RP_Plotter/Source/InterpolationFunctions" -I"C:/Users/lasto/STM32CubeIDE/poter/RP-Plotter-G.9/Control/Studio_STM32_workspace/RP_Plotter/Source/MatrixFunctions" -I"C:/Users/lasto/STM32CubeIDE/poter/RP-Plotter-G.9/Control/Studio_STM32_workspace/RP_Plotter/Source/QuaternionMathFunctions" -I"C:/Users/lasto/STM32CubeIDE/poter/RP-Plotter-G.9/Control/Studio_STM32_workspace/RP_Plotter/Source/StatisticsFunctions" -I"C:/Users/lasto/STM32CubeIDE/poter/RP-Plotter-G.9/Control/Studio_STM32_workspace/RP_Plotter/Source/SupportFunctions" -I"C:/Users/lasto/STM32CubeIDE/poter/RP-Plotter-G.9/Control/Studio_STM32_workspace/RP_Plotter/Source/SVMFunctions" -I"C:/Users/lasto/STM32CubeIDE/poter/RP-Plotter-G.9/Control/Studio_STM32_workspace/RP_Plotter/Source/TransformFunctions" -I"C:/Users/lasto/STM32CubeIDE/poter/RP-Plotter-G.9/Control/Studio_STM32_workspace/RP_Plotter/Source/WindowFunctions" -O0 -ffunction-sections -fdata-sections -Wall -fstack-usage -fcyclomatic-complexity -MMD -MP -MF"Middlewares/Third_Party/ARM_CMSIS/Source/SupportFunctions/SupportFunctionsF16.d" -MT"Middlewares/Third_Party/ARM_CMSIS/Source/SupportFunctions/SupportFunctionsF16.o" --specs=nano.specs -mfpu=fpv4-sp-d16 -mfloat-abi=hard -mthumb -o "Middlewares/Third_Party/ARM_CMSIS/Source/SupportFunctions/SupportFunctionsF16.o"
arm-none-eabi-gcc "../Middlewares/Third_Party/ARM_CMSIS/Source/StatisticsFunctions/StatisticsFunctions.c" -mcpu=cortex-m4 -std=gnu11 -g3 -DDEBUG -DUSE_HAL_DRIVER -DSTM32G474xx -c -I../Core/Inc -I../Drivers/STM32G4xx_HAL_Driver/Inc -I../Drivers/STM32G4xx_HAL_Driver/Inc/Legacy -I../Drivers/CMSIS/Device/ST/STM32G4xx/Include -I../Drivers/CMSIS/Include -I../Middlewares/Third_Party/ARM_CMSIS/CMSIS/Core/Include/ -I../Middlewares/Third_Party/ARM_CMSIS/PrivateInclude/ -I../Middlewares/Third_Party/ARM_CMSIS/Include/ -I../Middlewares/Third_Party/ARM_CMSIS/Include -I"C:/Users/lasto/STM32CubeIDE/poter/RP-Plotter-G.9/Control/Studio_STM32_workspace/RP_Plotter/Source/BasicMathFunctions" -I"C:/Users/lasto/STM32CubeIDE/poter/RP-Plotter-G.9/Control/Studio_STM32_workspace/RP_Plotter/Source/BayesFunctions" -I"C:/Users/lasto/STM32CubeIDE/poter/RP-Plotter-G.9/Control/Studio_STM32_workspace/RP_Plotter/Source/CommonTables" -I"C:/Users/lasto/STM32CubeIDE/poter/RP-Plotter-G.9/Control/Studio_STM32_workspace/RP_Plotter/Source/ComplexMathFunctions" -I"C:/Users/lasto/STM32CubeIDE/poter/RP-Plotter-G.9/Control/Studio_STM32_workspace/RP_Plotter/Source/ControllerFunctions" -I"C:/Users/lasto/STM32CubeIDE/poter/RP-Plotter-G.9/Control/Studio_STM32_workspace/RP_Plotter/Source/DistanceFunctions" -I"C:/Users/lasto/STM32CubeIDE/poter/RP-Plotter-G.9/Control/Studio_STM32_workspace/RP_Plotter/Source/FastMathFunctions" -I"C:/Users/lasto/STM32CubeIDE/poter/RP-Plotter-G.9/Control/Studio_STM32_workspace/RP_Plotter/Source/FilteringFunctions" -I"C:/Users/lasto/STM32CubeIDE/poter/RP-Plotter-G.9/Control/Studio_STM32_workspace/RP_Plotter/Source/InterpolationFunctions" -I"C:/Users/lasto/STM32CubeIDE/poter/RP-Plotter-G.9/Control/Studio_STM32_workspace/RP_Plotter/Source/MatrixFunctions" -I"C:/Users/lasto/STM32CubeIDE/poter/RP-Plotter-G.9/Control/Studio_STM32_workspace/RP_Plotter/Source/QuaternionMathFunctions" -I"C:/Users/lasto/STM32CubeIDE/poter/RP-Plotter-G.9/Control/Studio_STM32_workspace/RP_Plotter/Source/StatisticsFunctions" -I"C:/Users/lasto/STM32CubeIDE/poter/RP-Plotter-G.9/Control/Studio_STM32_workspace/RP_Plotter/Source/SupportFunctions" -I"C:/Users/lasto/STM32CubeIDE/poter/RP-Plotter-G.9/Control/Studio_STM32_workspace/RP_Plotter/Source/SVMFunctions" -I"C:/Users/lasto/STM32CubeIDE/poter/RP-Plotter-G.9/Control/Studio_STM32_workspace/RP_Plotter/Source/TransformFunctions" -I"C:/Users/lasto/STM32CubeIDE/poter/RP-Plotter-G.9/Control/Studio_STM32_workspace/RP_Plotter/Source/WindowFunctions" -O0 -ffunction-sections -fdata-sections -Wall -fstack-usage -fcyclomatic-complexity -MMD -MP -MF"Middlewares/Third_Party/ARM_CMSIS/Source/StatisticsFunctions/StatisticsFunctions.d" -MT"Middlewares/Third_Party/ARM_CMSIS/Source/StatisticsFunctions/StatisticsFunctions.o" --specs=nano.specs -mfpu=fpv4-sp-d16 -mfloat-abi=hard -mthumb -o "Middlewares/Third_Party/ARM_CMSIS/Source/StatisticsFunctions/StatisticsFunctions.o"
arm-none-eabi-gcc "../Middlewares/Third_Party/ARM_CMSIS/Source/StatisticsFunctions/StatisticsFunctionsF16.c" -mcpu=cortex-m4 -std=gnu11 -g3 -DDEBUG -DUSE_HAL_DRIVER -DSTM32G474xx -c -I../Core/Inc -I../Drivers/STM32G4xx_HAL_Driver/Inc -I../Drivers/STM32G4xx_HAL_Driver/Inc/Legacy -I../Drivers/CMSIS/Device/ST/STM32G4xx/Include -I../Drivers/CMSIS/Include -I../Middlewares/Third_Party/ARM_CMSIS/CMSIS/Core/Include/ -I../Middlewares/Third_Party/ARM_CMSIS/PrivateInclude/ -I../Middlewares/Third_Party/ARM_CMSIS/Include/ -I../Middlewares/Third_Party/ARM_CMSIS/Include -I"C:/Users/lasto/STM32CubeIDE/poter/RP-Plotter-G.9/Control/Studio_STM32_workspace/RP_Plotter/Source/BasicMathFunctions" -I"C:/Users/lasto/STM32CubeIDE/poter/RP-Plotter-G.9/Control/Studio_STM32_workspace/RP_Plotter/Source/BayesFunctions" -I"C:/Users/lasto/STM32CubeIDE/poter/RP-Plotter-G.9/Control/Studio_STM32_workspace/RP_Plotter/Source/CommonTables" -I"C:/Users/lasto/STM32CubeIDE/poter/RP-Plotter-G.9/Control/Studio_STM32_workspace/RP_Plotter/Source/ComplexMathFunctions" -I"C:/Users/lasto/STM32CubeIDE/poter/RP-Plotter-G.9/Control/Studio_STM32_workspace/RP_Plotter/Source/ControllerFunctions" -I"C:/Users/lasto/STM32CubeIDE/poter/RP-Plotter-G.9/Control/Studio_STM32_workspace/RP_Plotter/Source/DistanceFunctions" -I"C:/Users/lasto/STM32CubeIDE/poter/RP-Plotter-G.9/Control/Studio_STM32_workspace/RP_Plotter/Source/FastMathFunctions" -I"C:/Users/lasto/STM32CubeIDE/poter/RP-Plotter-G.9/Control/Studio_STM32_workspace/RP_Plotter/Source/FilteringFunctions" -I"C:/Users/lasto/STM32CubeIDE/poter/RP-Plotter-G.9/Control/Studio_STM32_workspace/RP_Plotter/Source/InterpolationFunctions" -I"C:/Users/lasto/STM32CubeIDE/poter/RP-Plotter-G.9/Control/Studio_STM32_workspace/RP_Plotter/Source/MatrixFunctions" -I"C:/Users/lasto/STM32CubeIDE/poter/RP-Plotter-G.9/Control/Studio_STM32_workspace/RP_Plotter/Source/QuaternionMathFunctions" -I"C:/Users/lasto/STM32CubeIDE/poter/RP-Plotter-G.9/Control/Studio_STM32_workspace/RP_Plotter/Source/StatisticsFunctions" -I"C:/Users/lasto/STM32CubeIDE/poter/RP-Plotter-G.9/Control/Studio_STM32_workspace/RP_Plotter/Source/SupportFunctions" -I"C:/Users/lasto/STM32CubeIDE/poter/RP-Plotter-G.9/Control/Studio_STM32_workspace/RP_Plotter/Source/SVMFunctions" -I"C:/Users/lasto/STM32CubeIDE/poter/RP-Plotter-G.9/Control/Studio_STM32_workspace/RP_Plotter/Source/TransformFunctions" -I"C:/Users/lasto/STM32CubeIDE/poter/RP-Plotter-G.9/Control/Studio_STM32_workspace/RP_Plotter/Source/WindowFunctions" -O0 -ffunction-sections -fdata-sections -Wall -fstack-usage -fcyclomatic-complexity -MMD -MP -MF"Middlewares/Third_Party/ARM_CMSIS/Source/StatisticsFunctions/StatisticsFunctionsF16.d" -MT"Middlewares/Third_Party/ARM_CMSIS/Source/StatisticsFunctions/StatisticsFunctionsF16.o" --specs=nano.specs -mfpu=fpv4-sp-d16 -mfloat-abi=hard -mthumb -o "Middlewares/Third_Party/ARM_CMSIS/Source/StatisticsFunctions/StatisticsFunctionsF16.o"
arm-none-eabi-gcc "../Middlewares/Third_Party/ARM_CMSIS/Source/SVMFunctions/SVMFunctions.c" -mcpu=cortex-m4 -std=gnu11 -g3 -DDEBUG -DUSE_HAL_DRIVER -DSTM32G474xx -c -I../Core/Inc -I../Drivers/STM32G4xx_HAL_Driver/Inc -I../Drivers/STM32G4xx_HAL_Driver/Inc/Legacy -I../Drivers/CMSIS/Device/ST/STM32G4xx/Include -I../Drivers/CMSIS/Include -I../Middlewares/Third_Party/ARM_CMSIS/CMSIS/Core/Include/ -I../Middlewares/Third_Party/ARM_CMSIS/PrivateInclude/ -I../Middlewares/Third_Party/ARM_CMSIS/Include/ -I../Middlewares/Third_Party/ARM_CMSIS/Include -I"C:/Users/lasto/STM32CubeIDE/poter/RP-Plotter-G.9/Control/Studio_STM32_workspace/RP_Plotter/Source/BasicMathFunctions" -I"C:/Users/lasto/STM32CubeIDE/poter/RP-Plotter-G.9/Control/Studio_STM32_workspace/RP_Plotter/Source/BayesFunctions" -I"C:/Users/lasto/STM32CubeIDE/poter/RP-Plotter-G.9/Control/Studio_STM32_workspace/RP_Plotter/Source/CommonTables" -I"C:/Users/lasto/STM32CubeIDE/poter/RP-Plotter-G.9/Control/Studio_STM32_workspace/RP_Plotter/Source/ComplexMathFunctions" -I"C:/Users/lasto/STM32CubeIDE/poter/RP-Plotter-G.9/Control/Studio_STM32_workspace/RP_Plotter/Source/ControllerFunctions" -I"C:/Users/lasto/STM32CubeIDE/poter/RP-Plotter-G.9/Control/Studio_STM32_workspace/RP_Plotter/Source/DistanceFunctions" -I"C:/Users/lasto/STM32CubeIDE/poter/RP-Plotter-G.9/Control/Studio_STM32_workspace/RP_Plotter/Source/FastMathFunctions" -I"C:/Users/lasto/STM32CubeIDE/poter/RP-Plotter-G.9/Control/Studio_STM32_workspace/RP_Plotter/Source/FilteringFunctions" -I"C:/Users/lasto/STM32CubeIDE/poter/RP-Plotter-G.9/Control/Studio_STM32_workspace/RP_Plotter/Source/InterpolationFunctions" -I"C:/Users/lasto/STM32CubeIDE/poter/RP-Plotter-G.9/Control/Studio_STM32_workspace/RP_Plotter/Source/MatrixFunctions" -I"C:/Users/lasto/STM32CubeIDE/poter/RP-Plotter-G.9/Control/Studio_STM32_workspace/RP_Plotter/Source/QuaternionMathFunctions" -I"C:/Users/lasto/STM32CubeIDE/poter/RP-Plotter-G.9/Control/Studio_STM32_workspace/RP_Plotter/Source/StatisticsFunctions" -I"C:/Users/lasto/STM32CubeIDE/poter/RP-Plotter-G.9/Control/Studio_STM32_workspace/RP_Plotter/Source/SupportFunctions" -I"C:/Users/lasto/STM32CubeIDE/poter/RP-Plotter-G.9/Control/Studio_STM32_workspace/RP_Plotter/Source/SVMFunctions" -I"C:/Users/lasto/STM32CubeIDE/poter/RP-Plotter-G.9/Control/Studio_STM32_workspace/RP_Plotter/Source/TransformFunctions" -I"C:/Users/lasto/STM32CubeIDE/poter/RP-Plotter-G.9/Control/Studio_STM32_workspace/RP_Plotter/Source/WindowFunctions" -O0 -ffunction-sections -fdata-sections -Wall -fstack-usage -fcyclomatic-complexity -MMD -MP -MF"Middlewares/Third_Party/ARM_CMSIS/Source/SVMFunctions/SVMFunctions.d" -MT"Middlewares/Third_Party/ARM_CMSIS/Source/SVMFunctions/SVMFunctions.o" --specs=nano.specs -mfpu=fpv4-sp-d16 -mfloat-abi=hard -mthumb -o "Middlewares/Third_Party/ARM_CMSIS/Source/SVMFunctions/SVMFunctions.o"
arm-none-eabi-gcc "../Middlewares/Third_Party/ARM_CMSIS/Source/SVMFunctions/SVMFunctionsF16.c" -mcpu=cortex-m4 -std=gnu11 -g3 -DDEBUG -DUSE_HAL_DRIVER -DSTM32G474xx -c -I../Core/Inc -I../Drivers/STM32G4xx_HAL_Driver/Inc -I../Drivers/STM32G4xx_HAL_Driver/Inc/Legacy -I../Drivers/CMSIS/Device/ST/STM32G4xx/Include -I../Drivers/CMSIS/Include -I../Middlewares/Third_Party/ARM_CMSIS/CMSIS/Core/Include/ -I../Middlewares/Third_Party/ARM_CMSIS/PrivateInclude/ -I../Middlewares/Third_Party/ARM_CMSIS/Include/ -I../Middlewares/Third_Party/ARM_CMSIS/Include -I"C:/Users/lasto/STM32CubeIDE/poter/RP-Plotter-G.9/Control/Studio_STM32_workspace/RP_Plotter/Source/BasicMathFunctions" -I"C:/Users/lasto/STM32CubeIDE/poter/RP-Plotter-G.9/Control/Studio_STM32_workspace/RP_Plotter/Source/BayesFunctions" -I"C:/Users/lasto/STM32CubeIDE/poter/RP-Plotter-G.9/Control/Studio_STM32_workspace/RP_Plotter/Source/CommonTables" -I"C:/Users/lasto/STM32CubeIDE/poter/RP-Plotter-G.9/Control/Studio_STM32_workspace/RP_Plotter/Source/ComplexMathFunctions" -I"C:/Users/lasto/STM32CubeIDE/poter/RP-Plotter-G.9/Control/Studio_STM32_workspace/RP_Plotter/Source/ControllerFunctions" -I"C:/Users/lasto/STM32CubeIDE/poter/RP-Plotter-G.9/Control/Studio_STM32_workspace/RP_Plotter/Source/DistanceFunctions" -I"C:/Users/lasto/STM32CubeIDE/poter/RP-Plotter-G.9/Control/Studio_STM32_workspace/RP_Plotter/Source/FastMathFunctions" -I"C:/Users/lasto/STM32CubeIDE/poter/RP-Plotter-G.9/Control/Studio_STM32_workspace/RP_Plotter/Source/FilteringFunctions" -I"C:/Users/lasto/STM32CubeIDE/poter/RP-Plotter-G.9/Control/Studio_STM32_workspace/RP_Plotter/Source/InterpolationFunctions" -I"C:/Users/lasto/STM32CubeIDE/poter/RP-Plotter-G.9/Control/Studio_STM32_workspace/RP_Plotter/Source/MatrixFunctions" -I"C:/Users/lasto/STM32CubeIDE/poter/RP-Plotter-G.9/Control/Studio_STM32_workspace/RP_Plotter/Source/QuaternionMathFunctions" -I"C:/Users/lasto/STM32CubeIDE/poter/RP-Plotter-G.9/Control/Studio_STM32_workspace/RP_Plotter/Source/StatisticsFunctions" -I"C:/Users/lasto/STM32CubeIDE/poter/RP-Plotter-G.9/Control/Studio_STM32_workspace/RP_Plotter/Source/SupportFunctions" -I"C:/Users/lasto/STM32CubeIDE/poter/RP-Plotter-G.9/Control/Studio_STM32_workspace/RP_Plotter/Source/SVMFunctions" -I"C:/Users/lasto/STM32CubeIDE/poter/RP-Plotter-G.9/Control/Studio_STM32_workspace/RP_Plotter/Source/TransformFunctions" -I"C:/Users/lasto/STM32CubeIDE/poter/RP-Plotter-G.9/Control/Studio_STM32_workspace/RP_Plotter/Source/WindowFunctions" -O0 -ffunction-sections -fdata-sections -Wall -fstack-usage -fcyclomatic-complexity -MMD -MP -MF"Middlewares/Third_Party/ARM_CMSIS/Source/SVMFunctions/SVMFunctionsF16.d" -MT"Middlewares/Third_Party/ARM_CMSIS/Source/SVMFunctions/SVMFunctionsF16.o" --specs=nano.specs -mfpu=fpv4-sp-d16 -mfloat-abi=hard -mthumb -o "Middlewares/Third_Party/ARM_CMSIS/Source/SVMFunctions/SVMFunctionsF16.o"
arm-none-eabi-gcc "../Middlewares/Third_Party/ARM_CMSIS/Source/QuaternionMathFunctions/QuaternionMathFunctions.c" -mcpu=cortex-m4 -std=gnu11 -g3 -DDEBUG -DUSE_HAL_DRIVER -DSTM32G474xx -c -I../Core/Inc -I../Drivers/STM32G4xx_HAL_Driver/Inc -I../Drivers/STM32G4xx_HAL_Driver/Inc/Legacy -I../Drivers/CMSIS/Device/ST/STM32G4xx/Include -I../Drivers/CMSIS/Include -I../Middlewares/Third_Party/ARM_CMSIS/CMSIS/Core/Include/ -I../Middlewares/Third_Party/ARM_CMSIS/PrivateInclude/ -I../Middlewares/Third_Party/ARM_CMSIS/Include/ -I../Middlewares/Third_Party/ARM_CMSIS/Include -I"C:/Users/lasto/STM32CubeIDE/poter/RP-Plotter-G.9/Control/Studio_STM32_workspace/RP_Plotter/Source/BasicMathFunctions" -I"C:/Users/lasto/STM32CubeIDE/poter/RP-Plotter-G.9/Control/Studio_STM32_workspace/RP_Plotter/Source/BayesFunctions" -I"C:/Users/lasto/STM32CubeIDE/poter/RP-Plotter-G.9/Control/Studio_STM32_workspace/RP_Plotter/Source/CommonTables" -I"C:/Users/lasto/STM32CubeIDE/poter/RP-Plotter-G.9/Control/Studio_STM32_workspace/RP_Plotter/Source/ComplexMathFunctions" -I"C:/Users/lasto/STM32CubeIDE/poter/RP-Plotter-G.9/Control/Studio_STM32_workspace/RP_Plotter/Source/ControllerFunctions" -I"C:/Users/lasto/STM32CubeIDE/poter/RP-Plotter-G.9/Control/Studio_STM32_workspace/RP_Plotter/Source/DistanceFunctions" -I"C:/Users/lasto/STM32CubeIDE/poter/RP-Plotter-G.9/Control/Studio_STM32_workspace/RP_Plotter/Source/FastMathFunctions" -I"C:/Users/lasto/STM32CubeIDE/poter/RP-Plotter-G.9/Control/Studio_STM32_workspace/RP_Plotter/Source/FilteringFunctions" -I"C:/Users/lasto/STM32CubeIDE/poter/RP-Plotter-G.9/Control/Studio_STM32_workspace/RP_Plotter/Source/InterpolationFunctions" -I"C:/Users/lasto/STM32CubeIDE/poter/RP-Plotter-G.9/Control/Studio_STM32_workspace/RP_Plotter/Source/MatrixFunctions" -I"C:/Users/lasto/STM32CubeIDE/poter/RP-Plotter-G.9/Control/Studio_STM32_workspace/RP_Plotter/Source/QuaternionMathFunctions" -I"C:/Users/lasto/STM32CubeIDE/poter/RP-Plotter-G.9/Control/Studio_STM32_workspace/RP_Plotter/Source/StatisticsFunctions" -I"C:/Users/lasto/STM32CubeIDE/poter/RP-Plotter-G.9/Control/Studio_STM32_workspace/RP_Plotter/Source/SupportFunctions" -I"C:/Users/lasto/STM32CubeIDE/poter/RP-Plotter-G.9/Control/Studio_STM32_workspace/RP_Plotter/Source/SVMFunctions" -I"C:/Users/lasto/STM32CubeIDE/poter/RP-Plotter-G.9/Control/Studio_STM32_workspace/RP_Plotter/Source/TransformFunctions" -I"C:/Users/lasto/STM32CubeIDE/poter/RP-Plotter-G.9/Control/Studio_STM32_workspace/RP_Plotter/Source/WindowFunctions" -O0 -ffunction-sections -fdata-sections -Wall -fstack-usage -fcyclomatic-complexity -MMD -MP -MF"Middlewares/Third_Party/ARM_CMSIS/Source/QuaternionMathFunctions/QuaternionMathFunctions.d" -MT"Middlewares/Third_Party/ARM_CMSIS/Source/QuaternionMathFunctions/QuaternionMathFunctions.o" --specs=nano.specs -mfpu=fpv4-sp-d16 -mfloat-abi=hard -mthumb -o "Middlewares/Third_Party/ARM_CMSIS/Source/QuaternionMathFunctions/QuaternionMathFunctions.o"
arm-none-eabi-gcc "../Middlewares/Third_Party/ARM_CMSIS/Source/MatrixFunctions/MatrixFunctions.c" -mcpu=cortex-m4 -std=gnu11 -g3 -DDEBUG -DUSE_HAL_DRIVER -DSTM32G474xx -c -I../Core/Inc -I../Drivers/STM32G4xx_HAL_Driver/Inc -I../Drivers/STM32G4xx_HAL_Driver/Inc/Legacy -I../Drivers/CMSIS/Device/ST/STM32G4xx/Include -I../Drivers/CMSIS/Include -I../Middlewares/Third_Party/ARM_CMSIS/CMSIS/Core/Include/ -I../Middlewares/Third_Party/ARM_CMSIS/PrivateInclude/ -I../Middlewares/Third_Party/ARM_CMSIS/Include/ -I../Middlewares/Third_Party/ARM_CMSIS/Include -I"C:/Users/lasto/STM32CubeIDE/poter/RP-Plotter-G.9/Control/Studio_STM32_workspace/RP_Plotter/Source/BasicMathFunctions" -I"C:/Users/lasto/STM32CubeIDE/poter/RP-Plotter-G.9/Control/Studio_STM32_workspace/RP_Plotter/Source/BayesFunctions" -I"C:/Users/lasto/STM32CubeIDE/poter/RP-Plotter-G.9/Control/Studio_STM32_workspace/RP_Plotter/Source/CommonTables" -I"C:/Users/lasto/STM32CubeIDE/poter/RP-Plotter-G.9/Control/Studio_STM32_workspace/RP_Plotter/Source/ComplexMathFunctions" -I"C:/Users/lasto/STM32CubeIDE/poter/RP-Plotter-G.9/Control/Studio_STM32_workspace/RP_Plotter/Source/ControllerFunctions" -I"C:/Users/lasto/STM32CubeIDE/poter/RP-Plotter-G.9/Control/Studio_STM32_workspace/RP_Plotter/Source/DistanceFunctions" -I"C:/Users/lasto/STM32CubeIDE/poter/RP-Plotter-G.9/Control/Studio_STM32_workspace/RP_Plotter/Source/FastMathFunctions" -I"C:/Users/lasto/STM32CubeIDE/poter/RP-Plotter-G.9/Control/Studio_STM32_workspace/RP_Plotter/Source/FilteringFunctions" -I"C:/Users/lasto/STM32CubeIDE/poter/RP-Plotter-G.9/Control/Studio_STM32_workspace/RP_Plotter/Source/InterpolationFunctions" -I"C:/Users/lasto/STM32CubeIDE/poter/RP-Plotter-G.9/Control/Studio_STM32_workspace/RP_Plotter/Source/MatrixFunctions" -I"C:/Users/lasto/STM32CubeIDE/poter/RP-Plotter-G.9/Control/Studio_STM32_workspace/RP_Plotter/Source/QuaternionMathFunctions" -I"C:/Users/lasto/STM32CubeIDE/poter/RP-Plotter-G.9/Control/Studio_STM32_workspace/RP_Plotter/Source/StatisticsFunctions" -I"C:/Users/lasto/STM32CubeIDE/poter/RP-Plotter-G.9/Control/Studio_STM32_workspace/RP_Plotter/Source/SupportFunctions" -I"C:/Users/lasto/STM32CubeIDE/poter/RP-Plotter-G.9/Control/Studio_STM32_workspace/RP_Plotter/Source/SVMFunctions" -I"C:/Users/lasto/STM32CubeIDE/poter/RP-Plotter-G.9/Control/Studio_STM32_workspace/RP_Plotter/Source/TransformFunctions" -I"C:/Users/lasto/STM32CubeIDE/poter/RP-Plotter-G.9/Control/Studio_STM32_workspace/RP_Plotter/Source/WindowFunctions" -O0 -ffunction-sections -fdata-sections -Wall -fstack-usage -fcyclomatic-complexity -MMD -MP -MF"Middlewares/Third_Party/ARM_CMSIS/Source/MatrixFunctions/MatrixFunctions.d" -MT"Middlewares/Third_Party/ARM_CMSIS/Source/MatrixFunctions/MatrixFunctions.o" --specs=nano.specs -mfpu=fpv4-sp-d16 -mfloat-abi=hard -mthumb -o "Middlewares/Third_Party/ARM_CMSIS/Source/MatrixFunctions/MatrixFunctions.o"
arm-none-eabi-gcc "../Middlewares/Third_Party/ARM_CMSIS/Source/MatrixFunctions/MatrixFunctionsF16.c" -mcpu=cortex-m4 -std=gnu11 -g3 -DDEBUG -DUSE_HAL_DRIVER -DSTM32G474xx -c -I../Core/Inc -I../Drivers/STM32G4xx_HAL_Driver/Inc -I../Drivers/STM32G4xx_HAL_Driver/Inc/Legacy -I../Drivers/CMSIS/Device/ST/STM32G4xx/Include -I../Drivers/CMSIS/Include -I../Middlewares/Third_Party/ARM_CMSIS/CMSIS/Core/Include/ -I../Middlewares/Third_Party/ARM_CMSIS/PrivateInclude/ -I../Middlewares/Third_Party/ARM_CMSIS/Include/ -I../Middlewares/Third_Party/ARM_CMSIS/Include -I"C:/Users/lasto/STM32CubeIDE/poter/RP-Plotter-G.9/Control/Studio_STM32_workspace/RP_Plotter/Source/BasicMathFunctions" -I"C:/Users/lasto/STM32CubeIDE/poter/RP-Plotter-G.9/Control/Studio_STM32_workspace/RP_Plotter/Source/BayesFunctions" -I"C:/Users/lasto/STM32CubeIDE/poter/RP-Plotter-G.9/Control/Studio_STM32_workspace/RP_Plotter/Source/CommonTables" -I"C:/Users/lasto/STM32CubeIDE/poter/RP-Plotter-G.9/Control/Studio_STM32_workspace/RP_Plotter/Source/ComplexMathFunctions" -I"C:/Users/lasto/STM32CubeIDE/poter/RP-Plotter-G.9/Control/Studio_STM32_workspace/RP_Plotter/Source/ControllerFunctions" -I"C:/Users/lasto/STM32CubeIDE/poter/RP-Plotter-G.9/Control/Studio_STM32_workspace/RP_Plotter/Source/DistanceFunctions" -I"C:/Users/lasto/STM32CubeIDE/poter/RP-Plotter-G.9/Control/Studio_STM32_workspace/RP_Plotter/Source/FastMathFunctions" -I"C:/Users/lasto/STM32CubeIDE/poter/RP-Plotter-G.9/Control/Studio_STM32_workspace/RP_Plotter/Source/FilteringFunctions" -I"C:/Users/lasto/STM32CubeIDE/poter/RP-Plotter-G.9/Control/Studio_STM32_workspace/RP_Plotter/Source/InterpolationFunctions" -I"C:/Users/lasto/STM32CubeIDE/poter/RP-Plotter-G.9/Control/Studio_STM32_workspace/RP_Plotter/Source/MatrixFunctions" -I"C:/Users/lasto/STM32CubeIDE/poter/RP-Plotter-G.9/Control/Studio_STM32_workspace/RP_Plotter/Source/QuaternionMathFunctions" -I"C:/Users/lasto/STM32CubeIDE/poter/RP-Plotter-G.9/Control/Studio_STM32_workspace/RP_Plotter/Source/StatisticsFunctions" -I"C:/Users/lasto/STM32CubeIDE/poter/RP-Plotter-G.9/Control/Studio_STM32_workspace/RP_Plotter/Source/SupportFunctions" -I"C:/Users/lasto/STM32CubeIDE/poter/RP-Plotter-G.9/Control/Studio_STM32_workspace/RP_Plotter/Source/SVMFunctions" -I"C:/Users/lasto/STM32CubeIDE/poter/RP-Plotter-G.9/Control/Studio_STM32_workspace/RP_Plotter/Source/TransformFunctions" -I"C:/Users/lasto/STM32CubeIDE/poter/RP-Plotter-G.9/Control/Studio_STM32_workspace/RP_Plotter/Source/WindowFunctions" -O0 -ffunction-sections -fdata-sections -Wall -fstack-usage -fcyclomatic-complexity -MMD -MP -MF"Middlewares/Third_Party/ARM_CMSIS/Source/MatrixFunctions/MatrixFunctionsF16.d" -MT"Middlewares/Third_Party/ARM_CMSIS/Source/MatrixFunctions/MatrixFunctionsF16.o" --specs=nano.specs -mfpu=fpv4-sp-d16 -mfloat-abi=hard -mthumb -o "Middlewares/Third_Party/ARM_CMSIS/Source/MatrixFunctions/MatrixFunctionsF16.o"
arm-none-eabi-gcc "../Middlewares/Third_Party/ARM_CMSIS/Source/InterpolationFunctions/InterpolationFunctions.c" -mcpu=cortex-m4 -std=gnu11 -g3 -DDEBUG -DUSE_HAL_DRIVER -DSTM32G474xx -c -I../Core/Inc -I../Drivers/STM32G4xx_HAL_Driver/Inc -I../Drivers/STM32G4xx_HAL_Driver/Inc/Legacy -I../Drivers/CMSIS/Device/ST/STM32G4xx/Include -I../Drivers/CMSIS/Include -I../Middlewares/Third_Party/ARM_CMSIS/CMSIS/Core/Include/ -I../Middlewares/Third_Party/ARM_CMSIS/PrivateInclude/ -I../Middlewares/Third_Party/ARM_CMSIS/Include/ -I../Middlewares/Third_Party/ARM_CMSIS/Include -I"C:/Users/lasto/STM32CubeIDE/poter/RP-Plotter-G.9/Control/Studio_STM32_workspace/RP_Plotter/Source/BasicMathFunctions" -I"C:/Users/lasto/STM32CubeIDE/poter/RP-Plotter-G.9/Control/Studio_STM32_workspace/RP_Plotter/Source/BayesFunctions" -I"C:/Users/lasto/STM32CubeIDE/poter/RP-Plotter-G.9/Control/Studio_STM32_workspace/RP_Plotter/Source/CommonTables" -I"C:/Users/lasto/STM32CubeIDE/poter/RP-Plotter-G.9/Control/Studio_STM32_workspace/RP_Plotter/Source/ComplexMathFunctions" -I"C:/Users/lasto/STM32CubeIDE/poter/RP-Plotter-G.9/Control/Studio_STM32_workspace/RP_Plotter/Source/ControllerFunctions" -I"C:/Users/lasto/STM32CubeIDE/poter/RP-Plotter-G.9/Control/Studio_STM32_workspace/RP_Plotter/Source/DistanceFunctions" -I"C:/Users/lasto/STM32CubeIDE/poter/RP-Plotter-G.9/Control/Studio_STM32_workspace/RP_Plotter/Source/FastMathFunctions" -I"C:/Users/lasto/STM32CubeIDE/poter/RP-Plotter-G.9/Control/Studio_STM32_workspace/RP_Plotter/Source/FilteringFunctions" -I"C:/Users/lasto/STM32CubeIDE/poter/RP-Plotter-G.9/Control/Studio_STM32_workspace/RP_Plotter/Source/InterpolationFunctions" -I"C:/Users/lasto/STM32CubeIDE/poter/RP-Plotter-G.9/Control/Studio_STM32_workspace/RP_Plotter/Source/MatrixFunctions" -I"C:/Users/lasto/STM32CubeIDE/poter/RP-Plotter-G.9/Control/Studio_STM32_workspace/RP_Plotter/Source/QuaternionMathFunctions" -I"C:/Users/lasto/STM32CubeIDE/poter/RP-Plotter-G.9/Control/Studio_STM32_workspace/RP_Plotter/Source/StatisticsFunctions" -I"C:/Users/lasto/STM32CubeIDE/poter/RP-Plotter-G.9/Control/Studio_STM32_workspace/RP_Plotter/Source/SupportFunctions" -I"C:/Users/lasto/STM32CubeIDE/poter/RP-Plotter-G.9/Control/Studio_STM32_workspace/RP_Plotter/Source/SVMFunctions" -I"C:/Users/lasto/STM32CubeIDE/poter/RP-Plotter-G.9/Control/Studio_STM32_workspace/RP_Plotter/Source/TransformFunctions" -I"C:/Users/lasto/STM32CubeIDE/poter/RP-Plotter-G.9/Control/Studio_STM32_workspace/RP_Plotter/Source/WindowFunctions" -O0 -ffunction-sections -fdata-sections -Wall -fstack-usage -fcyclomatic-complexity -MMD -MP -MF"Middlewares/Third_Party/ARM_CMSIS/Source/InterpolationFunctions/InterpolationFunctions.d" -MT"Middlewares/Third_Party/ARM_CMSIS/Source/InterpolationFunctions/InterpolationFunctions.o" --specs=nano.specs -mfpu=fpv4-sp-d16 -mfloat-abi=hard -mthumb -o "Middlewares/Third_Party/ARM_CMSIS/Source/InterpolationFunctions/InterpolationFunctions.o"
arm-none-eabi-gcc "../Middlewares/Third_Party/ARM_CMSIS/Source/InterpolationFunctions/InterpolationFunctionsF16.c" -mcpu=cortex-m4 -std=gnu11 -g3 -DDEBUG -DUSE_HAL_DRIVER -DSTM32G474xx -c -I../Core/Inc -I../Drivers/STM32G4xx_HAL_Driver/Inc -I../Drivers/STM32G4xx_HAL_Driver/Inc/Legacy -I../Drivers/CMSIS/Device/ST/STM32G4xx/Include -I../Drivers/CMSIS/Include -I../Middlewares/Third_Party/ARM_CMSIS/CMSIS/Core/Include/ -I../Middlewares/Third_Party/ARM_CMSIS/PrivateInclude/ -I../Middlewares/Third_Party/ARM_CMSIS/Include/ -I../Middlewares/Third_Party/ARM_CMSIS/Include -I"C:/Users/lasto/STM32CubeIDE/poter/RP-Plotter-G.9/Control/Studio_STM32_workspace/RP_Plotter/Source/BasicMathFunctions" -I"C:/Users/lasto/STM32CubeIDE/poter/RP-Plotter-G.9/Control/Studio_STM32_workspace/RP_Plotter/Source/BayesFunctions" -I"C:/Users/lasto/STM32CubeIDE/poter/RP-Plotter-G.9/Control/Studio_STM32_workspace/RP_Plotter/Source/CommonTables" -I"C:/Users/lasto/STM32CubeIDE/poter/RP-Plotter-G.9/Control/Studio_STM32_workspace/RP_Plotter/Source/ComplexMathFunctions" -I"C:/Users/lasto/STM32CubeIDE/poter/RP-Plotter-G.9/Control/Studio_STM32_workspace/RP_Plotter/Source/ControllerFunctions" -I"C:/Users/lasto/STM32CubeIDE/poter/RP-Plotter-G.9/Control/Studio_STM32_workspace/RP_Plotter/Source/DistanceFunctions" -I"C:/Users/lasto/STM32CubeIDE/poter/RP-Plotter-G.9/Control/Studio_STM32_workspace/RP_Plotter/Source/FastMathFunctions" -I"C:/Users/lasto/STM32CubeIDE/poter/RP-Plotter-G.9/Control/Studio_STM32_workspace/RP_Plotter/Source/FilteringFunctions" -I"C:/Users/lasto/STM32CubeIDE/poter/RP-Plotter-G.9/Control/Studio_STM32_workspace/RP_Plotter/Source/InterpolationFunctions" -I"C:/Users/lasto/STM32CubeIDE/poter/RP-Plotter-G.9/Control/Studio_STM32_workspace/RP_Plotter/Source/MatrixFunctions" -I"C:/Users/lasto/STM32CubeIDE/poter/RP-Plotter-G.9/Control/Studio_STM32_workspace/RP_Plotter/Source/QuaternionMathFunctions" -I"C:/Users/lasto/STM32CubeIDE/poter/RP-Plotter-G.9/Control/Studio_STM32_workspace/RP_Plotter/Source/StatisticsFunctions" -I"C:/Users/lasto/STM32CubeIDE/poter/RP-Plotter-G.9/Control/Studio_STM32_workspace/RP_Plotter/Source/SupportFunctions" -I"C:/Users/lasto/STM32CubeIDE/poter/RP-Plotter-G.9/Control/Studio_STM32_workspace/RP_Plotter/Source/SVMFunctions" -I"C:/Users/lasto/STM32CubeIDE/poter/RP-Plotter-G.9/Control/Studio_STM32_workspace/RP_Plotter/Source/TransformFunctions" -I"C:/Users/lasto/STM32CubeIDE/poter/RP-Plotter-G.9/Control/Studio_STM32_workspace/RP_Plotter/Source/WindowFunctions" -O0 -ffunction-sections -fdata-sections -Wall -fstack-usage -fcyclomatic-complexity -MMD -MP -MF"Middlewares/Third_Party/ARM_CMSIS/Source/InterpolationFunctions/InterpolationFunctionsF16.d" -MT"Middlewares/Third_Party/ARM_CMSIS/Source/InterpolationFunctions/InterpolationFunctionsF16.o" --specs=nano.specs -mfpu=fpv4-sp-d16 -mfloat-abi=hard -mthumb -o "Middlewares/Third_Party/ARM_CMSIS/Source/InterpolationFunctions/InterpolationFunctionsF16.o"
arm-none-eabi-gcc "../Middlewares/Third_Party/ARM_CMSIS/Source/FilteringFunctions/FilteringFunctions.c" -mcpu=cortex-m4 -std=gnu11 -g3 -DDEBUG -DUSE_HAL_DRIVER -DSTM32G474xx -c -I../Core/Inc -I../Drivers/STM32G4xx_HAL_Driver/Inc -I../Drivers/STM32G4xx_HAL_Driver/Inc/Legacy -I../Drivers/CMSIS/Device/ST/STM32G4xx/Include -I../Drivers/CMSIS/Include -I../Middlewares/Third_Party/ARM_CMSIS/CMSIS/Core/Include/ -I../Middlewares/Third_Party/ARM_CMSIS/PrivateInclude/ -I../Middlewares/Third_Party/ARM_CMSIS/Include/ -I../Middlewares/Third_Party/ARM_CMSIS/Include -I"C:/Users/lasto/STM32CubeIDE/poter/RP-Plotter-G.9/Control/Studio_STM32_workspace/RP_Plotter/Source/BasicMathFunctions" -I"C:/Users/lasto/STM32CubeIDE/poter/RP-Plotter-G.9/Control/Studio_STM32_workspace/RP_Plotter/Source/BayesFunctions" -I"C:/Users/lasto/STM32CubeIDE/poter/RP-Plotter-G.9/Control/Studio_STM32_workspace/RP_Plotter/Source/CommonTables" -I"C:/Users/lasto/STM32CubeIDE/poter/RP-Plotter-G.9/Control/Studio_STM32_workspace/RP_Plotter/Source/ComplexMathFunctions" -I"C:/Users/lasto/STM32CubeIDE/poter/RP-Plotter-G.9/Control/Studio_STM32_workspace/RP_Plotter/Source/ControllerFunctions" -I"C:/Users/lasto/STM32CubeIDE/poter/RP-Plotter-G.9/Control/Studio_STM32_workspace/RP_Plotter/Source/DistanceFunctions" -I"C:/Users/lasto/STM32CubeIDE/poter/RP-Plotter-G.9/Control/Studio_STM32_workspace/RP_Plotter/Source/FastMathFunctions" -I"C:/Users/lasto/STM32CubeIDE/poter/RP-Plotter-G.9/Control/Studio_STM32_workspace/RP_Plotter/Source/FilteringFunctions" -I"C:/Users/lasto/STM32CubeIDE/poter/RP-Plotter-G.9/Control/Studio_STM32_workspace/RP_Plotter/Source/InterpolationFunctions" -I"C:/Users/lasto/STM32CubeIDE/poter/RP-Plotter-G.9/Control/Studio_STM32_workspace/RP_Plotter/Source/MatrixFunctions" -I"C:/Users/lasto/STM32CubeIDE/poter/RP-Plotter-G.9/Control/Studio_STM32_workspace/RP_Plotter/Source/QuaternionMathFunctions" -I"C:/Users/lasto/STM32CubeIDE/poter/RP-Plotter-G.9/Control/Studio_STM32_workspace/RP_Plotter/Source/StatisticsFunctions" -I"C:/Users/lasto/STM32CubeIDE/poter/RP-Plotter-G.9/Control/Studio_STM32_workspace/RP_Plotter/Source/SupportFunctions" -I"C:/Users/lasto/STM32CubeIDE/poter/RP-Plotter-G.9/Control/Studio_STM32_workspace/RP_Plotter/Source/SVMFunctions" -I"C:/Users/lasto/STM32CubeIDE/poter/RP-Plotter-G.9/Control/Studio_STM32_workspace/RP_Plotter/Source/TransformFunctions" -I"C:/Users/lasto/STM32CubeIDE/poter/RP-Plotter-G.9/Control/Studio_STM32_workspace/RP_Plotter/Source/WindowFunctions" -O0 -ffunction-sections -fdata-sections -Wall -fstack-usage -fcyclomatic-complexity -MMD -MP -MF"Middlewares/Third_Party/ARM_CMSIS/Source/FilteringFunctions/FilteringFunctions.d" -MT"Middlewar
[...]
arm-none-eabi-gcc "../Core/Src/stm32g4xx_hal_msp.c" -mcpu=cortex-m4 -std=gnu11 -g3 -DDEBUG -DUSE_HAL_DRIVER -DSTM32G474xx -c -I../Core/Inc -I../Drivers/STM32G4xx_HAL_Driver/Inc -I../Drivers/STM32G4xx_HAL_Driver/Inc/Legacy -I../Drivers/CMSIS/Device/ST/STM32G4xx/Include -I../Drivers/CMSIS/Include -I../Middlewares/Third_Party/ARM_CMSIS/CMSIS/Core/Include/ -I../Middlewares/Third_Party/ARM_CMSIS/PrivateInclude/ -I../Middlewares/Third_Party/ARM_CMSIS/Include/ -I../Middlewares/Third_Party/ARM_CMSIS/Include -I"C:/Users/lasto/STM32CubeIDE/poter/RP-Plotter-G.9/Control/Studio_STM32_workspace/RP_Plotter/Source/BasicMathFunctions" -I"C:/Users/lasto/STM32CubeIDE/poter/RP-Plotter-G.9/Control/Studio_STM32_workspace/RP_Plotter/Source/BayesFunctions" -I"C:/Users/lasto/STM32CubeIDE/poter/RP-Plotter-G.9/Control/Studio_STM32_workspace/RP_Plotter/Source/CommonTables" -I"C:/Users/lasto/STM32CubeIDE/poter/RP-Plotter-G.9/Control/Studio_STM32_workspace/RP_Plotter/Source/ComplexMathFunctions" -I"C:/Users/lasto/STM32CubeIDE/poter/RP-Plotter-G.9/Control/Studio_STM32_workspace/RP_Plotter/Source/ControllerFunctions" -I"C:/Users/lasto/STM32CubeIDE/poter/RP-Plotter-G.9/Control/Studio_STM32_workspace/RP_Plotter/Source/DistanceFunctions" -I"C:/Users/lasto/STM32CubeIDE/poter/RP-Plotter-G.9/Control/Studio_STM32_workspace/RP_Plotter/Source/FastMathFunctions" -I"C:/Users/lasto/STM32CubeIDE/poter/RP-Plotter-G.9/Control/Studio_STM32_workspace/RP_Plotter/Source/FilteringFunctions" -I"C:/Users/lasto/STM32CubeIDE/poter/RP-Plotter-G.9/Control/Studio_STM32_workspace/RP_Plotter/Source/InterpolationFunctions" -I"C:/Users/lasto/STM32CubeIDE/poter/RP-Plotter-G.9/Control/Studio_STM32_workspace/RP_Plotter/Source/MatrixFunctions" -I"C:/Users/lasto/STM32CubeIDE/poter/RP-Plotter-G.9/Control/Studio_STM32_workspace/RP_Plotter/Source/QuaternionMathFunctions" -I"C:/Users/lasto/STM32CubeIDE/poter/RP-Plotter-G.9/Control/Studio_STM32_workspace/RP_Plotter/Source/StatisticsFunctions" -I"C:/Users/lasto/STM32CubeIDE/poter/RP-Plotter-G.9/Control/Studio_STM32_workspace/RP_Plotter/Source/SupportFunctions" -I"C:/Users/lasto/STM32CubeIDE/poter/RP-Plotter-G.9/Control/Studio_STM32_workspace/RP_Plotter/Source/SVMFunctions" -I"C:/Users/lasto/STM32CubeIDE/poter/RP-Plotter-G.9/Control/Studio_STM32_workspace/RP_Plotter/Source/TransformFunctions" -I"C:/Users/lasto/STM32CubeIDE/poter/RP-Plotter-G.9/Control/Studio_STM32_workspace/RP_Plotter/Source/WindowFunctions" -O0 -ffunction-sections -fdata-sections -Wall -fstack-usage -fcyclomatic-complexity -MMD -MP -MF"Core/Src/stm32g4xx_hal_msp.d" -MT"Core/Src/stm32g4xx_hal_msp.o" --specs=nano.specs -mfpu=fpv4-sp-d16 -mfloat-abi=hard -mthumb -o "Core/Src/stm32g4xx_hal_msp.o"
arm-none-eabi-gcc "../Core/Src/stm32g4xx_it.c" -mcpu=cortex-m4 -std=gnu11 -g3 -DDEBUG -DUSE_HAL_DRIVER -DSTM32G474xx -c -I../Core/Inc -I../Drivers/STM32G4xx_HAL_Driver/Inc -I../Drivers/STM32G4xx_HAL_Driver/Inc/Legacy -I../Drivers/CMSIS/Device/ST/STM32G4xx/Include -I../Drivers/CMSIS/Include -I../Middlewares/Third_Party/ARM_CMSIS/CMSIS/Core/Include/ -I../Middlewares/Third_Party/ARM_CMSIS/PrivateInclude/ -I../Middlewares/Third_Party/ARM_CMSIS/Include/ -I../Middlewares/Third_Party/ARM_CMSIS/Include -I"C:/Users/lasto/STM32CubeIDE/poter/RP-Plotter-G.9/Control/Studio_STM32_workspace/RP_Plotter/Source/BasicMathFunctions" -I"C:/Users/lasto/STM32CubeIDE/poter/RP-Plotter-G.9/Control/Studio_STM32_workspace/RP_Plotter/Source/BayesFunctions" -I"C:/Users/lasto/STM32CubeIDE/poter/RP-Plotter-G.9/Control/Studio_STM32_workspace/RP_Plotter/Source/CommonTables" -I"C:/Users/lasto/STM32CubeIDE/poter/RP-Plotter-G.9/Control/Studio_STM32_workspace/RP_Plotter/Source/ComplexMathFunctions" -I"C:/Users/lasto/STM32CubeIDE/poter/RP-Plotter-G.9/Control/Studio_STM32_workspace/RP_Plotter/Source/ControllerFunctions" -I"C:/Users/lasto/STM32CubeIDE/poter/RP-Plotter-G.9/Control/Studio_STM32_workspace/RP_Plotter/Source/DistanceFunctions" -I"C:/Users/lasto/STM32CubeIDE/poter/RP-Plotter-G.9/Control/Studio_STM32_workspace/RP_Plotter/Source/FastMathFunctions" -I"C:/Users/lasto/STM32CubeIDE/poter/RP-Plotter-G.9/Control/Studio_STM32_workspace/RP_Plotter/Source/FilteringFunctions" -I"C:/Users/lasto/STM32CubeIDE/poter/RP-Plotter-G.9/Control/Studio_STM32_workspace/RP_Plotter/Source/InterpolationFunctions" -I"C:/Users/lasto/STM32CubeIDE/poter/RP-Plotter-G.9/Control/Studio_STM32_workspace/RP_Plotter/Source/MatrixFunctions" -I"C:/Users/lasto/STM32CubeIDE/poter/RP-Plotter-G.9/Control/Studio_STM32_workspace/RP_Plotter/Source/QuaternionMathFunctions" -I"C:/Users/lasto/STM32CubeIDE/poter/RP-Plotter-G.9/Control/Studio_STM32_workspace/RP_Plotter/Source/StatisticsFunctions" -I"C:/Users/lasto/STM32CubeIDE/poter/RP-Plotter-G.9/Control/Studio_STM32_workspace/RP_Plotter/Source/SupportFunctions" -I"C:/Users/lasto/STM32CubeIDE/poter/RP-Plotter-G.9/Control/Studio_STM32_workspace/RP_Plotter/Source/SVMFunctions" -I"C:/Users/lasto/STM32CubeIDE/poter/RP-Plotter-G.9/Control/Studio_STM32_workspace/RP_Plotter/Source/TransformFunctions" -I"C:/Users/lasto/STM32CubeIDE/poter/RP-Plotter-G.9/Control/Studio_STM32_workspace/RP_Plotter/Source/WindowFunctions" -O0 -ffunction-sections -fdata-sections -Wall -fstack-usage -fcyclomatic-complexity -MMD -MP -MF"Core/Src/stm32g4xx_it.d" -MT"Core/Src/stm32g4xx_it.o" --specs=nano.specs -mfpu=fpv4-sp-d16 -mfloat-abi=hard -mthumb -o "Core/Src/stm32g4xx_it.o"
arm-none-eabi-gcc "../Core/Src/syscalls.c" -mcpu=cortex-m4 -std=gnu11 -g3 -DDEBUG -DUSE_HAL_DRIVER -DSTM32G474xx -c -I../Core/Inc -I../Drivers/STM32G4xx_HAL_Driver/Inc -I../Drivers/STM32G4xx_HAL_Driver/Inc/Legacy -I../Drivers/CMSIS/Device/ST/STM32G4xx/Include -I../Drivers/CMSIS/Include -I../Middlewares/Third_Party/ARM_CMSIS/CMSIS/Core/Include/ -I../Middlewares/Third_Party/ARM_CMSIS/PrivateInclude/ -I../Middlewares/Third_Party/ARM_CMSIS/Include/ -I../Middlewares/Third_Party/ARM_CMSIS/Include -I"C:/Users/lasto/STM32CubeIDE/poter/RP-Plotter-G.9/Control/Studio_STM32_workspace/RP_Plotter/Source/BasicMathFunctions" -I"C:/Users/lasto/STM32CubeIDE/poter/RP-Plotter-G.9/Control/Studio_STM32_workspace/RP_Plotter/Source/BayesFunctions" -I"C:/Users/lasto/STM32CubeIDE/poter/RP-Plotter-G.9/Control/Studio_STM32_workspace/RP_Plotter/Source/CommonTables" -I"C:/Users/lasto/STM32CubeIDE/poter/RP-Plotter-G.9/Control/Studio_STM32_workspace/RP_Plotter/Source/ComplexMathFunctions" -I"C:/Users/lasto/STM32CubeIDE/poter/RP-Plotter-G.9/Control/Studio_STM32_workspace/RP_Plotter/Source/ControllerFunctions" -I"C:/Users/lasto/STM32CubeIDE/poter/RP-Plotter-G.9/Control/Studio_STM32_workspace/RP_Plotter/Source/DistanceFunctions" -I"C:/Users/lasto/STM32CubeIDE/poter/RP-Plotter-G.9/Control/Studio_STM32_workspace/RP_Plotter/Source/FastMathFunctions" -I"C:/Users/lasto/STM32CubeIDE/poter/RP-Plotter-G.9/Control/Studio_STM32_workspace/RP_Plotter/Source/FilteringFunctions" -I"C:/Users/lasto/STM32CubeIDE/poter/RP-Plotter-G.9/Control/Studio_STM32_workspace/RP_Plotter/Source/InterpolationFunctions" -I"C:/Users/lasto/STM32CubeIDE/poter/RP-Plotter-G.9/Control/Studio_STM32_workspace/RP_Plotter/Source/MatrixFunctions" -I"C:/Users/lasto/STM32CubeIDE/poter/RP-Plotter-G.9/Control/Studio_STM32_workspace/RP_Plotter/Source/QuaternionMathFunctions" -I"C:/Users/lasto/STM32CubeIDE/poter/RP-Plotter-G.9/Control/Studio_STM32_workspace/RP_Plotter/Source/StatisticsFunctions" -I"C:/Users/lasto/STM32CubeIDE/poter/RP-Plotter-G.9/Control/Studio_STM32_workspace/RP_Plotter/Source/SupportFunctions" -I"C:/Users/lasto/STM32CubeIDE/poter/RP-Plotter-G.9/Control/Studio_STM32_workspace/RP_Plotter/Source/SVMFunctions" -I"C:/Users/lasto/STM32CubeIDE/poter/RP-Plotter-G.9/Control/Studio_STM32_workspace/RP_Plotter/Source/TransformFunctions" -I"C:/Users/lasto/STM32CubeIDE/poter/RP-Plotter-G.9/Control/Studio_STM32_workspace/RP_Plotter/Source/WindowFunctions" -O0 -ffunction-sections -fdata-sections -Wall -fstack-usage -fcyclomatic-complexity -MMD -MP -MF"Core/Src/syscalls.d" -MT"Core/Src/syscalls.o" --specs=nano.specs -mfpu=fpv4-sp-d16 -mfloat-abi=hard -mthumb -o "Core/Src/syscalls.o"
arm-none-eabi-gcc "../Core/Src/sysmem.c" -mcpu=cortex-m4 -std=gnu11 -g3 -DDEBUG -DUSE_HAL_DRIVER -DSTM32G474xx -c -I../Core/Inc -I../Drivers/STM32G4xx_HAL_Driver/Inc -I../Drivers/STM32G4xx_HAL_Driver/Inc/Legacy -I../Drivers/CMSIS/Device/ST/STM32G4xx/Include -I../Drivers/CMSIS/Include -I../Middlewares/Third_Party/ARM_CMSIS/CMSIS/Core/Include/ -I../Middlewares/Third_Party/ARM_CMSIS/PrivateInclude/ -I../Middlewares/Third_Party/ARM_CMSIS/Include/ -I../Middlewares/Third_Party/ARM_CMSIS/Include -I"C:/Users/lasto/STM32CubeIDE/poter/RP-Plotter-G.9/Control/Studio_STM32_workspace/RP_Plotter/Source/BasicMathFunctions" -I"C:/Users/lasto/STM32CubeIDE/poter/RP-Plotter-G.9/Control/Studio_STM32_workspace/RP_Plotter/Source/BayesFunctions" -I"C:/Users/lasto/STM32CubeIDE/poter/RP-Plotter-G.9/Control/Studio_STM32_workspace/RP_Plotter/Source/CommonTables" -I"C:/Users/lasto/STM32CubeIDE/poter/RP-Plotter-G.9/Control/Studio_STM32_workspace/RP_Plotter/Source/ComplexMathFunctions" -I"C:/Users/lasto/STM32CubeIDE/poter/RP-Plotter-G.9/Control/Studio_STM32_workspace/RP_Plotter/Source/ControllerFunctions" -I"C:/Users/lasto/STM32CubeIDE/poter/RP-Plotter-G.9/Control/Studio_STM32_workspace/RP_Plotter/Source/DistanceFunctions" -I"C:/Users/lasto/STM32CubeIDE/poter/RP-Plotter-G.9/Control/Studio_STM32_workspace/RP_Plotter/Source/FastMathFunctions" -I"C:/Users/lasto/STM32CubeIDE/poter/RP-Plotter-G.9/Control/Studio_STM32_workspace/RP_Plotter/Source/FilteringFunctions" -I"C:/Users/lasto/STM32CubeIDE/poter/RP-Plotter-G.9/Control/Studio_STM32_workspace/RP_Plotter/Source/InterpolationFunctions" -I"C:/Users/lasto/STM32CubeIDE/poter/RP-Plotter-G.9/Control/Studio_STM32_workspace/RP_Plotter/Source/MatrixFunctions" -I"C:/Users/lasto/STM32CubeIDE/poter/RP-Plotter-G.9/Control/Studio_STM32_workspace/RP_Plotter/Source/QuaternionMathFunctions" -I"C:/Users/lasto/STM32CubeIDE/poter/RP-Plotter-G.9/Control/Studio_STM32_workspace/RP_Plotter/Source/StatisticsFunctions" -I"C:/Users/lasto/STM32CubeIDE/poter/RP-Plotter-G.9/Control/Studio_STM32_workspace/RP_Plotter/Source/SupportFunctions" -I"C:/Users/lasto/STM32CubeIDE/poter/RP-Plotter-G.9/Control/Studio_STM32_workspace/RP_Plotter/Source/SVMFunctions" -I"C:/Users/lasto/STM32CubeIDE/poter/RP-Plotter-G.9/Control/Studio_STM32_workspace/RP_Plotter/Source/TransformFunctions" -I"C:/Users/lasto/STM32CubeIDE/poter/RP-Plotter-G.9/Control/Studio_STM32_workspace/RP_Plotter/Source/WindowFunctions" -O0 -ffunction-sections -fdata-sections -Wall -fstack-usage -fcyclomatic-complexity -MMD -MP -MF"Core/Src/sysmem.d" -MT"Core/Src/sysmem.o" --specs=nano.specs -mfpu=fpv4-sp-d16 -mfloat-abi=hard -mthumb -o "Core/Src/sysmem.o"
arm-none-eabi-gcc "../Core/Src/system_stm32g4xx.c" -mcpu=cortex-m4 -std=gnu11 -g3 -DDEBUG -DUSE_HAL_DRIVER -DSTM32G474xx -c -I../Core/Inc -I../Drivers/STM32G4xx_HAL_Driver/Inc -I../Drivers/STM32G4xx_HAL_Driver/Inc/Legacy -I../Drivers/CMSIS/Device/ST/STM32G4xx/Include -I../Drivers/CMSIS/Include -I../Middlewares/Third_Party/ARM_CMSIS/CMSIS/Core/Include/ -I../Middlewares/Third_Party/ARM_CMSIS/PrivateInclude/ -I../Middlewares/Third_Party/ARM_CMSIS/Include/ -I../Middlewares/Third_Party/ARM_CMSIS/Include -I"C:/Users/lasto/STM32CubeIDE/poter/RP-Plotter-G.9/Control/Studio_STM32_workspace/RP_Plotter/Source/BasicMathFunctions" -I"C:/Users/lasto/STM32CubeIDE/poter/RP-Plotter-G.9/Control/Studio_STM32_workspace/RP_Plotter/Source/BayesFunctions" -I"C:/Users/lasto/STM32CubeIDE/poter/RP-Plotter-G.9/Control/Studio_STM32_workspace/RP_Plotter/Source/CommonTables" -I"C:/Users/lasto/STM32CubeIDE/poter/RP-Plotter-G.9/Control/Studio_STM32_workspace/RP_Plotter/Source/ComplexMathFunctions" -I"C:/Users/lasto/STM32CubeIDE/poter/RP-Plotter-G.9/Control/Studio_STM32_workspace/RP_Plotter/Source/ControllerFunctions" -I"C:/Users/lasto/STM32CubeIDE/poter/RP-Plotter-G.9/Control/Studio_STM32_workspace/RP_Plotter/Source/DistanceFunctions" -I"C:/Users/lasto/STM32CubeIDE/poter/RP-Plotter-G.9/Control/Studio_STM32_workspace/RP_Plotter/Source/FastMathFunctions" -I"C:/Users/lasto/STM32CubeIDE/poter/RP-Plotter-G.9/Control/Studio_STM32_workspace/RP_Plotter/Source/FilteringFunctions" -I"C:/Users/lasto/STM32CubeIDE/poter/RP-Plotter-G.9/Control/Studio_STM32_workspace/RP_Plotter/Source/InterpolationFunctions" -I"C:/Users/lasto/STM32CubeIDE/poter/RP-Plotter-G.9/Control/Studio_STM32_workspace/RP_Plotter/Source/MatrixFunctions" -I"C:/Users/lasto/STM32CubeIDE/poter/RP-Plotter-G.9/Control/Studio_STM32_workspace/RP_Plotter/Source/QuaternionMathFunctions" -I"C:/Users/lasto/STM32CubeIDE/poter/RP-Plotter-G.9/Control/Studio_STM32_workspace/RP_Plotter/Source/StatisticsFunctions" -I"C:/Users/lasto/STM32CubeIDE/poter/RP-Plotter-G.9/Control/Studio_STM32_workspace/RP_Plotter/Source/SupportFunctions" -I"C:/Users/lasto/STM32CubeIDE/poter/RP-Plotter-G.9/Control/Studio_STM32_workspace/RP_Plotter/Source/SVMFunctions" -I"C:/Users/lasto/STM32CubeIDE/poter/RP-Plotter-G.9/Control/Studio_STM32_workspace/RP_Plotter/Source/TransformFunctions" -I"C:/Users/lasto/STM32CubeIDE/poter/RP-Plotter-G.9/Control/Studio_STM32_workspace/RP_Plotter/Source/WindowFunctions" -O0 -ffunction-sections -fdata-sections -Wall -fstack-usage -fcyclomatic-complexity -MMD -MP -MF"Core/Src/system_stm32g4xx.d" -MT"Core/Src/system_stm32g4xx.o" --specs=nano.specs -mfpu=fpv4-sp-d16 -mfloat-abi=hard -mthumb -o "Core/Src/system_stm32g4xx.o"
../Core/Src/main.c: In function 'main':
../Core/Src/main.c:293:9: warning: implicit declaration of function 'DWT_Init' [-Wimplicit-function-declaration]
  293 |         DWT_Init();
      |         ^~~~~~~~
../Core/Src/main.c:312:9: warning: statement with no effect [-Wunused-value]
  312 |         ResetAllTargets;
      |         ^~~~~~~~~~~~~~~
../Core/Src/main.c: At top level:
../Core/Src/main.c:1542:6: warning: conflicting types for 'DWT_Init'; have 'void(void)'
 1542 | void DWT_Init(void) {
      |      ^~~~~~~~
../Core/Src/main.c:293:9: note: previous implicit declaration of 'DWT_Init' with type 'void(void)'
  293 |         DWT_Init();
      |         ^~~~~~~~
arm-none-eabi-gcc -o "RP_Plotter.elf" @"objects.list"   -mcpu=cortex-m4 -T"C:\Users\lasto\STM32CubeIDE\poter\RP-Plotter-G.9\Control\Studio_STM32_workspace\RP_Plotter\STM32G474RETX_FLASH.ld" --specs=nosys.specs -Wl,-Map="RP_Plotter.map" -Wl,--gc-sections -static --specs=nano.specs -mfpu=fpv4-sp-d16 -mfloat-abi=hard -mthumb -Wl,--start-group -lc -lm -Wl,--end-group
Finished building target: RP_Plotter.elf
 
arm-none-eabi-size  RP_Plotter.elf 
arm-none-eabi-objdump -h -S RP_Plotter.elf  > "RP_Plotter.list"
   text	   data	    bss	    dec	    hex	filename
  49352	    524	   5696	  55572	   d914	RP_Plotter.elf
Finished building: default.size.stdout
 
Finished building: RP_Plotter.list
 
14:45:18 **** Incremental Build of configuration Debug for project RP_Plotter ****
make -j8 all 
arm-none-eabi-gcc "../Core/Src/ModBusRTU.c" -mcpu=cortex-m4 -std=gnu11 -g3 -DDEBUG -DUSE_HAL_DRIVER -DSTM32G474xx -c -I../Core/Inc -I../Drivers/STM32G4xx_HAL_Driver/Inc -I../Drivers/STM32G4xx_HAL_Driver/Inc/Legacy -I../Drivers/CMSIS/Device/ST/STM32G4xx/Include -I../Drivers/CMSIS/Include -I../Middlewares/Third_Party/ARM_CMSIS/CMSIS/Core/Include/ -I../Middlewares/Third_Party/ARM_CMSIS/PrivateInclude/ -I../Middlewares/Third_Party/ARM_CMSIS/Include/ -I../Middlewares/Third_Party/ARM_CMSIS/Include -I"C:/Users/lasto/STM32CubeIDE/poter/RP-Plotter-G.9/Control/Studio_STM32_workspace/RP_Plotter/Source/BasicMathFunctions" -I"C:/Users/lasto/STM32CubeIDE/poter/RP-Plotter-G.9/Control/Studio_STM32_workspace/RP_Plotter/Source/BayesFunctions" -I"C:/Users/lasto/STM32CubeIDE/poter/RP-Plotter-G.9/Control/Studio_STM32_workspace/RP_Plotter/Source/CommonTables" -I"C:/Users/lasto/STM32CubeIDE/poter/RP-Plotter-G.9/Control/Studio_STM32_workspace/RP_Plotter/Source/ComplexMathFunctions" -I"C:/Users/lasto/STM32CubeIDE/poter/RP-Plotter-G.9/Control/Studio_STM32_workspace/RP_Plotter/Source/ControllerFunctions" -I"C:/Users/lasto/STM32CubeIDE/poter/RP-Plotter-G.9/Control/Studio_STM32_workspace/RP_Plotter/Source/DistanceFunctions" -I"C:/Users/lasto/STM32CubeIDE/poter/RP-Plotter-G.9/Control/Studio_STM32_workspace/RP_Plotter/Source/FastMathFunctions" -I"C:/Users/lasto/STM32CubeIDE/poter/RP-Plotter-G.9/Control/Studio_STM32_workspace/RP_Plotter/Source/FilteringFunctions" -I"C:/Users/lasto/STM32CubeIDE/poter/RP-Plotter-G.9/Control/Studio_STM32_workspace/RP_Plotter/Source/InterpolationFunctions" -I"C:/Users/lasto/STM32CubeIDE/poter/RP-Plotter-G.9/Control/Studio_STM32_workspace/RP_Plotter/Source/MatrixFunctions" -I"C:/Users/lasto/STM32CubeIDE/poter/RP-Plotter-G.9/Control/Studio_STM32_workspace/RP_Plotter/Source/QuaternionMathFunctions" -I"C:/Users/lasto/STM32CubeIDE/poter/RP-Plotter-G.9/Control/Studio_STM32_workspace/RP_Plotter/Source/StatisticsFunctions" -I"C:/Users/lasto/STM32CubeIDE/poter/RP-Plotter-G.9/Control/Studio_STM32_workspace/RP_Plotter/Source/SupportFunctions" -I"C:/Users/lasto/STM32CubeIDE/poter/RP-Plotter-G.9/Control/Studio_STM32_workspace/RP_Plotter/Source/SVMFunctions" -I"C:/Users/lasto/STM32CubeIDE/poter/RP-Plotter-G.9/Control/Studio_STM32_workspace/RP_Plotter/Source/TransformFunctions" -I"C:/Users/lasto/STM32CubeIDE/poter/RP-Plotter-G.9/Control/Studio_STM32_workspace/RP_Plotter/Source/WindowFunctions" -O0 -ffunction-sections -fdata-sections -Wall -fstack-usage -fcyclomatic-complexity -MMD -MP -MF"Core/Src/ModBusRTU.d" -MT"Core/Src/ModBusRTU.o" --specs=nano.specs -mfpu=fpv4-sp-d16 -mfloat-abi=hard -mthumb -o "Core/Src/ModBusRTU.o"
arm-none-eabi-gcc -o "RP_Plotter.elf" @"objects.list"   -mcpu=cortex-m4 -T"C:\Users\lasto\STM32CubeIDE\poter\RP-Plotter-G.9\Control\Studio_STM32_workspace\RP_Plotter\STM32G474RETX_FLASH.ld" --specs=nosys.specs -Wl,-Map="RP_Plotter.map" -Wl,--gc-sections -static --specs=nano.specs -mfpu=fpv4-sp-d16 -mfloat-abi=hard -mthumb -Wl,--start-group -lc -lm -Wl,--end-group
Finished building target: RP_Plotter.elf
 
arm-none-eabi-size  RP_Plotter.elf 
arm-none-eabi-objdump -h -S RP_Plotter.elf  > "RP_Plotter.list"
   text	   data	    bss	    dec	    hex	filename
  49352	    524	   5696	  55572	   d914	RP_Plotter.elf
Finished building: default.size.stdout
 
Finished building: RP_Plotter.list
 
